###############################################################################
#
# IAR ELF Linker V7.30.1.7746/W32 for ARM                 10/Feb/2016  16:24:46
# Copyright 2007-2014 IAR Systems AB.
#
#    Output file  =  
#        C:\OneDrive\CODE\MICO\SDK_MiCOKit_v2.4.0.0\Build\Cloud_RGB_Humiture\MiCOKit-3165\COM.MXCHIP.SPP.out
#    Map file     =  
#        C:\OneDrive\CODE\MICO\SDK_MiCOKit_v2.4.0.0\Build\Cloud_RGB_Humiture\MiCOKit-3165\list_EWARM\COM.MXCHIP.SPP.map
#    Command line =  
#        C:\OneDrive\CODE\MICO\SDK_MiCOKit_v2.4.0.0\Build\Cloud_RGB_Humiture\MiCOKit-3165\obj_EWARM\arraylist.o
#        C:\OneDrive\CODE\MICO\SDK_MiCOKit_v2.4.0.0\Build\Cloud_RGB_Humiture\MiCOKit-3165\obj_EWARM\AsciiLib.o
#        C:\OneDrive\CODE\MICO\SDK_MiCOKit_v2.4.0.0\Build\Cloud_RGB_Humiture\MiCOKit-3165\obj_EWARM\bme280.o
#        C:\OneDrive\CODE\MICO\SDK_MiCOKit_v2.4.0.0\Build\Cloud_RGB_Humiture\MiCOKit-3165\obj_EWARM\bme280_user.o
#        C:\OneDrive\CODE\MICO\SDK_MiCOKit_v2.4.0.0\Build\Cloud_RGB_Humiture\MiCOKit-3165\obj_EWARM\button.o
#        C:\OneDrive\CODE\MICO\SDK_MiCOKit_v2.4.0.0\Build\Cloud_RGB_Humiture\MiCOKit-3165\obj_EWARM\camera.o
#        C:\OneDrive\CODE\MICO\SDK_MiCOKit_v2.4.0.0\Build\Cloud_RGB_Humiture\MiCOKit-3165\obj_EWARM\CheckSumUtils.o
#        C:\OneDrive\CODE\MICO\SDK_MiCOKit_v2.4.0.0\Build\Cloud_RGB_Humiture\MiCOKit-3165\obj_EWARM\config_server.o
#        C:\OneDrive\CODE\MICO\SDK_MiCOKit_v2.4.0.0\Build\Cloud_RGB_Humiture\MiCOKit-3165\obj_EWARM\config_server_menu.o
#        C:\OneDrive\CODE\MICO\SDK_MiCOKit_v2.4.0.0\Build\Cloud_RGB_Humiture\MiCOKit-3165\obj_EWARM\crt0_EWARM.o
#        C:\OneDrive\CODE\MICO\SDK_MiCOKit_v2.4.0.0\Build\Cloud_RGB_Humiture\MiCOKit-3165\obj_EWARM\dc_motor.o
#        C:\OneDrive\CODE\MICO\SDK_MiCOKit_v2.4.0.0\Build\Cloud_RGB_Humiture\MiCOKit-3165\obj_EWARM\debug.o
#        C:\OneDrive\CODE\MICO\SDK_MiCOKit_v2.4.0.0\Build\Cloud_RGB_Humiture\MiCOKit-3165\obj_EWARM\DHT11.o
#        C:\OneDrive\CODE\MICO\SDK_MiCOKit_v2.4.0.0\Build\Cloud_RGB_Humiture\MiCOKit-3165\obj_EWARM\fogCloud.o
#        C:\OneDrive\CODE\MICO\SDK_MiCOKit_v2.4.0.0\libraries\protocols\fog_cloud\FogCloud_cm4_release.a
#        C:\OneDrive\CODE\MICO\SDK_MiCOKit_v2.4.0.0\Build\Cloud_RGB_Humiture\MiCOKit-3165\obj_EWARM\hardfault.o
#        C:\OneDrive\CODE\MICO\SDK_MiCOKit_v2.4.0.0\Build\Cloud_RGB_Humiture\MiCOKit-3165\obj_EWARM\hsb2rgb_led.o
#        C:\OneDrive\CODE\MICO\SDK_MiCOKit_v2.4.0.0\Build\Cloud_RGB_Humiture\MiCOKit-3165\obj_EWARM\HTTPUtils.o
#        C:\OneDrive\CODE\MICO\SDK_MiCOKit_v2.4.0.0\Build\Cloud_RGB_Humiture\MiCOKit-3165\obj_EWARM\infrared_reflective.o
#        C:\OneDrive\CODE\MICO\SDK_MiCOKit_v2.4.0.0\Build\Cloud_RGB_Humiture\MiCOKit-3165\obj_EWARM\json_object.o
#        C:\OneDrive\CODE\MICO\SDK_MiCOKit_v2.4.0.0\Build\Cloud_RGB_Humiture\MiCOKit-3165\obj_EWARM\json_tokener.o
#        C:\OneDrive\CODE\MICO\SDK_MiCOKit_v2.4.0.0\Build\Cloud_RGB_Humiture\MiCOKit-3165\obj_EWARM\json_util.o
#        C:\OneDrive\CODE\MICO\SDK_MiCOKit_v2.4.0.0\Build\Cloud_RGB_Humiture\MiCOKit-3165\obj_EWARM\light_sensor.o
#        C:\OneDrive\CODE\MICO\SDK_MiCOKit_v2.4.0.0\Build\Cloud_RGB_Humiture\MiCOKit-3165\obj_EWARM\linkhash.o
#        C:\OneDrive\CODE\MICO\SDK_MiCOKit_v2.4.0.0\Build\Cloud_RGB_Humiture\MiCOKit-3165\obj_EWARM\mico_cli.o
#        C:\OneDrive\CODE\MICO\SDK_MiCOKit_v2.4.0.0\Build\Cloud_RGB_Humiture\MiCOKit-3165\obj_EWARM\mico_config.o
#        C:\OneDrive\CODE\MICO\SDK_MiCOKit_v2.4.0.0\Build\Cloud_RGB_Humiture\MiCOKit-3165\obj_EWARM\mico_mdns.o
#        C:\OneDrive\CODE\MICO\SDK_MiCOKit_v2.4.0.0\Build\Cloud_RGB_Humiture\MiCOKit-3165\obj_EWARM\mico_platform_common.o
#        C:\OneDrive\CODE\MICO\SDK_MiCOKit_v2.4.0.0\Build\Cloud_RGB_Humiture\MiCOKit-3165\obj_EWARM\mico_system_init.o
#        C:\OneDrive\CODE\MICO\SDK_MiCOKit_v2.4.0.0\Build\Cloud_RGB_Humiture\MiCOKit-3165\obj_EWARM\mico_system_monitor.o
#        C:\OneDrive\CODE\MICO\SDK_MiCOKit_v2.4.0.0\Build\Cloud_RGB_Humiture\MiCOKit-3165\obj_EWARM\mico_system_notification.o
#        C:\OneDrive\CODE\MICO\SDK_MiCOKit_v2.4.0.0\Build\Cloud_RGB_Humiture\MiCOKit-3165\obj_EWARM\mico_system_para_storage.o
#        C:\OneDrive\CODE\MICO\SDK_MiCOKit_v2.4.0.0\Build\Cloud_RGB_Humiture\MiCOKit-3165\obj_EWARM\mico_system_power_daemon.o
#        C:\OneDrive\CODE\MICO\SDK_MiCOKit_v2.4.0.0\Build\Cloud_RGB_Humiture\MiCOKit-3165\obj_EWARM\MICOAppEntrance.o
#        C:\OneDrive\CODE\MICO\SDK_MiCOKit_v2.4.0.0\Build\Cloud_RGB_Humiture\MiCOKit-3165\obj_EWARM\MICOBonjour.o
#        C:\OneDrive\CODE\MICO\SDK_MiCOKit_v2.4.0.0\Build\Cloud_RGB_Humiture\MiCOKit-3165\obj_EWARM\MICOConfigDelegate.o
#        C:\OneDrive\CODE\MICO\SDK_MiCOKit_v2.4.0.0\Platform\Drivers\MicoDriverMFiAuth\MicoDriverMFiAuth.a
#        C:\OneDrive\CODE\MICO\SDK_MiCOKit_v2.4.0.0\Build\Cloud_RGB_Humiture\MiCOKit-3165\obj_EWARM\MicoFogCloud.o
#        C:\OneDrive\CODE\MICO\SDK_MiCOKit_v2.4.0.0\Build\Cloud_RGB_Humiture\MiCOKit-3165\obj_EWARM\MicoFogCloudConfigServer.o
#        C:\OneDrive\CODE\MICO\SDK_MiCOKit_v2.4.0.0\Build\Cloud_RGB_Humiture\MiCOKit-3165\obj_EWARM\micokit_ext.o
#        C:\OneDrive\CODE\MICO\SDK_MiCOKit_v2.4.0.0\Build\Cloud_RGB_Humiture\MiCOKit-3165\obj_EWARM\micokit_ext_mfg.o
#        C:\OneDrive\CODE\MICO\SDK_MiCOKit_v2.4.0.0\Build\Cloud_RGB_Humiture\MiCOKit-3165\obj_EWARM\misc.o
#        C:\OneDrive\CODE\MICO\SDK_MiCOKit_v2.4.0.0\MICO\core\mxchipWNet_cm4f_sdio.a
#        C:\OneDrive\CODE\MICO\SDK_MiCOKit_v2.4.0.0\Build\Cloud_RGB_Humiture\MiCOKit-3165\obj_EWARM\oled.o
#        C:\OneDrive\CODE\MICO\SDK_MiCOKit_v2.4.0.0\Build\Cloud_RGB_Humiture\MiCOKit-3165\obj_EWARM\paltform_rtc.o
#        C:\OneDrive\CODE\MICO\SDK_MiCOKit_v2.4.0.0\Build\Cloud_RGB_Humiture\MiCOKit-3165\obj_EWARM\platform.o
#        C:\OneDrive\CODE\MICO\SDK_MiCOKit_v2.4.0.0\Build\Cloud_RGB_Humiture\MiCOKit-3165\obj_EWARM\platform_adc.o
#        C:\OneDrive\CODE\MICO\SDK_MiCOKit_v2.4.0.0\Build\Cloud_RGB_Humiture\MiCOKit-3165\obj_EWARM\platform_flash.o
#        C:\OneDrive\CODE\MICO\SDK_MiCOKit_v2.4.0.0\Build\Cloud_RGB_Humiture\MiCOKit-3165\obj_EWARM\platform_gpio.o
#        C:\OneDrive\CODE\MICO\SDK_MiCOKit_v2.4.0.0\Build\Cloud_RGB_Humiture\MiCOKit-3165\obj_EWARM\platform_i2c.o
#        C:\OneDrive\CODE\MICO\SDK_MiCOKit_v2.4.0.0\Build\Cloud_RGB_Humiture\MiCOKit-3165\obj_EWARM\platform_init.o
#        C:\OneDrive\CODE\MICO\SDK_MiCOKit_v2.4.0.0\Build\Cloud_RGB_Humiture\MiCOKit-3165\obj_EWARM\platform_mcu_powersave.o
#        C:\OneDrive\CODE\MICO\SDK_MiCOKit_v2.4.0.0\Build\Cloud_RGB_Humiture\MiCOKit-3165\obj_EWARM\platform_nano_second.o
#        C:\OneDrive\CODE\MICO\SDK_MiCOKit_v2.4.0.0\Build\Cloud_RGB_Humiture\MiCOKit-3165\obj_EWARM\platform_pwm.o
#        C:\OneDrive\CODE\MICO\SDK_MiCOKit_v2.4.0.0\Build\Cloud_RGB_Humiture\MiCOKit-3165\obj_EWARM\platform_rng.o
#        C:\OneDrive\CODE\MICO\SDK_MiCOKit_v2.4.0.0\Build\Cloud_RGB_Humiture\MiCOKit-3165\obj_EWARM\platform_spi.o
#        C:\OneDrive\CODE\MICO\SDK_MiCOKit_v2.4.0.0\Build\Cloud_RGB_Humiture\MiCOKit-3165\obj_EWARM\platform_uart.o
#        C:\OneDrive\CODE\MICO\SDK_MiCOKit_v2.4.0.0\Build\Cloud_RGB_Humiture\MiCOKit-3165\obj_EWARM\platform_watchdog.o
#        C:\OneDrive\CODE\MICO\SDK_MiCOKit_v2.4.0.0\Build\Cloud_RGB_Humiture\MiCOKit-3165\obj_EWARM\printbuf.o
#        C:\OneDrive\CODE\MICO\SDK_MiCOKit_v2.4.0.0\Build\Cloud_RGB_Humiture\MiCOKit-3165\obj_EWARM\Retarget.o
#        C:\OneDrive\CODE\MICO\SDK_MiCOKit_v2.4.0.0\Build\Cloud_RGB_Humiture\MiCOKit-3165\obj_EWARM\rgb_led.o
#        C:\OneDrive\CODE\MICO\SDK_MiCOKit_v2.4.0.0\Build\Cloud_RGB_Humiture\MiCOKit-3165\obj_EWARM\RingBufferUtils.o
#        C:\OneDrive\CODE\MICO\SDK_MiCOKit_v2.4.0.0\Build\Cloud_RGB_Humiture\MiCOKit-3165\obj_EWARM\SocketUtils.o
#        C:\OneDrive\CODE\MICO\SDK_MiCOKit_v2.4.0.0\Build\Cloud_RGB_Humiture\MiCOKit-3165\obj_EWARM\spi_flash.o
#        C:\OneDrive\CODE\MICO\SDK_MiCOKit_v2.4.0.0\Build\Cloud_RGB_Humiture\MiCOKit-3165\obj_EWARM\spi_flash_platform.o
#        C:\OneDrive\CODE\MICO\SDK_MiCOKit_v2.4.0.0\Build\Cloud_RGB_Humiture\MiCOKit-3165\obj_EWARM\startup_stm32f411xe_IAR.o
#        C:\OneDrive\CODE\MICO\SDK_MiCOKit_v2.4.0.0\Build\Cloud_RGB_Humiture\MiCOKit-3165\obj_EWARM\stm32f4xx_adc.o
#        C:\OneDrive\CODE\MICO\SDK_MiCOKit_v2.4.0.0\Build\Cloud_RGB_Humiture\MiCOKit-3165\obj_EWARM\stm32f4xx_can.o
#        C:\OneDrive\CODE\MICO\SDK_MiCOKit_v2.4.0.0\Build\Cloud_RGB_Humiture\MiCOKit-3165\obj_EWARM\stm32f4xx_crc.o
#        C:\OneDrive\CODE\MICO\SDK_MiCOKit_v2.4.0.0\Build\Cloud_RGB_Humiture\MiCOKit-3165\obj_EWARM\stm32f4xx_cryp.o
#        C:\OneDrive\CODE\MICO\SDK_MiCOKit_v2.4.0.0\Build\Cloud_RGB_Humiture\MiCOKit-3165\obj_EWARM\stm32f4xx_cryp_aes.o
#        C:\OneDrive\CODE\MICO\SDK_MiCOKit_v2.4.0.0\Build\Cloud_RGB_Humiture\MiCOKit-3165\obj_EWARM\stm32f4xx_cryp_des.o
#        C:\OneDrive\CODE\MICO\SDK_MiCOKit_v2.4.0.0\Build\Cloud_RGB_Humiture\MiCOKit-3165\obj_EWARM\stm32f4xx_cryp_tdes.o
#        C:\OneDrive\CODE\MICO\SDK_MiCOKit_v2.4.0.0\Build\Cloud_RGB_Humiture\MiCOKit-3165\obj_EWARM\stm32f4xx_dac.o
#        C:\OneDrive\CODE\MICO\SDK_MiCOKit_v2.4.0.0\Build\Cloud_RGB_Humiture\MiCOKit-3165\obj_EWARM\stm32f4xx_dbgmcu.o
#        C:\OneDrive\CODE\MICO\SDK_MiCOKit_v2.4.0.0\Build\Cloud_RGB_Humiture\MiCOKit-3165\obj_EWARM\stm32f4xx_dcmi.o
#        C:\OneDrive\CODE\MICO\SDK_MiCOKit_v2.4.0.0\Build\Cloud_RGB_Humiture\MiCOKit-3165\obj_EWARM\stm32f4xx_dma.o
#        C:\OneDrive\CODE\MICO\SDK_MiCOKit_v2.4.0.0\Build\Cloud_RGB_Humiture\MiCOKit-3165\obj_EWARM\stm32f4xx_dma2d.o
#        C:\OneDrive\CODE\MICO\SDK_MiCOKit_v2.4.0.0\Build\Cloud_RGB_Humiture\MiCOKit-3165\obj_EWARM\stm32f4xx_exti.o
#        C:\OneDrive\CODE\MICO\SDK_MiCOKit_v2.4.0.0\Build\Cloud_RGB_Humiture\MiCOKit-3165\obj_EWARM\stm32f4xx_flash.o
#        C:\OneDrive\CODE\MICO\SDK_MiCOKit_v2.4.0.0\Build\Cloud_RGB_Humiture\MiCOKit-3165\obj_EWARM\stm32f4xx_flash_ramfunc.o
#        C:\OneDrive\CODE\MICO\SDK_MiCOKit_v2.4.0.0\Build\Cloud_RGB_Humiture\MiCOKit-3165\obj_EWARM\stm32f4xx_gpio.o
#        C:\OneDrive\CODE\MICO\SDK_MiCOKit_v2.4.0.0\Build\Cloud_RGB_Humiture\MiCOKit-3165\obj_EWARM\stm32f4xx_hash.o
#        C:\OneDrive\CODE\MICO\SDK_MiCOKit_v2.4.0.0\Build\Cloud_RGB_Humiture\MiCOKit-3165\obj_EWARM\stm32f4xx_hash_md5.o
#        C:\OneDrive\CODE\MICO\SDK_MiCOKit_v2.4.0.0\Build\Cloud_RGB_Humiture\MiCOKit-3165\obj_EWARM\stm32f4xx_hash_sha1.o
#        C:\OneDrive\CODE\MICO\SDK_MiCOKit_v2.4.0.0\Build\Cloud_RGB_Humiture\MiCOKit-3165\obj_EWARM\stm32f4xx_i2c.o
#        C:\OneDrive\CODE\MICO\SDK_MiCOKit_v2.4.0.0\Build\Cloud_RGB_Humiture\MiCOKit-3165\obj_EWARM\stm32f4xx_iwdg.o
#        C:\OneDrive\CODE\MICO\SDK_MiCOKit_v2.4.0.0\Build\Cloud_RGB_Humiture\MiCOKit-3165\obj_EWARM\stm32f4xx_ltdc.o
#        C:\OneDrive\CODE\MICO\SDK_MiCOKit_v2.4.0.0\Build\Cloud_RGB_Humiture\MiCOKit-3165\obj_EWARM\stm32f4xx_pwr.o
#        C:\OneDrive\CODE\MICO\SDK_MiCOKit_v2.4.0.0\Build\Cloud_RGB_Humiture\MiCOKit-3165\obj_EWARM\stm32f4xx_rcc.o
#        C:\OneDrive\CODE\MICO\SDK_MiCOKit_v2.4.0.0\Build\Cloud_RGB_Humiture\MiCOKit-3165\obj_EWARM\stm32f4xx_rng.o
#        C:\OneDrive\CODE\MICO\SDK_MiCOKit_v2.4.0.0\Build\Cloud_RGB_Humiture\MiCOKit-3165\obj_EWARM\stm32f4xx_rtc.o
#        C:\OneDrive\CODE\MICO\SDK_MiCOKit_v2.4.0.0\Build\Cloud_RGB_Humiture\MiCOKit-3165\obj_EWARM\stm32f4xx_sai.o
#        C:\OneDrive\CODE\MICO\SDK_MiCOKit_v2.4.0.0\Build\Cloud_RGB_Humiture\MiCOKit-3165\obj_EWARM\stm32f4xx_sdio.o
#        C:\OneDrive\CODE\MICO\SDK_MiCOKit_v2.4.0.0\Build\Cloud_RGB_Humiture\MiCOKit-3165\obj_EWARM\stm32f4xx_spi.o
#        C:\OneDrive\CODE\MICO\SDK_MiCOKit_v2.4.0.0\Build\Cloud_RGB_Humiture\MiCOKit-3165\obj_EWARM\stm32f4xx_syscfg.o
#        C:\OneDrive\CODE\MICO\SDK_MiCOKit_v2.4.0.0\Build\Cloud_RGB_Humiture\MiCOKit-3165\obj_EWARM\stm32f4xx_tim.o
#        C:\OneDrive\CODE\MICO\SDK_MiCOKit_v2.4.0.0\Build\Cloud_RGB_Humiture\MiCOKit-3165\obj_EWARM\stm32f4xx_usart.o
#        C:\OneDrive\CODE\MICO\SDK_MiCOKit_v2.4.0.0\Build\Cloud_RGB_Humiture\MiCOKit-3165\obj_EWARM\stm32f4xx_wwdg.o
#        C:\OneDrive\CODE\MICO\SDK_MiCOKit_v2.4.0.0\Build\Cloud_RGB_Humiture\MiCOKit-3165\obj_EWARM\StringUtils.o
#        C:\OneDrive\CODE\MICO\SDK_MiCOKit_v2.4.0.0\Build\Cloud_RGB_Humiture\MiCOKit-3165\obj_EWARM\system_easylink.o
#        C:\OneDrive\CODE\MICO\SDK_MiCOKit_v2.4.0.0\Build\Cloud_RGB_Humiture\MiCOKit-3165\obj_EWARM\system_easylink_delegate.o
#        C:\OneDrive\CODE\MICO\SDK_MiCOKit_v2.4.0.0\Build\Cloud_RGB_Humiture\MiCOKit-3165\obj_EWARM\system_factory_test.o
#        C:\OneDrive\CODE\MICO\SDK_MiCOKit_v2.4.0.0\Build\Cloud_RGB_Humiture\MiCOKit-3165\obj_EWARM\system_misc.o
#        C:\OneDrive\CODE\MICO\SDK_MiCOKit_v2.4.0.0\Build\Cloud_RGB_Humiture\MiCOKit-3165\obj_EWARM\system_stm32f4xx.o
#        C:\OneDrive\CODE\MICO\SDK_MiCOKit_v2.4.0.0\Build\Cloud_RGB_Humiture\MiCOKit-3165\obj_EWARM\temp_hum_sensor.o
#        C:\OneDrive\CODE\MICO\SDK_MiCOKit_v2.4.0.0\Build\Cloud_RGB_Humiture\MiCOKit-3165\obj_EWARM\tftp_ota.o
#        C:\OneDrive\CODE\MICO\SDK_MiCOKit_v2.4.0.0\MICO\system\tftp_ota\tftpc.o
#        C:\OneDrive\CODE\MICO\SDK_MiCOKit_v2.4.0.0\Build\Cloud_RGB_Humiture\MiCOKit-3165\obj_EWARM\URLUtils.o
#        C:\OneDrive\CODE\MICO\SDK_MiCOKit_v2.4.0.0\Build\Cloud_RGB_Humiture\MiCOKit-3165\obj_EWARM\user_downstream.o
#        C:\OneDrive\CODE\MICO\SDK_MiCOKit_v2.4.0.0\Build\Cloud_RGB_Humiture\MiCOKit-3165\obj_EWARM\user_main.o
#        C:\OneDrive\CODE\MICO\SDK_MiCOKit_v2.4.0.0\Build\Cloud_RGB_Humiture\MiCOKit-3165\obj_EWARM\user_uart.o
#        C:\OneDrive\CODE\MICO\SDK_MiCOKit_v2.4.0.0\Build\Cloud_RGB_Humiture\MiCOKit-3165\obj_EWARM\user_upstream.o
#        C:\OneDrive\CODE\MICO\SDK_MiCOKit_v2.4.0.0\Build\Cloud_RGB_Humiture\MiCOKit-3165\obj_EWARM\wlan_bus_sdio.o
#        C:\OneDrive\CODE\MICO\SDK_MiCOKit_v2.4.0.0\Build\Cloud_RGB_Humiture\MiCOKit-3165\obj_EWARM\wlan_platform.o
#        C:\OneDrive\CODE\MICO\SDK_MiCOKit_v2.4.0.0\Build\Cloud_RGB_Humiture\MiCOKit-3165\obj_EWARM\wlan_platform_common.o
#        --redirect _Printf=_PrintfFull --redirect _Scanf=_ScanfFull -o
#        C:\OneDrive\CODE\MICO\SDK_MiCOKit_v2.4.0.0\Build\Cloud_RGB_Humiture\MiCOKit-3165\COM.MXCHIP.SPP.out
#        --map
#        C:\OneDrive\CODE\MICO\SDK_MiCOKit_v2.4.0.0\Build\Cloud_RGB_Humiture\MiCOKit-3165\list_EWARM\COM.MXCHIP.SPP.map
#        --config
#        C:\OneDrive\CODE\MICO\SDK_MiCOKit_v2.4.0.0\Projects\STM32F4xx\micokit\Cloud_RGB_Humiture\EWARM\..\..\..\..\..\Board\MiCOKit-3165\micoLinkerForIAR.icf
#        --semihosting --entry __iar_program_start --vfe --threaded_lib
#
###############################################################################

*******************************************************************************
*** RUNTIME MODEL ATTRIBUTES
***

CppFlavor                     = *
__Heap_Handler                = DLMalloc
__SystemLibrary               = DLib
__dlib_dynamic_initialization = normal


*******************************************************************************
*** PLACEMENT SUMMARY
***

"A1":  place at 0x0800c000 { ro section .intvec };
"P1":  place in [from 0x0800c000 to 0x0807ffff] { ro };
"P2":  place in [from 0x20000000 to 0x2001ffff] { rw, block CSTACK, block HEAP };

  Section             Kind        Address     Size  Object
  -------             ----        -------     ----  ------
"A1":                                        0x198
  .intvec                      0x0800c000    0x198  <Block>
    .intvec           ro code  0x0800c000    0x198  startup_stm32f411xe_IAR.o [1]
                             - 0x0800c198    0x198

"P1":                                      0x4864d
  .text               ro code  0x0800c198   0x289c  smart_config.o [7]
  .text               ro code  0x0800ea34     0x66  ABImemset.o [8]
  .text               ro code  0x0800ea9a     0x22  zero_init3.o [8]
  .text               ro code  0x0800eabc     0x62  memcmp_unaligned.o [8]
  .text               ro code  0x0800eb1e     0x1e  xsscin.o [5]
  .text               ro code  0x0800eb3c    0x82a  mxchipWNET.o [7]
  .text               ro code  0x0800f366     0x1a  xsnprout.o [5]
  .text               ro code  0x0800f380    0x410  mico_system_notification.o [1]
  .text               ro code  0x0800f790     0x76  ABImemcpy_unaligned.o [8]
  .text               ro code  0x0800f806      0xa  xsprout.o [5]
  .text               ro code  0x0800f810     0x44  snprintf.o [5]
  .text               ro code  0x0800f854   0x14cc  wwd_wifi.o [7]
  .text               ro code  0x08010d20   0x2670  wifimgr.o [7]
  .text               ro code  0x08013390     0x6c  strncpy_unaligned.o [8]
  .text               ro code  0x080133fc     0x36  strlen.o [8]
  .rodata             const    0x08013432      0x1  smart_config.o [7]
  .rodata             const    0x08013433      0x1  smart_config.o [7]
  .text               ro code  0x08013434    0x41c  wiced_network.o [7]
  .text               ro code  0x08013850    0x83e  wiced_rtos.o [7]
  .rodata             const    0x0801408e      0x1  smart_config.o [7]
  .rodata             const    0x0801408f      0x1  smart_config.o [7]
  .text               ro code  0x08014090    0xca4  tasks.o [7]
  .text               ro code  0x08014d34    0x440  wifi.o [7]
  .text               ro code  0x08015174   0x2590  dlmalloc.o [7]
  .text               ro code  0x08017704     0xe0  arc4.o [7]
  .text               ro code  0x080177e4     0xb6  wwd_buffer.o [7]
  .text               ro code  0x0801789c     0x34  sprintf.o [5]
  .text               ro code  0x080178d0    0x628  tcpip.o [7]
  .text               ro code  0x08017ef8    0x7ec  dns.o [7]
  .text               ro code  0x080186e4    0x130  wwd_rtos.o [7]
  .text               ro code  0x08018814     0x20  srand.o [5]
  .text               ro code  0x08018834    0xe04  tcp.o [7]
  .text               ro code  0x08019638    0x25a  ip_addr.o [7]
  .text               ro code  0x08019892     0x36  def.o [7]
  .text               ro code  0x080198c8   0x19cc  sockets.o [7]
  .text               ro code  0x0801b294     0x42  strcmp_unaligned.o [8]
  .text               ro code  0x0801b2d8     0x44  strcpy_unaligned.o [8]
  .text               ro code  0x0801b31c    0x244  wwd_management.o [7]
  .text               ro code  0x0801b560     0x18  strrchr.o [5]
  .text               ro code  0x0801b578     0x24  printf.o [5]
  .text               ro code  0x0801b59c   0x1150  xprintffull.o [5]
  .text               ro code  0x0801c6ec    0xd3c  SDPCM.o [7]
  .text               ro code  0x0801d428     0x14  mxchip_debug.o [7]
  .text               ro code  0x0801d43c    0x4ec  pbuf.o [7]
  .text               ro code  0x0801d928    0x458  ip.o [7]
  .text               ro code  0x0801dd80    0xd84  system_misc.o [1]
  .text               ro code  0x0801eb04     0x30  aes_wrap.o [7]
  .text               ro code  0x0801eb34    0x1ec  dns_redirect.o [7]
  .text               ro code  0x0801ed20    0x492  wwd_ap.o [7]
  .text               ro code  0x0801f1b4     0x64  dnsclient.o [7]
  .text               ro code  0x0801f218     0x2a  strncmp.o [5]
  .text               ro code  0x0801f244    0x4b8  system_factory_test.o [1]
  .text               ro code  0x0801f6fc    0x9e0  etharp.o [7]
  .text               ro code  0x080200dc     0x46  strcasecmp.o [5]
  .text               ro code  0x08020124   0x1594  tcp_in.o [7]
  .text               ro code  0x080216b8    0x710  udp.o [7]
  .text               ro code  0x08021dc8      0x4  strtoul.o [5]
  .text               ro code  0x08021dcc    0x526  queue.o [7]
  .text               ro code  0x080222f4    0x2e0  lwiptcpip.o [7]
  .text               ro code  0x080225d4    0x358  netif.o [7]
  .text               ro code  0x0802292c    0xf20  dhcp.o [7]
  .text               ro code  0x0802384c     0x28  sys.o [7]
  .text               ro code  0x08023874    0x568  igmp.o [7]
  .text               ro code  0x08023ddc    0x650  dhcp_server.o [7]
  .text               ro code  0x0802442c     0x48  netifapi.o [7]
  .text               ro code  0x08024474    0x158  platform_init.o [1]
  .text               ro code  0x080245cc    0x178  platform.o [1]
  .text               ro code  0x08024744    0x7b0  MICOAppEntrance.o [1]
  .text               ro code  0x08024ef4     0xec  wlan_platform_common.o [1]
  .text               ro code  0x08024fe0     0xec  port.o [7]
  .text               ro code  0x080250cc    0x370  ostimers.o [7]
  .text               ro code  0x0802543c     0x9a  list.o [7]
  CODE                ro code  0x080254d8     0xa8  portasm.o [7]
  .text               ro code  0x08025580     0x1c  strcat.o [5]
  .text               ro code  0x0802559c    0x448  platform_mcu_powersave.o [1]
  .text               ro code  0x080259e4     0x38  heap_3.o [7]
  .text               ro code  0x08025a1c    0xa24  mico_platform_common.o [1]
  .text               ro code  0x08026440      0x6  abort.o [5]
  .text               ro code  0x08026448      0x6  ABImemclr4.o [8]
  .text               ro code  0x0802644e     0x20  xsyslock.o [5]
  .text               ro code  0x08026470     0x2c  xgetmemchunk.o [5]
  .text               ro code  0x0802649c    0x190  wiced_ping.o [7]
  .text               ro code  0x0802662c    0x5e0  api_lib.o [7]
  .text               ro code  0x08026c0c      0xc  mxchipbesl.o [7]
  .text               ro code  0x08026c18     0xda  netbuf.o [7]
  .text               ro code  0x08026cf2      0x2  xtls.o [5]
  .text               ro code  0x08026cf4    0xcc2  tcp_out.o [7]
  .text               ro code  0x080279b8    0x300  lwiptimers.o [7]
  .text               ro code  0x08027cb8    0x1b8  memp.o [7]
  .text               ro code  0x08027e70     0xe0  rand.o [5]
  .text               ro code  0x08027f50    0x2a0  sys_arch.o [7]
  .text               ro code  0x080281f0    0x874  wlan_bus_sdio.o [1]
  .text               ro code  0x08028a64    0x9b8  wwd_bus_protocol.o [7]
  .text               ro code  0x0802941c    0x258  wwd_thread.o [7]
  .text               ro code  0x08029674      0x4  wlan_platform.o [1]
  .text               ro code  0x08029678     0x20  xmbtowc.o [5]
  .text               ro code  0x08029698     0x16  strchr.o [8]
  .text               ro code  0x080296b0     0x58  memchr.o [8]
  .text               ro code  0x08029708      0xa  xmbcurmax.o [5]
  .text               ro code  0x08029712     0x1a  xwctomb.o [5]
  .text               ro code  0x0802972c     0xee  I64DivMod.o [8]
  .text               ro code  0x0802981a     0x42  xdnorm.o [6]
  .text               ro code  0x0802985c     0x2e  DblCmpLe.o [6]
  .text               ro code  0x0802988c     0x2e  DblCmpGe.o [6]
  .text               ro code  0x080298bc    0x114  xdscale.o [6]
  .text               ro code  0x080299d0     0x58  DblToI32.o [6]
  .text               ro code  0x08029a28     0x30  I32ToDbl.o [6]
  .text               ro code  0x08029a58    0x180  DblSub.o [6]
  .text               ro code  0x08029bd8    0x1a2  DblMul.o [6]
  .text               ro code  0x08029d7c    0x246  DblDiv.o [6]
  .text               ro code  0x08029fc4     0x6c  localeconv.o [5]
  .text               ro code  0x0802a030      0xe  div.o [5]
  .text               ro code  0x0802a040    0x17c  wwd_network.o [7]
  .text               ro code  0x0802a1bc     0x78  ABImemmove_unaligned.o [8]
  .text               ro code  0x0802a234    0x170  inet_chksum.o [7]
  .text               ro code  0x0802a3a4    0x1cc  raw.o [7]
  .text               ro code  0x0802a570    0x184  icmp.o [7]
  .text               ro code  0x0802a6f4    0xbac  mico_system_para_storage.o [1]
  .text               ro code  0x0802b2a0    0x924  StringUtils.o [1]
  .text               ro code  0x0802bbc4    0xb62  aes.o [7]
  .text               ro code  0x0802c726     0x5e  RingBufferUtils.o [1]
  .text               ro code  0x0802c784    0x3a8  mftest.o [7]
  .text               ro code  0x0802cb2c     0x14  tolower.o [5]
  .text               ro code  0x0802cb40    0x198  xstoul.o [5]
  .text               ro code  0x0802ccd8     0x20  init.o [7]
  .text               ro code  0x0802ccf8     0x8c  wiced_lib.o [7]
  .text               ro code  0x0802cd84    0x238  stm32f4xx_rcc.o [1]
  .text               ro code  0x0802cfbc    0x25c  stm32f4xx_flash.o [1]
  .text               ro code  0x0802d218     0x94  misc.o [1]
  .text               ro code  0x0802d2ac     0x60  stm32f4xx_pwr.o [1]
  .text               ro code  0x0802d30c     0x3a  ABImemset48.o [8]
  .text               ro code  0x0802d348    0x6a8  platform_gpio.o [1]
  .text               ro code  0x0802d9f0    0x81c  platform_uart.o [1]
  .text               ro code  0x0802e20c    0x8a8  paltform_rtc.o [1]
  .text               ro code  0x0802eab4     0xd0  button.o [1]
  .text               ro code  0x0802eb84     0x24  dc_motor.o [1]
  .text               ro code  0x0802eba8     0xbc  rgb_led.o [1]
  .text               ro code  0x0802ec64    0x694  user_main.o [1]
  .text               ro code  0x0802f2f8    0x4c8  mico_system_power_daemon.o [1]
  .text               ro code  0x0802f7c0   0x15e8  MicoFogCloud.o [1]
  .text               ro code  0x08030da8    0x5fc  mico_system_init.o [1]
  .text               ro code  0x080313a4    0x460  MICOBonjour.o [1]
  .text               ro code  0x08031804    0x606  stm32f4xx_rtc.o [1]
  .text               ro code  0x08031e0c     0x7c  stm32f4xx_exti.o [1]
  .text               ro code  0x08031e88    0x2d8  platform_watchdog.o [1]
  .text               ro code  0x08032160    0x110  micokit_ext.o [1]
  .text               ro code  0x08032270    0x200  platform_adc.o [1]
  .text               ro code  0x08032470    0x76c  platform_i2c.o [1]
  .text               ro code  0x08032bdc    0x5a4  platform_spi.o [1]
  .text               ro code  0x08033180    0xc78  platform_flash.o [1]
  .text               ro code  0x08033df8     0xbc  platform_nano_second.o [1]
  .text               ro code  0x08033eb4     0x14  exit.o [9]
  .text               ro code  0x08033ec8    0x15c  xsyslock_mtx.o [5]
  .text               ro code  0x08034024    0xeac  api_msg.o [7]
  .text               ro code  0x08034ed0     0x64  stm32f4xx_sdio.o [1]
  .text               ro code  0x08034f34    0x260  wwd_internal.o [7]
  .text               ro code  0x08035194    0x2f4  wwd_firmware.o [7]
  .text               ro code  0x08035488     0x24  setlocale.o [5]
  .text               ro code  0x080354ac     0x60  xencoding_sb.o [5]
  .text               ro code  0x0803550c      0x2  I64DivZer.o [8]
  .text               ro code  0x08035510     0xe8  DblAdd.o [6]
  .text               ro code  0x080355f8     0x4c  wps_host.o [7]
  .text               ro code  0x08035644     0x7a  CheckSumUtils.o [1]
  .text               ro code  0x080356be     0x18  toupper.o [5]
  .text               ro code  0x080356d6     0x3c  isxxx.o [5]
  .text               ro code  0x08035712     0x16  strnlen.o [5]
  .text               ro code  0x08035728     0x44  logging.o [7]
  .text               ro code  0x0803576c      0xc  xlocale_c.o [5]
  .text               ro code  0x08035778      0xc  errno.o [5]
  .text               ro code  0x08035784     0x9a  stm32f4xx_gpio.o [1]
  .text               ro code  0x08035820     0x28  stm32f4xx_syscfg.o [1]
  .text               ro code  0x08035848    0x1ea  stm32f4xx_usart.o [1]
  .text               ro code  0x08035a34    0x1c8  stm32f4xx_dma.o [1]
  .text               ro code  0x08035bfc    0x344  user_uart.o [1]
  .text               ro code  0x08035f40    0x234  hsb2rgb_led.o [1]
  .text               ro code  0x08036174    0xa00  oled.o [1]
  .text               ro code  0x08036b74   0x1a90  fogCloud.o [1]
  .text               ro code  0x08038604   0x1afc  MicoFogCloudConfigServer.o [1]
  .text               ro code  0x0803a100   0x129c  MICOConfigDelegate.o [1]
  .text               ro code  0x0803b39c      0x6  ABImemclr.o [8]
  .text               ro code  0x0803b3a4    0x5f0  json_object.o [1]
  .text               ro code  0x0803b994    0x328  mico_system_monitor.o [1]
  .text               ro code  0x0803bcbc    0xfa4  mico_cli.o [1]
  .text               ro code  0x0803cc60   0x183c  system_easylink.o [1]
  .text               ro code  0x0803e49c   0x1fb8  config_server.o [1]
  .text               ro code  0x08040454   0x1104  mico_mdns.o [1]
  .text               ro code  0x08041558     0x34  stm32f4xx_iwdg.o [1]
  .text               ro code  0x0804158c    0x2de  stm32f4xx_tim.o [1]
  .text               ro code  0x0804186a     0x12  light_sensor.o [1]
  .text               ro code  0x0804187c     0x12  infrared_reflective.o [1]
  .text               ro code  0x08041890     0x30  temp_hum_sensor.o [1]
  .text               ro code  0x080418c0    0x11c  stm32f4xx_adc.o [1]
  .text               ro code  0x080419dc    0x144  stm32f4xx_i2c.o [1]
  .text               ro code  0x08041b20    0x13e  stm32f4xx_spi.o [1]
  .text               ro code  0x08041c60    0x484  spi_flash.o [1]
  .text               ro code  0x080420e4     0x1c  iar_mutex.o [7]
  .text               ro code  0x08042100     0x18  read_wifi_firmware.o [7]
  .text               ro code  0x08042118     0x16  xlocale_c.o [5]
  .text               ro code  0x0804212e     0x24  xlocale_c.o [5]
  .text               ro code  0x08042152     0x14  xlocale_c.o [5]
  .text               ro code  0x08042168     0x14  FogCloudServiceVersion.o [4]
  .text               ro code  0x0804217c   0x10c0  FogCloudService.o [4]
  .text               ro code  0x0804323c    0x9a6  md5.o [7]
  .text               ro code  0x08043be4   0x15ec  FogCloudUtils.o [4]
  .text               ro code  0x080451d0    0x398  SocketUtils.o [1]
  .text               ro code  0x08045568    0x4f0  config_server_menu.o [1]
  .text               ro code  0x08045a58    0xf2c  json_tokener.o [1]
  .text               ro code  0x08046984    0x136  printbuf.o [1]
  .text               ro code  0x08046abc    0x34c  linkhash.o [1]
  .text               ro code  0x08046e08     0x18  strdup.o [5]
  .text               ro code  0x08046e20     0x20  DblCmpEq.o [6]
  .text               ro code  0x08046e40     0xe4  json_util.o [1]
  .text               ro code  0x08046f24     0xd4  arraylist.o [1]
  .text               ro code  0x08046ff8    0x6b4  tftpc.o [2]
  .text               ro code  0x080476ac    0xa7c  tftp_ota.o [1]
  .text               ro code  0x08048128     0x3c  vsnprint.o [5]
  .text               ro code  0x08048164      0x4  system_easylink_delegate.o [1]
  .text               ro code  0x08048168   0x1608  HTTPUtils.o [1]
  .text               ro code  0x08049770    0x4e4  bme280_user.o [1]
  .text               ro code  0x08049c54    0x198  DHT11.o [1]
  .text               ro code  0x08049dec     0x30  spi_flash_platform.o [1]
  .text               ro code  0x08049e1c    0x800  FogCloudMQTTClient.o [4]
  .text               ro code  0x0804a61c     0x28  strncat.o [5]
  .text               ro code  0x0804a644    0x16a  URLUtils.o [1]
  .text               ro code  0x0804a7ae     0x4e  strncasecmp.o [5]
  .text               ro code  0x0804a7fc     0x24  sscanf.o [5]
  .text               ro code  0x0804a820     0x2c  vsprintf.o [5]
  .text               ro code  0x0804a84c     0x18  vprintf.o [5]
  .text               ro code  0x0804a864      0x4  exit.o [5]
  .text               ro code  0x0804a868    0x570  bme280.o [1]
  .text               ro code  0x0804add8    0x2a6  MQTTMICO.o [4]
  .text               ro code  0x0804b080    0x6b0  MQTTClient.o [4]
  .text               ro code  0x0804b730    0xcf4  xscanffull.o [5]
  .text               ro code  0x0804c424     0x12  cexit.o [8]
  .text               ro code  0x0804c438    0x1f4  MQTTPacket.o [4]
  .text               ro code  0x0804c62c    0x2e8  MQTTConnectClient.o [4]
  .text               ro code  0x0804c914     0xf8  MQTTDeserializePublish.o [4]
  .text               ro code  0x0804ca0c    0x10c  MQTTSerializePublish.o [4]
  .text               ro code  0x0804cb18    0x138  MQTTSubscribeClient.o [4]
  .text               ro code  0x0804cc50     0x40  xwctob.o [5]
  .text               ro code  0x0804cc90     0xa4  xstoll.o [5]
  .text               ro code  0x0804cd34    0x1b0  xstoull.o [5]
  .text               ro code  0x0804cee4    0x168  xstold.o [6]
  .text               ro code  0x0804d04c     0x90  DblToFlt.o [6]
  .text               ro code  0x0804d0dc     0x58  xcloseall.o [5]
  .text               ro code  0x0804d134    0x134  xstopfx.o [5]
  .text               ro code  0x0804d268    0x1b8  xstoflt.o [5]
  .text               ro code  0x0804d420    0x200  xdtento.o [6]
  .text               ro code  0x0804d620    0x218  xstoxflt.o [5]
  .text               ro code  0x0804d838     0x7a  fclose.o [5]
  .text               ro code  0x0804d8b2     0x14  Retarget.o [1]
  .text               ro code  0x0804d8c6     0x56  xdunscal.o [6]
  .text               ro code  0x0804d91c     0x7c  xfofind.o [5]
  .text               ro code  0x0804d998     0xb0  fflush.o [5]
  .text               ro code  0x0804da48     0x1a  close.o [9]
  .text               ro code  0x0804da62     0x16  remove.o [9]
  .text               ro code  0x0804da78     0xe0  XShHandles.o [5]
  .rodata             const    0x0804db58   0x1400  aes.o [7]
  .rodata             const    0x0804ef58   0x1400  aes.o [7]
  .text               ro code  0x08050358    0xb0c  user_downstream.o [1]
  .text               ro code  0x08050e64    0x2c4  camera.o [1]
  .text               ro code  0x08051128    0x3e0  user_upstream.o [1]
  .text               ro code  0x08051508    0x3a4  hardfault.o [1]
  .rodata             const    0x080518ac    0x35c  platform.o [1]
  .rodata             const    0x08051c08    0x30c  wwd_firmware.o [7]
  .rodata             const    0x08051f14    0x244  mico_cli.o [1]
  .rodata             const    0x08052158    0x218  MicoFogCloudConfigServer.o [1]
  .rodata             const    0x08052370    0x100  smart_config.o [7]
  .rodata             const    0x08052470    0x100  wwd_wifi.o [7]
  .text               ro code  0x08052570     0xd6  xfspos.o [5]
  .text               ro code  0x08052646      0xc  xfgpos.o [5]
  .text               ro code  0x08052652     0x4c  lseek.o [9]
  .text               ro code  0x0805269e     0xd2  packbits_init.o [8]
  .text               ro code  0x08052770     0xb6  xfwprep.o [5]
  .text               ro code  0x08052826     0x22  fseek.o [5]
  .rodata             const    0x08052848     0x98  config_server.o [1]
  .rodata             const    0x080528e0     0x68  wifimgr.o [7]
  .rodata             const    0x08052948     0x60  user_downstream.o [1]
  .rodata             const    0x080529a8     0x58  smart_config.o [7]
  .text               ro code  0x08052a00     0x56  fputc.o [5]
  .rodata             const    0x08052a58     0x4c  dns.o [7]
  .rodata             const    0x08052aa4     0x4c  dns.o [7]
  .rodata             const    0x08052af0     0x48  tcp_in.o [7]
  .rodata             const    0x08052b38     0x44  tcp_in.o [7]
  .rodata             const    0x08052b7c     0x40  sockets.o [7]
  .rodata             const    0x08052bbc     0x40  wifimgr.o [7]
  .rodata             const    0x08052bfc     0x40  wifimgr.o [7]
  .rodata             const    0x08052c3c     0x40  udp.o [7]
  .rodata             const    0x08052c7c     0x40  udp.o [7]
  .rodata             const    0x08052cbc     0x3c  wifimgr.o [7]
  .rodata             const    0x08052cf8     0x3c  wifimgr.o [7]
  .rodata             const    0x08052d34     0x3c  wifimgr.o [7]
  .rodata             const    0x08052d70     0x38  wifimgr.o [7]
  .rodata             const    0x08052da8     0x38  wifimgr.o [7]
  .rodata             const    0x08052de0     0x38  memp.o [7]
  .text               ro code  0x08052e18     0x38  micokit_ext_mfg.o [1]
  .rodata             const    0x08052e50     0x34  smart_config.o [7]
  .rodata             const    0x08052e84     0x30  wifimgr.o [7]
  .rodata             const    0x08052eb4     0x30  tcp_in.o [7]
  .rodata             const    0x08052ee4     0x30  etharp.o [7]
  .rodata             const    0x08052f14     0x30  etharp.o [7]
  .rodata             const    0x08052f44     0x30  aes.o [7]
  .rodata             const    0x08052f74     0x2c  wifimgr.o [7]
  .rodata             const    0x08052fa0     0x2c  wifimgr.o [7]
  .rodata             const    0x08052fcc     0x2c  wifimgr.o [7]
  .rodata             const    0x08052ff8     0x2c  mftest.o [7]
  .rodata             const    0x08053024     0x2c  etharp.o [7]
  .rodata             const    0x08053050     0x28  wifimgr.o [7]
  .rodata             const    0x08053078     0x28  wifimgr.o [7]
  .rodata             const    0x080530a0     0x28  wifimgr.o [7]
  .rodata             const    0x080530c8     0x28  wifimgr.o [7]
  .rodata             const    0x080530f0     0x28  wifimgr.o [7]
  .rodata             const    0x08053118     0x28  SDPCM.o [7]
  .rodata             const    0x08053140     0x28  mftest.o [7]
  .rodata             const    0x08053168     0x28  smart_config.o [7]
  .rodata             const    0x08053190     0x28  aes.o [7]
  .text               ro code  0x080531b8     0x28  data_init.o [8]
  .rodata             const    0x080531e0     0x24  json_object.o [1]
  .rodata             const    0x08053204     0x24  wifimgr.o [7]
  .rodata             const    0x08053228     0x24  wifimgr.o [7]
  .rodata             const    0x0805324c     0x24  wifimgr.o [7]
  .rodata             const    0x08053270     0x24  SDPCM.o [7]
  .rodata             const    0x08053294     0x24  memp.o [7]
  .rodata             const    0x080532b8     0x24  mftest.o [7]
  .rodata             const    0x080532dc     0x24  smart_config.o [7]
  .rodata             const    0x08053300     0x24  smart_config.o [7]
  .rodata             const    0x08053324     0x24  tcp_in.o [7]
  .rodata             const    0x08053348     0x24  dhcp_server.o [7]
  .text               ro code  0x0805336c     0x22  fpinit_M.o [6]
  .iar.init_table     const    0x08053390     0x2c  - Linker created -
  .rodata             const    0x080533bc     0x20  wifimgr.o [7]
  .rodata             const    0x080533dc     0x20  wifimgr.o [7]
  .rodata             const    0x080533fc     0x20  wifimgr.o [7]
  .rodata             const    0x0805341c     0x20  wifimgr.o [7]
  .rodata             const    0x0805343c     0x20  wifimgr.o [7]
  .rodata             const    0x0805345c     0x20  wifimgr.o [7]
  .rodata             const    0x0805347c     0x20  wifimgr.o [7]
  .rodata             const    0x0805349c     0x20  memp.o [7]
  .rodata             const    0x080534bc     0x20  memp.o [7]
  .rodata             const    0x080534dc     0x20  memp.o [7]
  .rodata             const    0x080534fc     0x20  mftest.o [7]
  .rodata             const    0x0805351c     0x20  mftest.o [7]
  .rodata             const    0x0805353c     0x20  mftest.o [7]
  .rodata             const    0x0805355c     0x20  smart_config.o [7]
  .rodata             const    0x0805357c     0x20  dns.o [7]
  .rodata             const    0x0805359c     0x20  wifi.o [7]
  .rodata             const    0x080535bc     0x20  udp.o [7]
  .rodata             const    0x080535dc     0x20  dhcp_server.o [7]
  .rodata             const    0x080535fc     0x1c  mxchipWNET.o [7]
  .rodata             const    0x08053618     0x1c  sockets.o [7]
  .rodata             const    0x08053634     0x1c  wifimgr.o [7]
  .rodata             const    0x08053650     0x1c  wifimgr.o [7]
  .rodata             const    0x0805366c     0x1c  wifimgr.o [7]
  .rodata             const    0x08053688     0x1c  wifimgr.o [7]
  .rodata             const    0x080536a4     0x1c  SDPCM.o [7]
  .rodata             const    0x080536c0     0x1c  mftest.o [7]
  .rodata             const    0x080536dc     0x1c  smart_config.o [7]
  .rodata             const    0x080536f8     0x1c  smart_config.o [7]
  .rodata             const    0x08053714     0x1c  smart_config.o [7]
  .rodata             const    0x08053730     0x1c  smart_config.o [7]
  .rodata             const    0x0805374c     0x1c  wwd_wifi.o [7]
  .text               ro code  0x08053768     0x1c  crt0_EWARM.o [1]
  .text               ro code  0x08053784     0x1a  cmain.o [8]
  .rodata             const    0x080537a0     0x18  sockets.o [7]
  .rodata             const    0x080537b8     0x18  sockets.o [7]
  .rodata             const    0x080537d0     0x18  sockets.o [7]
  .rodata             const    0x080537e8     0x18  sockets.o [7]
  .rodata             const    0x08053800     0x18  wifimgr.o [7]
  .rodata             const    0x08053818     0x18  wifimgr.o [7]
  .rodata             const    0x08053830     0x18  wifimgr.o [7]
  .rodata             const    0x08053848     0x18  wifimgr.o [7]
  .rodata             const    0x08053860     0x18  wifimgr.o [7]
  .rodata             const    0x08053878     0x18  wifimgr.o [7]
  .rodata             const    0x08053890     0x18  wifimgr.o [7]
  .rodata             const    0x080538a8     0x18  wifimgr.o [7]
  .rodata             const    0x080538c0     0x18  wifimgr.o [7]
  .rodata             const    0x080538d8     0x18  wifimgr.o [7]
  .rodata             const    0x080538f0     0x18  SDPCM.o [7]
  .rodata             const    0x08053908     0x18  SDPCM.o [7]
  .rodata             const    0x08053920     0x18  mftest.o [7]
  .rodata             const    0x08053938     0x18  mftest.o [7]
  .rodata             const    0x08053950     0x18  mftest.o [7]
  .rodata             const    0x08053968     0x18  smart_config.o [7]
  .rodata             const    0x08053980     0x18  smart_config.o [7]
  .rodata             const    0x08053998     0x18  smart_config.o [7]
  .rodata             const    0x080539b0     0x18  smart_config.o [7]
  .rodata             const    0x080539c8     0x18  smart_config.o [7]
  .rodata             const    0x080539e0     0x18  smart_config.o [7]
  .rodata             const    0x080539f8     0x18  smart_config.o [7]
  .rodata             const    0x08053a10     0x18  smart_config.o [7]
  .rodata             const    0x08053a28     0x18  smart_config.o [7]
  .text               ro code  0x08053a40     0x16  xprout.o [5]
  .text               ro code  0x08053a58      0xc  putchar.o [5]
  .rodata             const    0x08053a64     0x14  wifimgr.o [7]
  .rodata             const    0x08053a78     0x14  wifimgr.o [7]
  .rodata             const    0x08053a8c     0x14  wifimgr.o [7]
  .rodata             const    0x08053aa0     0x14  wifimgr.o [7]
  .rodata             const    0x08053ab4     0x14  wifimgr.o [7]
  .rodata             const    0x08053ac8     0x14  wifimgr.o [7]
  .rodata             const    0x08053adc     0x14  wifimgr.o [7]
  .rodata             const    0x08053af0     0x14  wifimgr.o [7]
  .rodata             const    0x08053b04     0x14  wifimgr.o [7]
  .rodata             const    0x08053b18     0x14  wifimgr.o [7]
  .rodata             const    0x08053b2c     0x14  wifimgr.o [7]
  .rodata             const    0x08053b40     0x14  wifimgr.o [7]
  .rodata             const    0x08053b54     0x14  wifimgr.o [7]
  .rodata             const    0x08053b68     0x14  wifimgr.o [7]
  .rodata             const    0x08053b7c     0x14  wifimgr.o [7]
  .rodata             const    0x08053b90     0x14  wifimgr.o [7]
  .rodata             const    0x08053ba4     0x14  wifimgr.o [7]
  .rodata             const    0x08053bb8     0x14  wifimgr.o [7]
  .rodata             const    0x08053bcc     0x14  SDPCM.o [7]
  .rodata             const    0x08053be0     0x14  mftest.o [7]
  .rodata             const    0x08053bf4     0x14  mftest.o [7]
  .rodata             const    0x08053c08     0x14  tasks.o [7]
  .rodata             const    0x08053c1c     0x14  tasks.o [7]
  .rodata             const    0x08053c30     0x14  smart_config.o [7]
  .rodata             const    0x08053c44     0x14  smart_config.o [7]
  .rodata             const    0x08053c58     0x14  smart_config.o [7]
  .rodata             const    0x08053c6c     0x14  smart_config.o [7]
  .rodata             const    0x08053c80     0x14  smart_config.o [7]
  .rodata             const    0x08053c94     0x14  aes_wrap.o [7]
  .rodata             const    0x08053ca8     0x14  dns.o [7]
  .rodata             const    0x08053cbc     0x14  wwd_wifi.o [7]
  .rodata             const    0x08053cd0     0x14  wwd_wifi.o [7]
  .rodata             const    0x08053ce4     0x14  wiced_network.o [7]
  .text               ro code  0x08053cf8     0x12  startup_stm32f411xe_IAR.o [1]
  .rodata             const    0x08053d0c     0x10  mico_config.o [1]
  .rodata             const    0x08053d1c     0x10  wiced_rtos.o [7]
  .rodata             const    0x08053d2c     0x10  wiced_rtos.o [7]
  .rodata             const    0x08053d3c     0x10  mxchipWNET.o [7]
  .rodata             const    0x08053d4c     0x10  mxchipWNET.o [7]
  .rodata             const    0x08053d5c     0x10  wifimgr.o [7]
  .rodata             const    0x08053d6c     0x10  wifimgr.o [7]
  .rodata             const    0x08053d7c     0x10  wifimgr.o [7]
  .rodata             const    0x08053d8c     0x10  wifimgr.o [7]
  .rodata             const    0x08053d9c     0x10  wifimgr.o [7]
  .rodata             const    0x08053dac     0x10  wifimgr.o [7]
  .rodata             const    0x08053dbc     0x10  wifimgr.o [7]
  .rodata             const    0x08053dcc     0x10  wifimgr.o [7]
  .rodata             const    0x08053ddc     0x10  wifimgr.o [7]
  .rodata             const    0x08053dec     0x10  wifimgr.o [7]
  .rodata             const    0x08053dfc     0x10  wifimgr.o [7]
  .rodata             const    0x08053e0c     0x10  wifimgr.o [7]
  .rodata             const    0x08053e1c     0x10  SDPCM.o [7]
  .rodata             const    0x08053e2c     0x10  memp.o [7]
  .rodata             const    0x08053e3c     0x10  memp.o [7]
  .rodata             const    0x08053e4c     0x10  memp.o [7]
  .rodata             const    0x08053e5c     0x10  memp.o [7]
  .rodata             const    0x08053e6c     0x10  memp.o [7]
  .rodata             const    0x08053e7c     0x10  memp.o [7]
  .rodata             const    0x08053e8c     0x10  mftest.o [7]
  .rodata             const    0x08053e9c     0x10  mftest.o [7]
  .rodata             const    0x08053eac     0x10  smart_config.o [7]
  .rodata             const    0x08053ebc     0x10  smart_config.o [7]
  .rodata             const    0x08053ecc     0x10  smart_config.o [7]
  .rodata             const    0x08053edc     0x10  smart_config.o [7]
  .rodata             const    0x08053eec     0x10  smart_config.o [7]
  .rodata             const    0x08053efc     0x10  smart_config.o [7]
  .rodata             const    0x08053f0c     0x10  smart_config.o [7]
  .rodata             const    0x08053f1c     0x10  smart_config.o [7]
  .rodata             const    0x08053f2c     0x10  smart_config.o [7]
  .rodata             const    0x08053f3c     0x10  dns.o [7]
  .rodata             const    0x08053f4c     0x10  tcp.o [7]
  .rodata             const    0x08053f5c     0x10  wwd_wifi.o [7]
  .rodata             const    0x08053f6c     0x10  wwd_wifi.o [7]
  .rodata             const    0x08053f7c     0x10  wwd_wifi.o [7]
  .rodata             const    0x08053f8c     0x10  wwd_wifi.o [7]
  .rodata             const    0x08053f9c     0x10  wifi.o [7]
  .rodata             const    0x08053fac     0x10  lwiptcpip.o [7]
  .rodata             const    0x08053fbc     0x10  wwd_ap.o [7]
  .rodata             const    0x08053fcc     0x10  FogCloudMQTTClient.o [4]
  .rodata             const    0x08053fdc      0xc  wiced_rtos.o [7]
  .rodata             const    0x08053fe8      0xc  wifimgr.o [7]
  .rodata             const    0x08053ff4      0xc  wifimgr.o [7]
  .rodata             const    0x08054000      0xc  wifimgr.o [7]
  .rodata             const    0x0805400c      0xc  wifimgr.o [7]
  .rodata             const    0x08054018      0xc  wifimgr.o [7]
  .rodata             const    0x08054024      0xc  wifimgr.o [7]
  .rodata             const    0x08054030      0xc  wifimgr.o [7]
  .rodata             const    0x0805403c      0xc  wifimgr.o [7]
  .rodata             const    0x08054048      0xc  wifimgr.o [7]
  .rodata             const    0x08054054      0xc  wifimgr.o [7]
  .rodata             const    0x08054060      0xc  wifimgr.o [7]
  .rodata             const    0x0805406c      0xc  wifimgr.o [7]
  .rodata             const    0x08054078      0xc  memp.o [7]
  .rodata             const    0x08054084      0xc  memp.o [7]
  .rodata             const    0x08054090      0xc  memp.o [7]
  .rodata             const    0x0805409c      0xc  wwd_thread.o [7]
  .rodata             const    0x080540a8      0xc  smart_config.o [7]
  .rodata             const    0x080540b4      0xc  smart_config.o [7]
  .rodata             const    0x080540c0      0xc  smart_config.o [7]
  .rodata             const    0x080540cc      0xc  smart_config.o [7]
  .rodata             const    0x080540d8      0xc  smart_config.o [7]
  .rodata             const    0x080540e4      0xc  smart_config.o [7]
  .rodata             const    0x080540f0      0xc  smart_config.o [7]
  .rodata             const    0x080540fc      0xc  smart_config.o [7]
  .rodata             const    0x08054108      0xc  smart_config.o [7]
  .rodata             const    0x08054114      0xc  smart_config.o [7]
  .rodata             const    0x08054120      0xc  smart_config.o [7]
  .rodata             const    0x0805412c      0xc  smart_config.o [7]
  .rodata             const    0x08054138      0xc  smart_config.o [7]
  .rodata             const    0x08054144      0xc  smart_config.o [7]
  .rodata             const    0x08054150      0xc  smart_config.o [7]
  .rodata             const    0x0805415c      0xc  smart_config.o [7]
  .rodata             const    0x08054168      0xc  smart_config.o [7]
  .rodata             const    0x08054174      0xc  smart_config.o [7]
  .rodata             const    0x08054180      0xc  smart_config.o [7]
  .rodata             const    0x0805418c      0xc  smart_config.o [7]
  .rodata             const    0x08054198      0xc  smart_config.o [7]
  .rodata             const    0x080541a4      0xc  smart_config.o [7]
  .rodata             const    0x080541b0      0xc  smart_config.o [7]
  .rodata             const    0x080541bc      0xc  smart_config.o [7]
  .rodata             const    0x080541c8      0xc  smart_config.o [7]
  .rodata             const    0x080541d4      0xc  smart_config.o [7]
  .rodata             const    0x080541e0      0xc  smart_config.o [7]
  .rodata             const    0x080541ec      0xc  dns.o [7]
  .rodata             const    0x080541f8      0xc  dns.o [7]
  .rodata             const    0x08054204      0xc  dns.o [7]
  .rodata             const    0x08054210      0xc  wwd_wifi.o [7]
  .rodata             const    0x0805421c      0xc  wwd_wifi.o [7]
  .rodata             const    0x08054228      0xc  wwd_wifi.o [7]
  .rodata             const    0x08054234      0xc  wwd_wifi.o [7]
  .rodata             const    0x08054240      0xc  tcp_in.o [7]
  .rodata             const    0x0805424c      0xc  wwd_management.o [7]
  .rodata             const    0x08054258      0xc  wwd_management.o [7]
  .rodata             const    0x08054264      0xc  dns_redirect.o [7]
  .rodata             const    0x08054270      0xc  dns_redirect.o [7]
  .rodata             const    0x0805427c      0xc  wwd_ap.o [7]
  .rodata             const    0x08054288      0xc  wwd_ap.o [7]
  .rodata             const    0x08054294      0xc  wwd_ap.o [7]
  .rodata             const    0x080542a0      0xc  wwd_internal.o [7]
  .rodata             const    0x080542ac      0xc  dhcp_server.o [7]
  .rodata             const    0x080542b8      0xc  wiced_lib.o [7]
  .text               ro code  0x080542c4      0xc  cstartup_M.o [8]
  .rodata             const    0x080542d0      0x8  wiced_rtos.o [7]
  .rodata             const    0x080542d8      0x8  sockets.o [7]
  .rodata             const    0x080542e0      0x8  sockets.o [7]
  .rodata             const    0x080542e8      0x8  sockets.o [7]
  .rodata             const    0x080542f0      0x8  sockets.o [7]
  .rodata             const    0x080542f8      0x8  sockets.o [7]
  .rodata             const    0x08054300      0x8  sockets.o [7]
  .rodata             const    0x08054308      0x8  wifimgr.o [7]
  .rodata             const    0x08054310      0x8  wifimgr.o [7]
  .rodata             const    0x08054318      0x8  wifimgr.o [7]
  .rodata             const    0x08054320      0x8  wifimgr.o [7]
  .rodata             const    0x08054328      0x8  wifimgr.o [7]
  .rodata             const    0x08054330      0x8  wifimgr.o [7]
  .rodata             const    0x08054338      0x8  wifimgr.o [7]
  .rodata             const    0x08054340      0x8  wifimgr.o [7]
  .rodata             const    0x08054348      0x8  wifimgr.o [7]
  .rodata             const    0x08054350      0x8  wifimgr.o [7]
  .rodata             const    0x08054358      0x8  wifimgr.o [7]
  .rodata             const    0x08054360      0x8  wifimgr.o [7]
  .rodata             const    0x08054368      0x8  wifimgr.o [7]
  .rodata             const    0x08054370      0x8  wifimgr.o [7]
  .rodata             const    0x08054378      0x8  memp.o [7]
  .rodata             const    0x08054380      0x8  memp.o [7]
  .rodata             const    0x08054388      0x8  memp.o [7]
  .rodata             const    0x08054390      0x8  memp.o [7]
  .rodata             const    0x08054398      0x8  memp.o [7]
  .rodata             const    0x080543a0      0x8  memp.o [7]
  .rodata             const    0x080543a8      0x8  memp.o [7]
  .rodata             const    0x080543b0      0x8  memp.o [7]
  .rodata             const    0x080543b8      0x8  ostimers.o [7]
  .rodata             const    0x080543c0      0x8  tasks.o [7]
  .rodata             const    0x080543c8      0x8  smart_config.o [7]
  .rodata             const    0x080543d0      0x8  smart_config.o [7]
  .rodata             const    0x080543d8      0x8  smart_config.o [7]
  .rodata             const    0x080543e0      0x8  dns.o [7]
  .rodata             const    0x080543e8      0x8  dns.o [7]
  .rodata             const    0x080543f0      0x8  tcp.o [7]
  .rodata             const    0x080543f8      0x8  wwd_wifi.o [7]
  .rodata             const    0x08054400      0x8  wwd_wifi.o [7]
  .rodata             const    0x08054408      0x8  wwd_wifi.o [7]
  .rodata             const    0x08054410      0x8  wwd_wifi.o [7]
  .rodata             const    0x08054418      0x8  wwd_wifi.o [7]
  .rodata             const    0x08054420      0x8  tcp_in.o [7]
  .rodata             const    0x08054428      0x8  tcp_in.o [7]
  .rodata             const    0x08054430      0x8  tcp_in.o [7]
  .rodata             const    0x08054438      0x8  tcp_in.o [7]
  .rodata             const    0x08054440      0x8  wwd_management.o [7]
  .rodata             const    0x08054448      0x8  wwd_management.o [7]
  .rodata             const    0x08054450      0x8  etharp.o [7]
  .rodata             const    0x08054458      0x8  etharp.o [7]
  .rodata             const    0x08054460      0x8  etharp.o [7]
  .rodata             const    0x08054468      0x8  etharp.o [7]
  .rodata             const    0x08054470      0x8  wwd_ap.o [7]
  .rodata             const    0x08054478      0x8  wwd_network.o [7]
  .rodata             const    0x08054480      0x8  dhcp_server.o [7]
  .rodata             const    0x08054488      0x8  dhcp_server.o [7]
  .rodata             const    0x08054490      0x8  dhcp_server.o [7]
  .rodata             const    0x08054498      0x8  dhcp_server.o [7]
  .text               ro code  0x080544a0      0x8  startup_stm32f411xe_IAR.o [1]
  .rodata             const    0x080544a8      0x4  smart_config.o [7]
  .rodata             const    0x080544ac      0x4  smart_config.o [7]
  .rodata             const    0x080544b0      0x4  ip_addr.o [7]
  .rodata             const    0x080544b4      0x4  ip_addr.o [7]
  .rodata             const    0x080544b8      0x4  dhcp_server.o [7]
  .rodata             const    0x080544bc      0x4  dhcp_server.o [7]
  .rodata             const    0x080544c0      0x4  dhcp_server.o [7]
  .rodata             const    0x080544c4      0x4  dhcp_server.o [7]
  .rodata             const    0x080544c8      0x4  dhcp_server.o [7]
  .text               ro code  0x080544cc      0x4  startup_stm32f411xe_IAR.o [1]
  .text               ro code  0x080544d0      0x4  startup_stm32f411xe_IAR.o [1]
  .text               ro code  0x080544d4      0x4  startup_stm32f411xe_IAR.o [1]
  .text               ro code  0x080544d8      0x4  startup_stm32f411xe_IAR.o [1]
  .text               ro code  0x080544dc      0x4  startup_stm32f411xe_IAR.o [1]
  .text               ro code  0x080544e0      0x4  startup_stm32f411xe_IAR.o [1]
  .text               ro code  0x080544e4      0x4  startup_stm32f411xe_IAR.o [1]
  .text               ro code  0x080544e8      0x4  startup_stm32f411xe_IAR.o [1]
  .text               ro code  0x080544ec      0x4  startup_stm32f411xe_IAR.o [1]
  .text               ro code  0x080544f0      0x4  startup_stm32f411xe_IAR.o [1]
  .text               ro code  0x080544f4      0x4  startup_stm32f411xe_IAR.o [1]
  .text               ro code  0x080544f8      0x4  startup_stm32f411xe_IAR.o [1]
  .text               ro code  0x080544fc      0x4  startup_stm32f411xe_IAR.o [1]
  .text               ro code  0x08054500      0x4  startup_stm32f411xe_IAR.o [1]
  .text               ro code  0x08054504      0x4  startup_stm32f411xe_IAR.o [1]
  .text               ro code  0x08054508      0x4  startup_stm32f411xe_IAR.o [1]
  .text               ro code  0x0805450c      0x4  startup_stm32f411xe_IAR.o [1]
  .text               ro code  0x08054510      0x4  startup_stm32f411xe_IAR.o [1]
  .text               ro code  0x08054514      0x4  startup_stm32f411xe_IAR.o [1]
  .text               ro code  0x08054518      0x4  startup_stm32f411xe_IAR.o [1]
  .text               ro code  0x0805451c      0x4  startup_stm32f411xe_IAR.o [1]
  .text               ro code  0x08054520      0x4  startup_stm32f411xe_IAR.o [1]
  .text               ro code  0x08054524      0x4  startup_stm32f411xe_IAR.o [1]
  .text               ro code  0x08054528      0x4  startup_stm32f411xe_IAR.o [1]
  .text               ro code  0x0805452c      0x4  startup_stm32f411xe_IAR.o [1]
  .text               ro code  0x08054530      0x4  startup_stm32f411xe_IAR.o [1]
  .text               ro code  0x08054534      0x4  startup_stm32f411xe_IAR.o [1]
  .text               ro code  0x08054538      0x4  startup_stm32f411xe_IAR.o [1]
  .text               ro code  0x0805453c      0x4  startup_stm32f411xe_IAR.o [1]
  .text               ro code  0x08054540      0x4  startup_stm32f411xe_IAR.o [1]
  .text               ro code  0x08054544      0x4  startup_stm32f411xe_IAR.o [1]
  .text               ro code  0x08054548      0x4  startup_stm32f411xe_IAR.o [1]
  .text               ro code  0x0805454c      0x4  startup_stm32f411xe_IAR.o [1]
  .text               ro code  0x08054550      0x4  startup_stm32f411xe_IAR.o [1]
  .text               ro code  0x08054554      0x4  startup_stm32f411xe_IAR.o [1]
  .text               ro code  0x08054558      0x4  startup_stm32f411xe_IAR.o [1]
  .text               ro code  0x0805455c      0x4  startup_stm32f411xe_IAR.o [1]
  .text               ro code  0x08054560      0x4  startup_stm32f411xe_IAR.o [1]
  .text               ro code  0x08054564      0x4  startup_stm32f411xe_IAR.o [1]
  .text               ro code  0x08054568      0x4  startup_stm32f411xe_IAR.o [1]
  .text               ro code  0x0805456c      0x4  startup_stm32f411xe_IAR.o [1]
  .text               ro code  0x08054570      0x4  startup_stm32f411xe_IAR.o [1]
  .text               ro code  0x08054574      0x4  startup_stm32f411xe_IAR.o [1]
  .text               ro code  0x08054578      0x4  startup_stm32f411xe_IAR.o [1]
  .text               ro code  0x0805457c      0x4  startup_stm32f411xe_IAR.o [1]
  .text               ro code  0x08054580      0x4  startup_stm32f411xe_IAR.o [1]
  .text               ro code  0x08054584      0x4  startup_stm32f411xe_IAR.o [1]
  .text               ro code  0x08054588      0x4  startup_stm32f411xe_IAR.o [1]
  .text               ro code  0x0805458c      0x0  cstart_clearlocks.o [8]
  .text               ro code  0x0805458c      0x0  cstart_closeall.o [8]
  .rodata             const    0x0805458c      0x0  zero_init3.o [8]
  .rodata             const    0x0805458c      0x0  packbits_init.o [8]
  Initializer bytes   ro data  0x0805458c    0x259  <for P2 s0>
                             - 0x080547e5  0x4864d

"P2":                                      0x1fcf8
  P2 s0                        0x20000000   0x28fe  <Init block>
    .data             inited   0x20000000   0x2418  user_downstream.o [1]
    .data             inited   0x20002418     0xc8  button.o [1]
    __DLIB_PERTHREAD  inited   0x200024e0     0x8c  rand.o [5]
    __DLIB_PERTHREAD  inited   0x2000256c     0x88  localeconv.o [5]
    __DLIB_PERTHREAD  inited   0x200025f4     0x74  setlocale.o [5]
    .data             inited   0x20002668     0x44  bme280_user.o [1]
    .data             inited   0x200026ac     0x40  memp.o [7]
    .data             inited   0x200026ec     0x40  xfiles.o [5]
    .data             inited   0x2000272c     0x40  xfiles.o [5]
    .data             inited   0x2000276c     0x40  xfiles.o [5]
    .data             inited   0x200027ac     0x24  platform_mcu_powersave.o [1]
    .data             inited   0x200027d0     0x20  mico_mdns.o [1]
    .data             inited   0x200027f0     0x20  wiced_network.o [7]
    .data             inited   0x20002810     0x20  xfiles.o [5]
    .data             inited   0x20002830     0x1c  user_main.o [1]
    .data             inited   0x2000284c      0xc  wwd_internal.o [7]
    .data             inited   0x20002858     0x14  FogCloudUtils.o [4]
    .data             inited   0x2000286c     0x10  stm32f4xx_rcc.o [1]
    .data             inited   0x2000287c     0x10  tcp.o [7]
    .data             inited   0x2000288c      0x8  MicoFogCloudConfigServer.o [1]
    .data             inited   0x20002894      0x8  paltform_rtc.o [1]
    .data             inited   0x2000289c      0x4  json_object.o [1]
    .data             inited   0x200028a0      0x4  json_object.o [1]
    .data             inited   0x200028a4      0x4  json_tokener.o [1]
    .data             inited   0x200028a8      0x4  mico_config.o [1]
    .data             inited   0x200028ac      0x4  mico_config.o [1]
    .data             inited   0x200028b0      0x4  wifimgr.o [7]
    .data             inited   0x200028b4      0x4  wifimgr.o [7]
    .data             inited   0x200028b8      0x4  wifimgr.o [7]
    .data             inited   0x200028bc      0x4  wifimgr.o [7]
    .data             inited   0x200028c0      0x4  wifimgr.o [7]
    .data             inited   0x200028c4      0x4  wifimgr.o [7]
    .data             inited   0x200028c8      0x4  SDPCM.o [7]
    .data             inited   0x200028cc      0x4  port.o [7]
    .data             inited   0x200028d0      0x4  mftest.o [7]
    .data             inited   0x200028d4      0x4  mftest.o [7]
    .data             inited   0x200028d8      0x4  wwd_rtos.o [7]
    .data             inited   0x200028dc      0x4  tasks.o [7]
    .data             inited   0x200028e0      0x4  smart_config.o [7]
    .data             inited   0x200028e4      0x4  tcp.o [7]
    .data             inited   0x200028e8      0x4  wwd_firmware.o [7]
    .data             inited   0x200028ec      0x4  wifi.o [7]
    .data             inited   0x200028f0      0x4  wwd_ap.o [7]
    .data             inited   0x200028f4      0x4  dhcp.o [7]
    __DLIB_PERTHREAD  inited   0x200028f8      0x4  errno.o [5]
    .data             inited   0x200028fc      0x1  platform_spi.o [1]
    .data             inited   0x200028fd      0x1  smart_config.o [7]
  .bss                zero     0x20002900   0x517c  memp.o [7]
  .bss                zero     0x20007a7c    0x818  wlan_bus_sdio.o [1]
  .bss                zero     0x20008294    0x500  smart_config.o [7]
  .bss                zero     0x20008794    0x460  dns.o [7]
  .bss                zero     0x20008bf4     0x64  dhcp_server.o [7]
  .bss                zero     0x20008c58    0x338  fogCloud.o [1]
  .bss                zero     0x20008f90    0x204  dns.o [7]
  .bss                zero     0x20009194    0x1d8  dlmalloc.o [7]
  .bss                zero     0x2000936c    0x18c  user_downstream.o [1]
  .bss                zero     0x200094f8    0x180  sockets.o [7]
  .bss                zero     0x20009678    0x110  user_uart.o [1]
  .bss                zero     0x20009788    0x100  smart_config.o [7]
  .bss                zero     0x20009888    0x100  smart_config.o [7]
  .bss                zero     0x20009988     0xc8  tasks.o [7]
  .bss                zero     0x20009a50     0xc0  platform_gpio.o [1]
  .bss                zero     0x20009b10     0xa0  etharp.o [7]
  .bss                zero     0x20009bb0     0x88  wiced_network.o [7]
  .bss                zero     0x20009c38     0x80  mico_mdns.o [1]
  .bss                zero     0x20009cb8     0x80  XShHandles.o [5]
  .bss                zero     0x20009d38     0x70  wifimgr.o [7]
  .bss                zero     0x20009da8     0x60  sockets.o [7]
  .bss                zero     0x20009e08     0x60  FogCloudMQTTClient.o [4]
  .bss                zero     0x20009e68     0x58  mico_cli.o [1]
  .bss                zero     0x20009ec0     0x58  platform_init.o [1]
  .bss                zero     0x20009f18     0x50  mico_system_notification.o [1]
  .bss                zero     0x20009f68     0x50  platform.o [1]
  .bss                zero     0x20009fb8     0x50  smart_config.o [7]
  .bss                zero     0x2000a008     0x50  xfiles.o [5]
  .bss                zero     0x2000a058     0x50  xfiles.o [5]
  .bss                zero     0x2000a0a8     0x44  FogCloudMQTTClient.o [4]
  .bss                zero     0x2000a0ec     0x44  netif.o [7]
  .bss                zero     0x2000a130     0x40  system_factory_test.o [1]
  .bss                zero     0x2000a170     0x40  memp.o [7]
  .bss                zero     0x2000a1b0     0x40  memp.o [7]
  .bss                zero     0x2000a1f0     0x40  smart_config.o [7]
  .bss                zero     0x2000a230     0x3c  wifimgr.o [7]
  .bss                zero     0x2000a26c     0x3c  wifimgr.o [7]
  .bss                zero     0x2000a2a8     0x3c  wifimgr.o [7]
  .bss                zero     0x2000a2e4     0x3c  wifimgr.o [7]
  .bss                zero     0x2000a320     0x3c  SDPCM.o [7]
  .bss                zero     0x2000a35c     0x3c  wiced_network.o [7]
  .bss                zero     0x2000a398     0x38  wiced_network.o [7]
  .bss                zero     0x2000a3d0     0x38  xsyslock_mtx.o [5]
  .bss                zero     0x2000a408     0x34  tasks.o [7]
  .bss                zero     0x2000a43c     0x30  mftest.o [7]
  .bss                zero     0x2000a46c     0x30  mftest.o [7]
  .bss                zero     0x2000a49c     0x28  mico_system_monitor.o [1]
  .bss                zero     0x2000a4c4     0x28  smart_config.o [7]
  .bss                zero     0x2000a4ec     0x28  dnsclient.o [7]
  .bss                zero     0x2000a514     0x28  wiced_ping.o [7]
  .bss                zero     0x2000a53c     0x28  dhcp.o [7]
  .bss                zero     0x2000a564     0x24  mico_platform_common.o [1]
  .bss                zero     0x2000a588     0x24  wifimgr.o [7]
  .bss                zero     0x2000a5ac     0x20  config_server.o [1]
  .bss                zero     0x2000a5cc     0x20  smart_config.o [7]
  .bss                zero     0x2000a5ec     0x20  dhcp_server.o [7]
  .bss                zero     0x2000a60c     0x18  camera.o [1]
  .bss                zero     0x2000a624     0x18  platform.o [1]
  .bss                zero     0x2000a63c     0x18  mftest.o [7]
  .bss                zero     0x2000a654     0x18  dlmalloc.o [7]
  .bss                zero     0x2000a66c     0x14  wifimgr.o [7]
  .bss                zero     0x2000a680     0x14  mftest.o [7]
  .bss                zero     0x2000a694     0x14  ostimers.o [7]
  .bss                zero     0x2000a6a8     0x14  ostimers.o [7]
  .bss                zero     0x2000a6bc     0x14  tasks.o [7]
  .bss                zero     0x2000a6d0     0x14  tasks.o [7]
  .bss                zero     0x2000a6e4     0x14  tasks.o [7]
  .bss                zero     0x2000a6f8     0x14  tasks.o [7]
  .bss                zero     0x2000a70c     0x14  tasks.o [7]
  .bss                zero     0x2000a720     0x14  tcp_in.o [7]
  .bss                zero     0x2000a734     0x14  wiced_network.o [7]
  .bss                zero     0x2000a748     0x14  wiced_network.o [7]
  .bss                zero     0x2000a75c     0x10  MicoFogCloud.o [1]
  .bss                zero     0x2000a76c     0x10  paltform_rtc.o [1]
  .bss                zero     0x2000a77c     0x10  platform_watchdog.o [1]
  .bss                zero     0x2000a78c     0x10  mxchipWNET.o [7]
  .bss                zero     0x2000a79c     0x10  smart_config.o [7]
  .bss                zero     0x2000a7ac     0x10  ip_addr.o [7]
  .bss                zero     0x2000a7bc      0xc  MICOConfigDelegate.o [1]
  .bss                zero     0x2000a7c8      0xc  platform_flash.o [1]
  .bss                zero     0x2000a7d4      0xc  platform_nano_second.o [1]
  .bss                zero     0x2000a7e0      0xc  system_easylink.o [1]
  .bss                zero     0x2000a7ec      0xc  smart_config.o [7]
  .bss                zero     0x2000a7f8      0xc  dhcp.o [7]
  .bss                zero     0x2000a804      0x8  micokit_ext_mfg.o [1]
  .bss                zero     0x2000a80c      0x8  platform.o [1]
  .bss                zero     0x2000a814      0x8  wiced_rtos.o [7]
  .bss                zero     0x2000a81c      0x8  wifimgr.o [7]
  .bss                zero     0x2000a824      0x8  wifimgr.o [7]
  .bss                zero     0x2000a82c      0x8  wifimgr.o [7]
  .bss                zero     0x2000a834      0x8  FogCloudService.o [4]
  .bss                zero     0x2000a83c      0x8  smart_config.o [7]
  .bss                zero     0x2000a844      0x8  smart_config.o [7]
  .bss                zero     0x2000a84c      0x8  smart_config.o [7]
  .bss                zero     0x2000a854      0x8  dns.o [7]
  .bss                zero     0x2000a85c      0x8  wifi.o [7]
  .bss                zero     0x2000a864      0x8  wwd_management.o [7]
  .bss                zero     0x2000a86c      0x4  bme280.o [1]
  .bss                zero     0x2000a870      0x4  camera.o [1]
  .bss                zero     0x2000a874      0x4  mico_config.o [1]
  .bss                zero     0x2000a878      0x4  mico_system_init.o [1]
  .bss                zero     0x2000a87c      0x4  mico_system_para_storage.o [1]
  .bss                zero     0x2000a880      0x4  MICOAppEntrance.o [1]
  .bss                zero     0x2000a884      0x4  platform.o [1]
  .bss                zero     0x2000a888      0x4  platform_mcu_powersave.o [1]
  .bss                zero     0x2000a88c      0x4  platform_watchdog.o [1]
  .bss                zero     0x2000a890      0x4  tftp_ota.o [1]
  .bss                zero     0x2000a894      0x4  wlan_platform_common.o [1]
  .bss                zero     0x2000a898      0x4  wiced_rtos.o [7]
  .bss                zero     0x2000a89c      0x4  wiced_rtos.o [7]
  .bss                zero     0x2000a8a0      0x4  wiced_rtos.o [7]
  .bss                zero     0x2000a8a4      0x4  mxchipWNET.o [7]
  .bss                zero     0x2000a8a8      0x4  mxchipWNET.o [7]
  .bss                zero     0x2000a8ac      0x4  mxchipWNET.o [7]
  .bss                zero     0x2000a8b0      0x4  mxchipWNET.o [7]
  .bss                zero     0x2000a8b4      0x4  mxchipWNET.o [7]
  .bss                zero     0x2000a8b8      0x4  mxchipWNET.o [7]
  .bss                zero     0x2000a8bc      0x4  sockets.o [7]
  .bss                zero     0x2000a8c0      0x4  sockets.o [7]
  .bss                zero     0x2000a8c4      0x4  sockets.o [7]
  .bss                zero     0x2000a8c8      0x4  wifimgr.o [7]
  .bss                zero     0x2000a8cc      0x4  wifimgr.o [7]
  .bss                zero     0x2000a8d0      0x4  wifimgr.o [7]
  .bss                zero     0x2000a8d4      0x4  wifimgr.o [7]
  .bss                zero     0x2000a8d8      0x4  wifimgr.o [7]
  .bss                zero     0x2000a8dc      0x4  wifimgr.o [7]
  .bss                zero     0x2000a8e0      0x4  wifimgr.o [7]
  .bss                zero     0x2000a8e4      0x4  wifimgr.o [7]
  .bss                zero     0x2000a8e8      0x4  wifimgr.o [7]
  .bss                zero     0x2000a8ec      0x4  wifimgr.o [7]
  .bss                zero     0x2000a8f0      0x4  wifimgr.o [7]
  .bss                zero     0x2000a8f4      0x4  wifimgr.o [7]
  .bss                zero     0x2000a8f8      0x4  SDPCM.o [7]
  .bss                zero     0x2000a8fc      0x4  SDPCM.o [7]
  .bss                zero     0x2000a900      0x4  SDPCM.o [7]
  .bss                zero     0x2000a904      0x4  SDPCM.o [7]
  .bss                zero     0x2000a908      0x4  SDPCM.o [7]
  .bss                zero     0x2000a90c      0x4  SDPCM.o [7]
  .bss                zero     0x2000a910      0x4  SDPCM.o [7]
  .bss                zero     0x2000a914      0x4  SDPCM.o [7]
  .bss                zero     0x2000a918      0x4  mftest.o [7]
  .bss                zero     0x2000a91c      0x4  mftest.o [7]
  .bss                zero     0x2000a920      0x4  mftest.o [7]
  .bss                zero     0x2000a924      0x4  mftest.o [7]
  .bss                zero     0x2000a928      0x4  wwd_thread.o [7]
  .bss                zero     0x2000a92c      0x4  wwd_thread.o [7]
  .bss                zero     0x2000a930      0x4  wwd_thread.o [7]
  .bss                zero     0x2000a934      0x4  wwd_thread.o [7]
  .bss                zero     0x2000a938      0x4  ostimers.o [7]
  .bss                zero     0x2000a93c      0x4  ostimers.o [7]
  .bss                zero     0x2000a940      0x4  ostimers.o [7]
  .bss                zero     0x2000a944      0x4  ostimers.o [7]
  .bss                zero     0x2000a948      0x4  tasks.o [7]
  .bss                zero     0x2000a94c      0x4  tasks.o [7]
  .bss                zero     0x2000a950      0x4  tasks.o [7]
  .bss                zero     0x2000a954      0x4  tasks.o [7]
  .bss                zero     0x2000a958      0x4  tasks.o [7]
  .bss                zero     0x2000a95c      0x4  tasks.o [7]
  .bss                zero     0x2000a960      0x4  tasks.o [7]
  .bss                zero     0x2000a964      0x4  tasks.o [7]
  .bss                zero     0x2000a968      0x4  tasks.o [7]
  .bss                zero     0x2000a96c      0x4  tasks.o [7]
  .bss                zero     0x2000a970      0x4  tasks.o [7]
  .bss                zero     0x2000a974      0x4  tasks.o [7]
  .bss                zero     0x2000a978      0x4  tasks.o [7]
  .bss                zero     0x2000a97c      0x4  tasks.o [7]
  .bss                zero     0x2000a980      0x4  smart_config.o [7]
  .bss                zero     0x2000a984      0x4  smart_config.o [7]
  .bss                zero     0x2000a988      0x4  smart_config.o [7]
  .bss                zero     0x2000a98c      0x4  smart_config.o [7]
  .bss                zero     0x2000a990      0x4  smart_config.o [7]
  .bss                zero     0x2000a994      0x4  smart_config.o [7]
  .bss                zero     0x2000a998      0x4  smart_config.o [7]
  .bss                zero     0x2000a99c      0x4  smart_config.o [7]
  .bss                zero     0x2000a9a0      0x4  smart_config.o [7]
  .bss                zero     0x2000a9a4      0x4  smart_config.o [7]
  .bss                zero     0x2000a9a8      0x4  smart_config.o [7]
  .bss                zero     0x2000a9ac      0x4  smart_config.o [7]
  .bss                zero     0x2000a9b0      0x4  smart_config.o [7]
  .bss                zero     0x2000a9b4      0x4  smart_config.o [7]
  .bss                zero     0x2000a9b8      0x4  smart_config.o [7]
  .bss                zero     0x2000a9bc      0x4  smart_config.o [7]
  .bss                zero     0x2000a9c0      0x4  smart_config.o [7]
  .bss                zero     0x2000a9c4      0x4  smart_config.o [7]
  .bss                zero     0x2000a9c8      0x4  smart_config.o [7]
  .bss                zero     0x2000a9cc      0x4  smart_config.o [7]
  .bss                zero     0x2000a9d0      0x4  smart_config.o [7]
  .bss                zero     0x2000a9d4      0x4  wps_host.o [7]
  .bss                zero     0x2000a9d8      0x4  wps_host.o [7]
  .bss                zero     0x2000a9dc      0x4  dns.o [7]
  .bss                zero     0x2000a9e0      0x4  dns.o [7]
  .bss                zero     0x2000a9e4      0x4  tcp.o [7]
  .bss                zero     0x2000a9e8      0x4  tcp.o [7]
  .bss                zero     0x2000a9ec      0x4  tcp.o [7]
  .bss                zero     0x2000a9f0      0x4  tcp.o [7]
  .bss                zero     0x2000a9f4      0x4  tcp.o [7]
  .bss                zero     0x2000a9f8      0x4  tcp.o [7]
  .bss                zero     0x2000a9fc      0x4  tcp.o [7]
  .bss                zero     0x2000aa00      0x4  tcp.o [7]
  .bss                zero     0x2000aa04      0x4  wwd_wifi.o [7]
  .bss                zero     0x2000aa08      0x4  wwd_wifi.o [7]
  .bss                zero     0x2000aa0c      0x4  wwd_wifi.o [7]
  .bss                zero     0x2000aa10      0x4  wwd_wifi.o [7]
  .bss                zero     0x2000aa14      0x4  wwd_wifi.o [7]
  .bss                zero     0x2000aa18      0x4  wifi.o [7]
  .bss                zero     0x2000aa1c      0x4  wifi.o [7]
  .bss                zero     0x2000aa20      0x4  wifi.o [7]
  .bss                zero     0x2000aa24      0x4  wifi.o [7]
  .bss                zero     0x2000aa28      0x4  wifi.o [7]
  .bss                zero     0x2000aa2c      0x4  tcp_in.o [7]
  .bss                zero     0x2000aa30      0x4  tcp_in.o [7]
  .bss                zero     0x2000aa34      0x4  tcp_in.o [7]
  .bss                zero     0x2000aa38      0x4  tcp_in.o [7]
  .bss                zero     0x2000aa3c      0x4  tcp_in.o [7]
  .bss                zero     0x2000aa40      0x4  tcp_in.o [7]
  .bss                zero     0x2000aa44      0x4  igmp.o [7]
  .bss                zero     0x2000aa48      0x4  igmp.o [7]
  .bss                zero     0x2000aa4c      0x4  igmp.o [7]
  .bss                zero     0x2000aa50      0x4  igmp.o [7]
  .bss                zero     0x2000aa54      0x4  lwiptcpip.o [7]
  .bss                zero     0x2000aa58      0x4  lwiptcpip.o [7]
  .bss                zero     0x2000aa5c      0x4  lwiptcpip.o [7]
  .bss                zero     0x2000aa60      0x4  mxchip_debug.o [7]
  .bss                zero     0x2000aa64      0x4  mxchip_debug.o [7]
  .bss                zero     0x2000aa68      0x4  dnsclient.o [7]
  .bss                zero     0x2000aa6c      0x4  ip.o [7]
  .bss                zero     0x2000aa70      0x4  ip.o [7]
  .bss                zero     0x2000aa74      0x4  ip.o [7]
  .bss                zero     0x2000aa78      0x4  ip.o [7]
  .bss                zero     0x2000aa7c      0x4  ip.o [7]
  .bss                zero     0x2000aa80      0x4  udp.o [7]
  .bss                zero     0x2000aa84      0x4  wiced_network.o [7]
  .bss                zero     0x2000aa88      0x4  wiced_network.o [7]
  .bss                zero     0x2000aa8c      0x4  wwd_ap.o [7]
  .bss                zero     0x2000aa90      0x4  logging.o [7]
[...]
wiced_bus_deinit        0x08028da1    0x14  Code  Gb  wwd_bus_protocol.o [7]
wiced_bus_ensure_wlan_bus_is_up
                        0x080292e7    0x72  Code  Gb  wwd_bus_protocol.o [7]
wiced_bus_flow_controlled
                        0x2000aaef     0x1  Data  Lc  wwd_bus_protocol.o [7]
wiced_bus_init          0x08028a9d   0x304  Code  Gb  wwd_bus_protocol.o [7]
wiced_bus_interrupt     0x2000aadb     0x1  Data  Lc  wwd_thread.o [7]
wiced_bus_is_flow_controlled
                        0x0802937f     0x6  Code  Gb  wwd_bus_protocol.o [7]
wiced_bus_poke_wlan     0x08029359     0xe  Code  Gb  wwd_bus_protocol.o [7]
wiced_bus_process_interrupt
                        0x08028db5    0x22  Code  Gb  wwd_bus_protocol.o [7]
wiced_bus_set_flow_control
                        0x08029367    0x18  Code  Gb  wwd_bus_protocol.o [7]
wiced_bus_transfer_buffer
                        0x08028a65    0x38  Code  Gb  wwd_bus_protocol.o [7]
wiced_bus_transfer_bytes
                        0x08028fbd    0x16  Code  Gb  wwd_bus_protocol.o [7]
wiced_device_core_is_up
                        0x08034fe9    0x5c  Code  Gb  wwd_internal.o [7]
wiced_dhcp_handle       0x2000a35c    0x3c  Data  Gb  wiced_network.o [7]
wiced_disable_device_core
                        0x08035045    0x9e  Code  Gb  wwd_internal.o [7]
wiced_dns_redirector_start
                        0x0801eb59    0x42  Code  Gb  dns_redirect.o [7]
wiced_dns_redirector_stop
                        0x0801eb9b    0x30  Code  Gb  dns_redirect.o [7]
wiced_download_firmware
                        0x0802916d    0xfa  Code  Lc  wwd_bus_protocol.o [7]
wiced_get_available_bus_credits
                        0x0801d1a7     0xe  Code  Gb  SDPCM.o [7]
wiced_get_core_address  0x08034fdd     0xc  Code  Lc  wwd_internal.o [7]
wiced_get_ioctl_buffer  0x0801d0bd    0x26  Code  Gb  SDPCM.o [7]
wiced_get_iovar_buffer  0x0801d055    0x68  Code  Gb  SDPCM.o [7]
wiced_get_mac_addr      0x0801b531    0x10  Code  Gb  wwd_management.o [7]
wiced_get_next_buffer_in_queue
                        0x0801d245     0xa  Code  Lc  SDPCM.o [7]
wiced_get_packet_to_send
                        0x0801d0e3    0xc4  Code  Gb  SDPCM.o [7]
wiced_handle_apsta_event
                        0x0801ed21    0x2e  Code  Lc  wwd_ap.o [7]
wiced_init              0x08014d35    0x84  Code  Gb  wifi.o [7]
wiced_init_sdpcm        0x0801c6ed    0xe4  Code  Gb  SDPCM.o [7]
wiced_inited            0x2000aada     0x1  Data  Lc  wwd_thread.o [7]
wiced_initialised       0x2000aae7     0x1  Data  Lc  wifi.o [7]
wiced_ioctl_response    0x2000a8fc     0x4  Data  Lc  SDPCM.o [7]
wiced_ioctl_sleep       0x2000a900     0x4  Data  Lc  SDPCM.o [7]
wiced_ip_broadcast      0x08053ce4    0x14  Data  Gb  wiced_network.o [7]
wiced_ip_down           0x08013775    0x7e  Code  Gb  wiced_network.o [7]
wiced_ip_get_gateway_address
                        0x080178f9    0x24  Code  Gb  tcpip.o [7]
wiced_ip_get_ipaddr     0x08017941    0x56  Code  Gb  tcpip.o [7]
wiced_ip_get_ipv4_address
                        0x08017cbb    0x24  Code  Gb  tcpip.o [7]
wiced_ip_get_netmask    0x0801791d    0x24  Code  Gb  tcpip.o [7]
wiced_ip_handle         0x20009bb0    0x88  Data  Gb  wiced_network.o [7]
wiced_ip_up             0x08013505   0x270  Code  Gb  wiced_network.o [7]
wiced_join_events_handler
                        0x08010385   0x12a  Code  Lc  wwd_wifi.o [7]
wiced_join_status       0x2000aa10     0x4  Data  Gb  wwd_wifi.o [7]
wiced_mac_addr          0x2000a864     0x8  Data  Lc  wwd_management.o [7]
wiced_management_init   0x0801b31d    0x1e  Code  Gb  wwd_management.o [7]
wiced_management_set_event_handler
                        0x0801cec1     0xa  Code  Gb  SDPCM.o [7]
wiced_management_wifi_off
                        0x0801b4e1    0x50  Code  Gb  wwd_management.o [7]
wiced_management_wifi_on
                        0x0801b33b   0x1a6  Code  Gb  wwd_management.o [7]
wiced_network_init      0x08013435    0x96  Code  Gb  wiced_network.o [7]
wiced_network_link_renew_handler
                        0x080137f3    0x18  Code  Gb  wiced_network.o [7]
wiced_network_resume    0x080134f1    0x14  Code  Gb  wiced_network.o [7]
wiced_network_send_ethernet_data
                        0x0801c84f    0x8a  Code  Gb  SDPCM.o [7]
wiced_network_suspend   0x080134dd    0x14  Code  Gb  wiced_network.o [7]
wiced_networking_worker_thread
                        0x2000a814     0x8  Data  Gb  wiced_rtos.o [7]
wiced_packet_create_tcp
                        0x08017b8b    0x6c  Code  Gb  tcpip.o [7]
wiced_packet_create_udp
                        0x08017bf7    0x12  Code  Gb  tcpip.o [7]
wiced_packet_delete     0x08017c09     0xa  Code  Gb  tcpip.o [7]
wiced_packet_get_data   0x08017c45    0x76  Code  Gb  tcpip.o [7]
wiced_packet_set_data_end
                        0x08017c13    0x16  Code  Gb  tcpip.o [7]
wiced_ping              0x080178d1    0x28  Code  Gb  tcpip.o [7]
wiced_ping_send         0x0802649d    0x8c  Code  Gb  wiced_ping.o [7]
wiced_process_bus_credit_update
                        0x0801c8d9    0x72  Code  Gb  SDPCM.o [7]
wiced_process_sdpcm     0x0801c94b   0x372  Code  Gb  SDPCM.o [7]
wiced_quit_sdpcm        0x0801c7d1    0x4e  Code  Gb  SDPCM.o [7]
wiced_read_backplane_value
                        0x08028f69    0x36  Code  Gb  wwd_bus_protocol.o [7]
wiced_read_frame        0x08028dd7   0x160  Code  Gb  wwd_bus_protocol.o [7]
wiced_read_register_value
                        0x080292b5    0x32  Code  Lc  wwd_bus_protocol.o [7]
wiced_receive_one_packet
                        0x080294af    0x38  Code  Gb  wwd_thread.o [7]
wiced_reset_device_core
                        0x080350e3    0x9e  Code  Gb  wwd_internal.o [7]
wiced_rtos_create_thread
                        0x08013929    0x4e  Code  Gb  wiced_rtos.o [7]
wiced_rtos_create_worker_thread
                        0x08013bc3    0x5a  Code  Gb  wiced_rtos.o [7]
wiced_rtos_deinit_queue
                        0x08013b03     0xc  Code  Gb  wiced_rtos.o [7]
wiced_rtos_deinit_semaphore
                        0x08013a8b    0x16  Code  Gb  wiced_rtos.o [7]
wiced_rtos_deinit_timer
                        0x08013b85    0x22  Code  Gb  wiced_rtos.o [7]
wiced_rtos_delay_milliseconds
                        0x080139d9     0xa  Code  Gb  wiced_rtos.o [7]
wiced_rtos_delete_thread
                        0x08013977    0x24  Code  Gb  wiced_rtos.o [7]
wiced_rtos_deregister_timed_event
                        0x08013c65    0x24  Code  Gb  wiced_rtos.o [7]
wiced_rtos_get_semaphore
                        0x08013a23    0x22  Code  Gb  wiced_rtos.o [7]
wiced_rtos_init         0x08013907    0x22  Code  Gb  wiced_rtos.o [7]
wiced_rtos_init_queue   0x08013aa1    0x1e  Code  Gb  wiced_rtos.o [7]
wiced_rtos_init_semaphore
                        0x08013a01    0x22  Code  Gb  wiced_rtos.o [7]
wiced_rtos_init_timer   0x08013b25    0x36  Code  Gb  wiced_rtos.o [7]
wiced_rtos_is_current_thread
                        0x080139b5    0x18  Code  Gb  wiced_rtos.o [7]
wiced_rtos_pop_from_queue
                        0x08013ae1    0x22  Code  Gb  wiced_rtos.o [7]
wiced_rtos_push_to_queue
                        0x08013abf    0x22  Code  Gb  wiced_rtos.o [7]
wiced_rtos_register_timed_event
                        0x08013c1d    0x48  Code  Gb  wiced_rtos.o [7]
wiced_rtos_send_asynchronous_event
                        0x08013c89    0x14  Code  Gb  wiced_rtos.o [7]
wiced_rtos_set_semaphore
                        0x08013a45    0x46  Code  Gb  wiced_rtos.o [7]
wiced_rtos_start_timer  0x08013b5b    0x2a  Code  Gb  wiced_rtos.o [7]
wiced_rtos_thread_force_awake
                        0x080139cd     0xc  Code  Gb  wiced_rtos.o [7]
wiced_rtos_thread_join  0x0801399b    0x1a  Code  Gb  wiced_rtos.o [7]
wiced_sdio_redirect_oob_interrupt
                        0x080293a7    0x36  Code  Lc  wwd_bus_protocol.o [7]
wiced_sdio_transfer     0x08028fd3    0x92  Code  Lc  wwd_bus_protocol.o [7]
wiced_sdpcm_ioctl_mutex
                        0x2000a8f8     0x4  Data  Lc  SDPCM.o [7]
wiced_sdpcm_send_queue_head
                        0x2000a90c     0x4  Data  Lc  SDPCM.o [7]
wiced_sdpcm_send_queue_mutex
                        0x2000a908     0x4  Data  Lc  SDPCM.o [7]
wiced_sdpcm_send_queue_tail
                        0x2000a910     0x4  Data  Lc  SDPCM.o [7]
wiced_send_ioctl        0x0801ccc1   0x200  Code  Gb  SDPCM.o [7]
wiced_send_iovar        0x0801c81f    0x30  Code  Gb  SDPCM.o [7]
wiced_send_one_packet   0x0802946f    0x40  Code  Gb  wwd_thread.o [7]
wiced_send_sdpcm_common
                        0x0801d1b5    0x90  Code  Lc  SDPCM.o [7]
wiced_set_backplane_window
                        0x08034f35    0xa8  Code  Gb  wwd_internal.o [7]
wiced_set_next_buffer_in_queue
                        0x0801d24f     0xe  Code  Lc  SDPCM.o [7]
wiced_start_dhcp_server
                        0x08023df5    0x58  Code  Gb  dhcp_server.o [7]
wiced_stop_dhcp         0x0801380b     0x8  Code  Gb  wiced_network.o [7]
wiced_stop_dhcp_server  0x08023e4d    0x2a  Code  Gb  dhcp_server.o [7]
wiced_tcp_bind          0x08017a9f    0x4a  Code  Gb  tcpip.o [7]
wiced_tcp_connect       0x080179f5    0xaa  Code  Gb  tcpip.o [7]
wiced_tcp_create_socket
                        0x08017997    0x5e  Code  Gb  tcpip.o [7]
wiced_tcp_send_packet   0x08017ae9    0x20  Code  Gb  tcpip.o [7]
wiced_tcp_start_tls     0x08026c13     0x6  Code  Gb  mxchipbesl.o [7]
wiced_thread            0x2000a930     0x4  Data  Lc  wwd_thread.o [7]
wiced_thread_func       0x08029549   0x108  Code  Lc  wwd_thread.o [7]
wiced_thread_init       0x08029421    0x4e  Code  Gb  wwd_thread.o [7]
wiced_thread_notify     0x08029531    0x14  Code  Gb  wwd_thread.o [7]
wiced_thread_quit       0x080294e7    0x28  Code  Gb  wwd_thread.o [7]
wiced_thread_quit_flag  0x2000aad9     0x1  Data  Lc  wwd_thread.o [7]
wiced_time_get_time     0x080139e3    0x1e  Code  Gb  wiced_rtos.o [7]
wiced_time_offset       0x2000a89c     0x4  Data  Lc  wiced_rtos.o [7]
wiced_tls_encrypt_packet
                        0x08026c0d     0x6  Code  Gb  mxchipbesl.o [7]
wiced_transceive_semaphore
                        0x2000a934     0x4  Data  Lc  wwd_thread.o [7]
wiced_udp_create_socket
                        0x08017cdf    0x7c  Code  Gb  tcpip.o [7]
wiced_udp_delete_socket
                        0x08017e15    0x1e  Code  Gb  tcpip.o [7]
wiced_udp_packet_get_info
                        0x08017c29    0x1c  Code  Gb  tcpip.o [7]
wiced_udp_receive       0x08017dd7    0x3e  Code  Gb  tcpip.o [7]
wiced_udp_send          0x08017d5b    0x7c  Code  Gb  tcpip.o [7]
wiced_using_dhcp        0x2000aaeb     0x1  Data  Lc  wiced_network.o [7]
wiced_wifi_add_packet_filter
                        0x08010ab1    0x86  Code  Gb  wwd_wifi.o [7]
wiced_wifi_ap_is_up     0x2000aaed     0x1  Data  Gb  wwd_ap.o [7]
wiced_wifi_disable_monitor_mode
                        0x08010965    0x5c  Code  Gb  wwd_wifi.o [7]
wiced_wifi_enable_monitor_mode
                        0x08010901    0x5c  Code  Gb  wwd_wifi.o [7]
wiced_wifi_enable_packet_filter
                        0x08010b6b     0xc  Code  Gb  wwd_wifi.o [7]
wiced_wifi_enable_powersave_with_throughput
                        0x080105ad    0x8a  Code  Gb  wwd_wifi.o [7]
wiced_wifi_get_ap_name  0x08010bb5    0x72  Code  Gb  wwd_wifi.o [7]
wiced_wifi_get_channel  0x080109e9     0xc  Code  Gb  wwd_wifi.o [7]
wiced_wifi_get_mac_address
                        0x080104af    0x4e  Code  Gb  wwd_wifi.o [7]
wiced_wifi_get_pmk      0x08010649    0x86  Code  Gb  wwd_wifi.o [7]
wiced_wifi_get_rssi     0x080108b5    0x4c  Code  Gb  wwd_wifi.o [7]
wiced_wifi_get_wifi_version
                        0x08010c83    0x52  Code  Gb  wwd_wifi.o [7]
wiced_wifi_is_packet_from_ap
                        0x0801f1a5     0xe  Code  Gb  wwd_ap.o [7]
wiced_wifi_is_ready_to_transceive
                        0x08010539    0x70  Code  Gb  wwd_wifi.o [7]
wiced_wifi_join         0x0800fceb   0x108  Code  Gb  wwd_wifi.o [7]
wiced_wifi_join_specific
                        0x0800fdf3   0x194  Code  Gb  wwd_wifi.o [7]
wiced_wifi_leave        0x0801031d    0x66  Code  Gb  wwd_wifi.o [7]
wiced_wifi_prepare_join
                        0x0800ff87   0x396  Code  Lc  wwd_wifi.o [7]
wiced_wifi_register_multicast_address
                        0x080106cf    0xd0  Code  Gb  wwd_wifi.o [7]
wiced_wifi_remove_packet_filter
                        0x08010b3d    0x2e  Code  Gb  wwd_wifi.o [7]
wiced_wifi_scan         0x0800f855   0x12c  Code  Gb  wwd_wifi.o [7]
wiced_wifi_scan_networks
                        0x08014db9   0x11c  Code  Gb  wifi.o [7]
wiced_wifi_set_channel  0x08010a33     0xc  Code  Gb  wwd_wifi.o [7]
wiced_wifi_set_down     0x080109c5    0x20  Code  Gb  wwd_wifi.o [7]
wiced_wifi_set_maxassoc
                        0x08010cd5    0x2c  Code  Gb  wwd_wifi.o [7]
wiced_wifi_set_nmode    0x08010505    0x2e  Code  Gb  wwd_wifi.o [7]
wiced_wifi_sleep_flag   0x2000aa8c     0x4  Data  Lc  wwd_ap.o [7]
wiced_wifi_start_ap     0x0801ed4f   0x332  Code  Gb  wwd_ap.o [7]
wiced_wifi_stop_ap      0x0801f085    0xea  Code  Gb  wwd_ap.o [7]
wiced_wifi_stop_scan    0x0800f981    0x58  Code  Gb  wwd_wifi.o [7]
wiced_wifi_toggle_packet_filter
                        0x08010b77    0x32  Code  Gb  wwd_wifi.o [7]
wiced_wifi_unregister_multicast_address
                        0x0801079f    0xf0  Code  Gb  wwd_wifi.o [7]
wiced_wlan_status       0x2000284c     0xc  Data  Gb  wwd_internal.o [7]
wiced_write_backplane_value
                        0x08028f37    0x32  Code  Gb  wwd_bus_protocol.o [7]
wiced_write_register_value
                        0x08028f9f    0x1e  Code  Gb  wwd_bus_protocol.o [7]
wiced_write_wifi_firmware_image
                        0x08035195    0xbe  Code  Gb  wwd_firmware.o [7]
wiced_write_wifi_nvram_image
                        0x08035253   0x160  Code  Gb  wwd_firmware.o [7]
wifi_control_pins       0x08051bc0    0x10  Data  Gb  platform.o [1]
wifi_join_aping         0x2000aae6     0x1  Data  Lc  wwd_wifi.o [7]
wifi_mgmt_parse         0x0800e425   0x10e  Code  Lc  smart_config.o [7]
wifi_nvram_image        0x08051c08   0x30c  Data  Lc  wwd_firmware.o [7]
wifi_power_down         0x0800f247    0x26  Code  Gb  mxchipWNET.o [7]
wifi_power_is_down      0x2000a8a8     0x4  Data  Lc  mxchipWNET.o [7]
wifi_reboot_event       0x0800f4ad    0x16  Code  Gb  mico_system_notification.o [1]
wifi_reboot_only        0x08012199    0x34  Code  Gb  wifimgr.o [7]
wifi_sdio_pins          0x08051bd0    0x38  Data  Gb  platform.o [1]
wifi_status_callback    0x0800ece7    0x74  Code  Gb  mxchipWNET.o [7]
wifi_up                 0x2000a890     0x4  Data  Lc  tftp_ota.o [1]
wifidebug_Command       0x080128c9    0x70  Code  Gb  wifimgr.o [7]
wifimgr_debug_enable    0x08010d21    0x1c  Code  Gb  wifimgr.o [7]
wifimgr_sem             0x2000a8d8     0x4  Data  Lc  wifimgr.o [7]
wifimgr_thread          0x08012301   0x148  Code  Lc  wifimgr.o [7]
wifiscan_Command        0x08012985   0x268  Code  Gb  wifimgr.o [7]
wifistate_Command       0x080126e5   0x1da  Code  Gb  wifimgr.o [7]
wlan_disconnect         0x080116b9    0x48  Code  Gb  wifimgr.o [7]
wlan_driver_version     0x0800f2f7     0xa  Code  Gb  mxchipWNET.o [7]
wlan_get_mac_address    0x0801204f     0x8  Code  Gb  wifimgr.o [7]
wlan_init               0x0801216d    0x28  Code  Gb  wifimgr.o [7]
wlan_notify_irq         0x0802950f    0x22  Code  Gb  wwd_thread.o [7]
wlu_is_ali_ie           0x0800d82f    0x36  Code  Lc  smart_config.o [7]
wlu_is_wpa_ie           0x08010c4d    0x36  Code  Lc  wwd_wifi.o [7]
wlu_parse_tlvs          0x0800d809    0x26  Code  Lc  smart_config.o [7]
wlu_parse_tlvs          0x08010c27    0x26  Code  Lc  wwd_wifi.o [7]
work_mode               0x2000a9d0     0x4  Data  Lc  smart_config.o [7]
worker_thread_main      0x08013ba7    0x1c  Code  Lc  wiced_rtos.o [7]
wps_running             0x2000aae1     0x1  Data  Lc  wps_host.o [7]
write                   0x0800f121     0xa  Code  Gb  mxchipWNET.o [7]
writeCString            0x0804c527    0x38  Code  Gb  MQTTPacket.o [4]
writeChar               0x0804c507     0x4  Code  Gb  MQTTPacket.o [4]
writeInt                0x0804c50b    0x12  Code  Gb  MQTTPacket.o [4]
writeMQTTString         0x0804c55f    0x58  Code  Gb  MQTTPacket.o [4]
wwd_management_set_event_handler
                        0x0801cecb   0x18a  Code  Gb  SDPCM.o [7]
wwd_thread_line         0x2000a928     0x4  Data  Gb  wwd_thread.o [7]
wwd_wifi_get_channel    0x080109f5    0x3e  Code  Gb  wwd_wifi.o [7]
wwd_wifi_set_channel    0x08010a3f    0x62  Code  Gb  wwd_wifi.o [7]
xActiveTimerList1       0x2000a694    0x14  Data  Lc  ostimers.o [7]
xActiveTimerList2       0x2000a6a8    0x14  Data  Lc  ostimers.o [7]
xDelayedTaskList1       0x2000a6bc    0x14  Data  Lc  tasks.o [7]
xDelayedTaskList2       0x2000a6d0    0x14  Data  Lc  tasks.o [7]
xMissedYield            0x2000a974     0x4  Data  Lc  tasks.o [7]
xNextTaskUnblockTime    0x200028dc     0x4  Data  Lc  tasks.o [7]
xNumOfOverflows         0x2000a978     0x4  Data  Lc  tasks.o [7]
xPendingReadyList       0x2000a6e4    0x14  Data  Lc  tasks.o [7]
xPortPendSVHandler      0x080254df          Code  Gb  portasm.o [7]
xPortStartScheduler     0x08025003    0x3c  Code  Gb  port.o [7]
xPortSysTickHandler     0x08025075    0x1a  Code  Gb  port.o [7]
xQueueCreateCountingSemaphore
                        0x08021ea7    0x14  Code  Gb  queue.o [7]
xQueueCreateMutex       0x08021e4b    0x5c  Code  Gb  queue.o [7]
xQueueGenericCreate     0x08021dcd    0x7e  Code  Gb  queue.o [7]
xQueueGenericReceive    0x08021fe5   0x156  Code  Gb  queue.o [7]
xQueueGenericSend       0x08021ebb    0xd4  Code  Gb  queue.o [7]
xQueueGenericSendFromISR
                        0x08021f8f    0x56  Code  Gb  queue.o [7]
xQueueIsQueueEmptyFromISR
                        0x08022279     0xe  Code  Gb  queue.o [7]
xQueueIsQueueFullFromISR
                        0x080222a5    0x10  Code  Gb  queue.o [7]
xSchedulerRunning       0x2000a968     0x4  Data  Lc  tasks.o [7]
xSuspendedTaskList      0x2000a70c    0x14  Data  Lc  tasks.o [7]
xTaskCheckForTimeOut    0x080148b7    0x60  Code  Gb  tasks.o [7]
xTaskForceAwakeClearPending
                        0x080143d3     0xc  Code  Gb  tasks.o [7]
xTaskForceAwakePending  0x080143c9     0xa  Code  Gb  tasks.o [7]
xTaskGenericCreate      0x08014091   0x130  Code  Gb  tasks.o [7]
xTaskGetCurrentTaskHandle
                        0x08014c17     0x6  Code  Gb  tasks.o [7]
xTaskGetCurrentThread   0x08014375     0x8  Code  Gb  tasks.o [7]
xTaskGetSchedulerState  0x08014c1d    0x1c  Code  Gb  tasks.o [7]
xTaskGetTickCount       0x08014571    0x14  Code  Gb  tasks.o [7]
xTaskGetTickCountFromISR
                        0x08014585    0x16  Code  Gb  tasks.o [7]
xTaskIsTaskFinished     0x08014305    0x70  Code  Gb  tasks.o [7]
xTaskIsTaskSuspended    0x080142e3    0x22  Code  Gb  tasks.o [7]
xTaskRemoveFromEventList
                        0x08014845    0x62  Code  Gb  tasks.o [7]
xTaskResumeAll          0x0801449f    0xd2  Code  Gb  tasks.o [7]
xTasksWaitingTermination
                        0x2000a6f8    0x14  Data  Lc  tasks.o [7]
xTickCount              0x2000a95c     0x4  Data  Lc  tasks.o [7]
xTimerCreate            0x08025107    0x4c  Code  Gb  ostimers.o [7]
xTimerCreateTimerTask   0x080250cd    0x3a  Code  Gb  ostimers.o [7]
xTimerGenericCommand    0x08025153    0x52  Code  Gb  ostimers.o [7]
xTimerQueue             0x2000a940     0x4  Data  Lc  ostimers.o [7]
xorbuf                  0x0802bc23    0x32  Code  Lc  aes.o [7]


[1] = C:\OneDrive\CODE\MICO\SDK_MiCOKit_v2.4.0.0\Build\Cloud_RGB_Humiture\MiCOKit-3165\obj_EWARM
[2] = C:\OneDrive\CODE\MICO\SDK_MiCOKit_v2.4.0.0\MICO\system\tftp_ota
[3] = command line
[4] = FogCloud_cm4_release.a
[5] = dl7M_tlf.a
[6] = m7M_tlv.a
[7] = mxchipWNet_cm4f_sdio.a
[8] = rt7M_tl.a
[9] = shb_l.a

  275 864 bytes of readonly  code memory
   21 069 bytes of readonly  data memory
  130 289 bytes of readwrite data memory

Errors: none
Warnings: none
