###############################################################################
#
# IAR ELF Linker V7.30.1.7746/W32 for ARM                 06/Feb/2016  15:35:41
# Copyright 2007-2014 IAR Systems AB.
#
#    Output file  =  
#        C:\OneDrive\CODE\MICO\SDK_MiCOKit_v2.4.0.0\Build\MiCOKit_Enjoy\output\MiCOKit-3165\COM.MXCHIP.SPP.out
#    Map file     =  
#        C:\OneDrive\CODE\MICO\SDK_MiCOKit_v2.4.0.0\Build\MiCOKit_Enjoy\MiCOKit-3165\list_EWARM\COM.MXCHIP.SPP.map
#    Command line =  
#        C:\OneDrive\CODE\MICO\SDK_MiCOKit_v2.4.0.0\Build\MiCOKit_Enjoy\MiCOKit-3165\obj_EWARM\arraylist.o
#        C:\OneDrive\CODE\MICO\SDK_MiCOKit_v2.4.0.0\Build\MiCOKit_Enjoy\MiCOKit-3165\obj_EWARM\AsciiLib.o
#        C:\OneDrive\CODE\MICO\SDK_MiCOKit_v2.4.0.0\Build\MiCOKit_Enjoy\MiCOKit-3165\obj_EWARM\bme280.o
#        C:\OneDrive\CODE\MICO\SDK_MiCOKit_v2.4.0.0\Build\MiCOKit_Enjoy\MiCOKit-3165\obj_EWARM\bme280_user.o
#        C:\OneDrive\CODE\MICO\SDK_MiCOKit_v2.4.0.0\Build\MiCOKit_Enjoy\MiCOKit-3165\obj_EWARM\button.o
#        C:\OneDrive\CODE\MICO\SDK_MiCOKit_v2.4.0.0\Build\MiCOKit_Enjoy\MiCOKit-3165\obj_EWARM\CheckSumUtils.o
#        C:\OneDrive\CODE\MICO\SDK_MiCOKit_v2.4.0.0\Build\MiCOKit_Enjoy\MiCOKit-3165\obj_EWARM\config_server.o
#        C:\OneDrive\CODE\MICO\SDK_MiCOKit_v2.4.0.0\Build\MiCOKit_Enjoy\MiCOKit-3165\obj_EWARM\config_server_menu.o
#        C:\OneDrive\CODE\MICO\SDK_MiCOKit_v2.4.0.0\Build\MiCOKit_Enjoy\MiCOKit-3165\obj_EWARM\crt0_EWARM.o
#        C:\OneDrive\CODE\MICO\SDK_MiCOKit_v2.4.0.0\Build\MiCOKit_Enjoy\MiCOKit-3165\obj_EWARM\dc_motor.o
#        C:\OneDrive\CODE\MICO\SDK_MiCOKit_v2.4.0.0\Build\MiCOKit_Enjoy\MiCOKit-3165\obj_EWARM\debug.o
#        C:\OneDrive\CODE\MICO\SDK_MiCOKit_v2.4.0.0\Build\MiCOKit_Enjoy\MiCOKit-3165\obj_EWARM\DHT11.o
#        C:\OneDrive\CODE\MICO\SDK_MiCOKit_v2.4.0.0\Build\MiCOKit_Enjoy\MiCOKit-3165\obj_EWARM\fogCloud.o
#        C:\OneDrive\CODE\MICO\SDK_MiCOKit_v2.4.0.0\libraries\protocols\fog_cloud\FogCloud_cm4_debug.a
#        C:\OneDrive\CODE\MICO\SDK_MiCOKit_v2.4.0.0\Build\MiCOKit_Enjoy\MiCOKit-3165\obj_EWARM\fogcloud_msg_dispatch.o
#        C:\OneDrive\CODE\MICO\SDK_MiCOKit_v2.4.0.0\Build\MiCOKit_Enjoy\MiCOKit-3165\obj_EWARM\hardfault.o
#        C:\OneDrive\CODE\MICO\SDK_MiCOKit_v2.4.0.0\Build\MiCOKit_Enjoy\MiCOKit-3165\obj_EWARM\hsb2rgb_led.o
#        C:\OneDrive\CODE\MICO\SDK_MiCOKit_v2.4.0.0\Build\MiCOKit_Enjoy\MiCOKit-3165\obj_EWARM\HTTPUtils.o
#        C:\OneDrive\CODE\MICO\SDK_MiCOKit_v2.4.0.0\Build\MiCOKit_Enjoy\MiCOKit-3165\obj_EWARM\infrared_reflective.o
#        C:\OneDrive\CODE\MICO\SDK_MiCOKit_v2.4.0.0\Build\MiCOKit_Enjoy\MiCOKit-3165\obj_EWARM\json_object.o
#        C:\OneDrive\CODE\MICO\SDK_MiCOKit_v2.4.0.0\Build\MiCOKit_Enjoy\MiCOKit-3165\obj_EWARM\json_tokener.o
#        C:\OneDrive\CODE\MICO\SDK_MiCOKit_v2.4.0.0\Build\MiCOKit_Enjoy\MiCOKit-3165\obj_EWARM\json_util.o
#        C:\OneDrive\CODE\MICO\SDK_MiCOKit_v2.4.0.0\Build\MiCOKit_Enjoy\MiCOKit-3165\obj_EWARM\light_sensor.o
#        C:\OneDrive\CODE\MICO\SDK_MiCOKit_v2.4.0.0\Build\MiCOKit_Enjoy\MiCOKit-3165\obj_EWARM\linkhash.o
#        C:\OneDrive\CODE\MICO\SDK_MiCOKit_v2.4.0.0\Build\MiCOKit_Enjoy\MiCOKit-3165\obj_EWARM\mico_cli.o
#        C:\OneDrive\CODE\MICO\SDK_MiCOKit_v2.4.0.0\Build\MiCOKit_Enjoy\MiCOKit-3165\obj_EWARM\mico_config.o
#        C:\OneDrive\CODE\MICO\SDK_MiCOKit_v2.4.0.0\Build\MiCOKit_Enjoy\MiCOKit-3165\obj_EWARM\mico_mdns.o
#        C:\OneDrive\CODE\MICO\SDK_MiCOKit_v2.4.0.0\Build\MiCOKit_Enjoy\MiCOKit-3165\obj_EWARM\mico_platform_common.o
#        C:\OneDrive\CODE\MICO\SDK_MiCOKit_v2.4.0.0\Build\MiCOKit_Enjoy\MiCOKit-3165\obj_EWARM\mico_system_init.o
#        C:\OneDrive\CODE\MICO\SDK_MiCOKit_v2.4.0.0\Build\MiCOKit_Enjoy\MiCOKit-3165\obj_EWARM\mico_system_monitor.o
#        C:\OneDrive\CODE\MICO\SDK_MiCOKit_v2.4.0.0\Build\MiCOKit_Enjoy\MiCOKit-3165\obj_EWARM\mico_system_notification.o
#        C:\OneDrive\CODE\MICO\SDK_MiCOKit_v2.4.0.0\Build\MiCOKit_Enjoy\MiCOKit-3165\obj_EWARM\mico_system_para_storage.o
#        C:\OneDrive\CODE\MICO\SDK_MiCOKit_v2.4.0.0\Build\MiCOKit_Enjoy\MiCOKit-3165\obj_EWARM\mico_system_power_daemon.o
#        C:\OneDrive\CODE\MICO\SDK_MiCOKit_v2.4.0.0\Build\MiCOKit_Enjoy\MiCOKit-3165\obj_EWARM\MICOAppEntrance.o
#        C:\OneDrive\CODE\MICO\SDK_MiCOKit_v2.4.0.0\Build\MiCOKit_Enjoy\MiCOKit-3165\obj_EWARM\MICOBonjour.o
#        C:\OneDrive\CODE\MICO\SDK_MiCOKit_v2.4.0.0\Build\MiCOKit_Enjoy\MiCOKit-3165\obj_EWARM\MICOConfigDelegate.o
#        C:\OneDrive\CODE\MICO\SDK_MiCOKit_v2.4.0.0\Platform\Drivers\MicoDriverMFiAuth\MicoDriverMFiAuth.a
#        C:\OneDrive\CODE\MICO\SDK_MiCOKit_v2.4.0.0\Build\MiCOKit_Enjoy\MiCOKit-3165\obj_EWARM\MicoFogCloud.o
#        C:\OneDrive\CODE\MICO\SDK_MiCOKit_v2.4.0.0\Build\MiCOKit_Enjoy\MiCOKit-3165\obj_EWARM\MicoFogCloudConfigServer.o
#        C:\OneDrive\CODE\MICO\SDK_MiCOKit_v2.4.0.0\Build\MiCOKit_Enjoy\MiCOKit-3165\obj_EWARM\micokit_ext.o
#        C:\OneDrive\CODE\MICO\SDK_MiCOKit_v2.4.0.0\Build\MiCOKit_Enjoy\MiCOKit-3165\obj_EWARM\micokit_ext_mfg.o
#        C:\OneDrive\CODE\MICO\SDK_MiCOKit_v2.4.0.0\Build\MiCOKit_Enjoy\MiCOKit-3165\obj_EWARM\misc.o
#        C:\OneDrive\CODE\MICO\SDK_MiCOKit_v2.4.0.0\MICO\core\mxchipWNet_cm4f_sdio.a
#        C:\OneDrive\CODE\MICO\SDK_MiCOKit_v2.4.0.0\Build\MiCOKit_Enjoy\MiCOKit-3165\obj_EWARM\oled.o
#        C:\OneDrive\CODE\MICO\SDK_MiCOKit_v2.4.0.0\Build\MiCOKit_Enjoy\MiCOKit-3165\obj_EWARM\paltform_rtc.o
#        C:\OneDrive\CODE\MICO\SDK_MiCOKit_v2.4.0.0\Build\MiCOKit_Enjoy\MiCOKit-3165\obj_EWARM\platform.o
#        C:\OneDrive\CODE\MICO\SDK_MiCOKit_v2.4.0.0\Build\MiCOKit_Enjoy\MiCOKit-3165\obj_EWARM\platform_adc.o
#        C:\OneDrive\CODE\MICO\SDK_MiCOKit_v2.4.0.0\Build\MiCOKit_Enjoy\MiCOKit-3165\obj_EWARM\platform_flash.o
#        C:\OneDrive\CODE\MICO\SDK_MiCOKit_v2.4.0.0\Build\MiCOKit_Enjoy\MiCOKit-3165\obj_EWARM\platform_gpio.o
#        C:\OneDrive\CODE\MICO\SDK_MiCOKit_v2.4.0.0\Build\MiCOKit_Enjoy\MiCOKit-3165\obj_EWARM\platform_i2c.o
#        C:\OneDrive\CODE\MICO\SDK_MiCOKit_v2.4.0.0\Build\MiCOKit_Enjoy\MiCOKit-3165\obj_EWARM\platform_init.o
#        C:\OneDrive\CODE\MICO\SDK_MiCOKit_v2.4.0.0\Build\MiCOKit_Enjoy\MiCOKit-3165\obj_EWARM\platform_mcu_powersave.o
#        C:\OneDrive\CODE\MICO\SDK_MiCOKit_v2.4.0.0\Build\MiCOKit_Enjoy\MiCOKit-3165\obj_EWARM\platform_nano_second.o
#        C:\OneDrive\CODE\MICO\SDK_MiCOKit_v2.4.0.0\Build\MiCOKit_Enjoy\MiCOKit-3165\obj_EWARM\platform_pwm.o
#        C:\OneDrive\CODE\MICO\SDK_MiCOKit_v2.4.0.0\Build\MiCOKit_Enjoy\MiCOKit-3165\obj_EWARM\platform_rng.o
#        C:\OneDrive\CODE\MICO\SDK_MiCOKit_v2.4.0.0\Build\MiCOKit_Enjoy\MiCOKit-3165\obj_EWARM\platform_spi.o
#        C:\OneDrive\CODE\MICO\SDK_MiCOKit_v2.4.0.0\Build\MiCOKit_Enjoy\MiCOKit-3165\obj_EWARM\platform_uart.o
#        C:\OneDrive\CODE\MICO\SDK_MiCOKit_v2.4.0.0\Build\MiCOKit_Enjoy\MiCOKit-3165\obj_EWARM\platform_watchdog.o
#        C:\OneDrive\CODE\MICO\SDK_MiCOKit_v2.4.0.0\Build\MiCOKit_Enjoy\MiCOKit-3165\obj_EWARM\printbuf.o
#        C:\OneDrive\CODE\MICO\SDK_MiCOKit_v2.4.0.0\Build\MiCOKit_Enjoy\MiCOKit-3165\obj_EWARM\properties.o
#        C:\OneDrive\CODE\MICO\SDK_MiCOKit_v2.4.0.0\Build\MiCOKit_Enjoy\MiCOKit-3165\obj_EWARM\Retarget.o
#        C:\OneDrive\CODE\MICO\SDK_MiCOKit_v2.4.0.0\Build\MiCOKit_Enjoy\MiCOKit-3165\obj_EWARM\rgb_led.o
#        C:\OneDrive\CODE\MICO\SDK_MiCOKit_v2.4.0.0\Build\MiCOKit_Enjoy\MiCOKit-3165\obj_EWARM\RingBufferUtils.o
#        C:\OneDrive\CODE\MICO\SDK_MiCOKit_v2.4.0.0\Build\MiCOKit_Enjoy\MiCOKit-3165\obj_EWARM\SocketUtils.o
#        C:\OneDrive\CODE\MICO\SDK_MiCOKit_v2.4.0.0\Build\MiCOKit_Enjoy\MiCOKit-3165\obj_EWARM\spi_flash.o
#        C:\OneDrive\CODE\MICO\SDK_MiCOKit_v2.4.0.0\Build\MiCOKit_Enjoy\MiCOKit-3165\obj_EWARM\spi_flash_platform.o
#        C:\OneDrive\CODE\MICO\SDK_MiCOKit_v2.4.0.0\Build\MiCOKit_Enjoy\MiCOKit-3165\obj_EWARM\startup_stm32f411xe_IAR.o
#        C:\OneDrive\CODE\MICO\SDK_MiCOKit_v2.4.0.0\Build\MiCOKit_Enjoy\MiCOKit-3165\obj_EWARM\stm32f4xx_adc.o
#        C:\OneDrive\CODE\MICO\SDK_MiCOKit_v2.4.0.0\Build\MiCOKit_Enjoy\MiCOKit-3165\obj_EWARM\stm32f4xx_can.o
#        C:\OneDrive\CODE\MICO\SDK_MiCOKit_v2.4.0.0\Build\MiCOKit_Enjoy\MiCOKit-3165\obj_EWARM\stm32f4xx_crc.o
#        C:\OneDrive\CODE\MICO\SDK_MiCOKit_v2.4.0.0\Build\MiCOKit_Enjoy\MiCOKit-3165\obj_EWARM\stm32f4xx_cryp.o
#        C:\OneDrive\CODE\MICO\SDK_MiCOKit_v2.4.0.0\Build\MiCOKit_Enjoy\MiCOKit-3165\obj_EWARM\stm32f4xx_cryp_aes.o
#        C:\OneDrive\CODE\MICO\SDK_MiCOKit_v2.4.0.0\Build\MiCOKit_Enjoy\MiCOKit-3165\obj_EWARM\stm32f4xx_cryp_des.o
#        C:\OneDrive\CODE\MICO\SDK_MiCOKit_v2.4.0.0\Build\MiCOKit_Enjoy\MiCOKit-3165\obj_EWARM\stm32f4xx_cryp_tdes.o
#        C:\OneDrive\CODE\MICO\SDK_MiCOKit_v2.4.0.0\Build\MiCOKit_Enjoy\MiCOKit-3165\obj_EWARM\stm32f4xx_dac.o
#        C:\OneDrive\CODE\MICO\SDK_MiCOKit_v2.4.0.0\Build\MiCOKit_Enjoy\MiCOKit-3165\obj_EWARM\stm32f4xx_dbgmcu.o
#        C:\OneDrive\CODE\MICO\SDK_MiCOKit_v2.4.0.0\Build\MiCOKit_Enjoy\MiCOKit-3165\obj_EWARM\stm32f4xx_dcmi.o
#        C:\OneDrive\CODE\MICO\SDK_MiCOKit_v2.4.0.0\Build\MiCOKit_Enjoy\MiCOKit-3165\obj_EWARM\stm32f4xx_dma.o
#        C:\OneDrive\CODE\MICO\SDK_MiCOKit_v2.4.0.0\Build\MiCOKit_Enjoy\MiCOKit-3165\obj_EWARM\stm32f4xx_dma2d.o
#        C:\OneDrive\CODE\MICO\SDK_MiCOKit_v2.4.0.0\Build\MiCOKit_Enjoy\MiCOKit-3165\obj_EWARM\stm32f4xx_exti.o
#        C:\OneDrive\CODE\MICO\SDK_MiCOKit_v2.4.0.0\Build\MiCOKit_Enjoy\MiCOKit-3165\obj_EWARM\stm32f4xx_flash.o
#        C:\OneDrive\CODE\MICO\SDK_MiCOKit_v2.4.0.0\Build\MiCOKit_Enjoy\MiCOKit-3165\obj_EWARM\stm32f4xx_flash_ramfunc.o
#        C:\OneDrive\CODE\MICO\SDK_MiCOKit_v2.4.0.0\Build\MiCOKit_Enjoy\MiCOKit-3165\obj_EWARM\stm32f4xx_gpio.o
#        C:\OneDrive\CODE\MICO\SDK_MiCOKit_v2.4.0.0\Build\MiCOKit_Enjoy\MiCOKit-3165\obj_EWARM\stm32f4xx_hash.o
#        C:\OneDrive\CODE\MICO\SDK_MiCOKit_v2.4.0.0\Build\MiCOKit_Enjoy\MiCOKit-3165\obj_EWARM\stm32f4xx_hash_md5.o
#        C:\OneDrive\CODE\MICO\SDK_MiCOKit_v2.4.0.0\Build\MiCOKit_Enjoy\MiCOKit-3165\obj_EWARM\stm32f4xx_hash_sha1.o
#        C:\OneDrive\CODE\MICO\SDK_MiCOKit_v2.4.0.0\Build\MiCOKit_Enjoy\MiCOKit-3165\obj_EWARM\stm32f4xx_i2c.o
#        C:\OneDrive\CODE\MICO\SDK_MiCOKit_v2.4.0.0\Build\MiCOKit_Enjoy\MiCOKit-3165\obj_EWARM\stm32f4xx_iwdg.o
#        C:\OneDrive\CODE\MICO\SDK_MiCOKit_v2.4.0.0\Build\MiCOKit_Enjoy\MiCOKit-3165\obj_EWARM\stm32f4xx_ltdc.o
#        C:\OneDrive\CODE\MICO\SDK_MiCOKit_v2.4.0.0\Build\MiCOKit_Enjoy\MiCOKit-3165\obj_EWARM\stm32f4xx_pwr.o
#        C:\OneDrive\CODE\MICO\SDK_MiCOKit_v2.4.0.0\Build\MiCOKit_Enjoy\MiCOKit-3165\obj_EWARM\stm32f4xx_rcc.o
#        C:\OneDrive\CODE\MICO\SDK_MiCOKit_v2.4.0.0\Build\MiCOKit_Enjoy\MiCOKit-3165\obj_EWARM\stm32f4xx_rng.o
#        C:\OneDrive\CODE\MICO\SDK_MiCOKit_v2.4.0.0\Build\MiCOKit_Enjoy\MiCOKit-3165\obj_EWARM\stm32f4xx_rtc.o
#        C:\OneDrive\CODE\MICO\SDK_MiCOKit_v2.4.0.0\Build\MiCOKit_Enjoy\MiCOKit-3165\obj_EWARM\stm32f4xx_sai.o
#        C:\OneDrive\CODE\MICO\SDK_MiCOKit_v2.4.0.0\Build\MiCOKit_Enjoy\MiCOKit-3165\obj_EWARM\stm32f4xx_sdio.o
#        C:\OneDrive\CODE\MICO\SDK_MiCOKit_v2.4.0.0\Build\MiCOKit_Enjoy\MiCOKit-3165\obj_EWARM\stm32f4xx_spi.o
#        C:\OneDrive\CODE\MICO\SDK_MiCOKit_v2.4.0.0\Build\MiCOKit_Enjoy\MiCOKit-3165\obj_EWARM\stm32f4xx_syscfg.o
#        C:\OneDrive\CODE\MICO\SDK_MiCOKit_v2.4.0.0\Build\MiCOKit_Enjoy\MiCOKit-3165\obj_EWARM\stm32f4xx_tim.o
#        C:\OneDrive\CODE\MICO\SDK_MiCOKit_v2.4.0.0\Build\MiCOKit_Enjoy\MiCOKit-3165\obj_EWARM\stm32f4xx_usart.o
#        C:\OneDrive\CODE\MICO\SDK_MiCOKit_v2.4.0.0\Build\MiCOKit_Enjoy\MiCOKit-3165\obj_EWARM\stm32f4xx_wwdg.o
#        C:\OneDrive\CODE\MICO\SDK_MiCOKit_v2.4.0.0\Build\MiCOKit_Enjoy\MiCOKit-3165\obj_EWARM\StringUtils.o
#        C:\OneDrive\CODE\MICO\SDK_MiCOKit_v2.4.0.0\Build\MiCOKit_Enjoy\MiCOKit-3165\obj_EWARM\system_easylink.o
#        C:\OneDrive\CODE\MICO\SDK_MiCOKit_v2.4.0.0\Build\MiCOKit_Enjoy\MiCOKit-3165\obj_EWARM\system_easylink_delegate.o
#        C:\OneDrive\CODE\MICO\SDK_MiCOKit_v2.4.0.0\Build\MiCOKit_Enjoy\MiCOKit-3165\obj_EWARM\system_factory_test.o
#        C:\OneDrive\CODE\MICO\SDK_MiCOKit_v2.4.0.0\Build\MiCOKit_Enjoy\MiCOKit-3165\obj_EWARM\system_misc.o
#        C:\OneDrive\CODE\MICO\SDK_MiCOKit_v2.4.0.0\Build\MiCOKit_Enjoy\MiCOKit-3165\obj_EWARM\system_stm32f4xx.o
#        C:\OneDrive\CODE\MICO\SDK_MiCOKit_v2.4.0.0\Build\MiCOKit_Enjoy\MiCOKit-3165\obj_EWARM\temp_hum_sensor.o
#        C:\OneDrive\CODE\MICO\SDK_MiCOKit_v2.4.0.0\Build\MiCOKit_Enjoy\MiCOKit-3165\obj_EWARM\tftp_ota.o
#        C:\OneDrive\CODE\MICO\SDK_MiCOKit_v2.4.0.0\MICO\system\tftp_ota\tftpc.o
#        C:\OneDrive\CODE\MICO\SDK_MiCOKit_v2.4.0.0\Build\MiCOKit_Enjoy\MiCOKit-3165\obj_EWARM\URLUtils.o
#        C:\OneDrive\CODE\MICO\SDK_MiCOKit_v2.4.0.0\Build\MiCOKit_Enjoy\MiCOKit-3165\obj_EWARM\user_main.o
#        C:\OneDrive\CODE\MICO\SDK_MiCOKit_v2.4.0.0\Build\MiCOKit_Enjoy\MiCOKit-3165\obj_EWARM\user_properties.o
#        C:\OneDrive\CODE\MICO\SDK_MiCOKit_v2.4.0.0\Build\MiCOKit_Enjoy\MiCOKit-3165\obj_EWARM\user_uart.o
#        C:\OneDrive\CODE\MICO\SDK_MiCOKit_v2.4.0.0\Build\MiCOKit_Enjoy\MiCOKit-3165\obj_EWARM\wlan_bus_sdio.o
#        C:\OneDrive\CODE\MICO\SDK_MiCOKit_v2.4.0.0\Build\MiCOKit_Enjoy\MiCOKit-3165\obj_EWARM\wlan_platform.o
#        C:\OneDrive\CODE\MICO\SDK_MiCOKit_v2.4.0.0\Build\MiCOKit_Enjoy\MiCOKit-3165\obj_EWARM\wlan_platform_common.o
#        --redirect _Printf=_PrintfFull --redirect _Scanf=_ScanfFull -o
#        C:\OneDrive\CODE\MICO\SDK_MiCOKit_v2.4.0.0\Build\MiCOKit_Enjoy\output\MiCOKit-3165\COM.MXCHIP.SPP.out
#        --map
#        C:\OneDrive\CODE\MICO\SDK_MiCOKit_v2.4.0.0\Build\MiCOKit_Enjoy\MiCOKit-3165\list_EWARM\COM.MXCHIP.SPP.map
#        --config
#        C:\OneDrive\CODE\MICO\SDK_MiCOKit_v2.4.0.0\Projects\STM32F4xx\micokit\MiCOKit_Enjoy\EWARM\..\..\..\..\..\Board\MiCOKit-3165\micoLinkerForIAR.icf
#        --semihosting --entry __iar_program_start --vfe --threaded_lib
#
###############################################################################

*******************************************************************************
*** RUNTIME MODEL ATTRIBUTES
***

CppFlavor                     = *
__Heap_Handler                = DLMalloc
__SystemLibrary               = DLib
__dlib_dynamic_initialization = normal


*******************************************************************************
*** PLACEMENT SUMMARY
***

"A1":  place at 0x0800c000 { ro section .intvec };
"P1":  place in [from 0x0800c000 to 0x0807ffff] { ro };
"P2":  place in [from 0x20000000 to 0x2001ffff] { rw, block CSTACK, block HEAP };

  Section             Kind        Address     Size  Object
  -------             ----        -------     ----  ------
"A1":                                        0x198
  .intvec                      0x0800c000    0x198  <Block>
    .intvec           ro code  0x0800c000    0x198  startup_stm32f411xe_IAR.o [1]
                             - 0x0800c198    0x198

"P1":                                      0x51416
  .text               ro code  0x0800c198   0x4044  FogCloudService.o [4]
  .text               ro code  0x080101dc     0x6c  strncpy_unaligned.o [8]
  .text               ro code  0x08010248    0x812  wiced_rtos.o [7]
  .text               ro code  0x08010a5a     0x22  zero_init3.o [8]
  .text               ro code  0x08010a7c   0x11b8  FogCloudMQTTClient.o [4]
  .text               ro code  0x08011c34      0x6  ABImemclr4.o [8]
  .text               ro code  0x08011c3a     0x1e  xsscin.o [5]
  .text               ro code  0x08011c58    0x82a  mxchipWNET.o [7]
  .text               ro code  0x08012482     0x1a  xsnprout.o [5]
  .text               ro code  0x0801249c     0x24  printf.o [5]
  .text               ro code  0x080124c0     0x36  strlen.o [8]
  .text               ro code  0x080124f6     0x18  strrchr.o [5]
  .text               ro code  0x0801250e      0xa  xsprout.o [5]
  .text               ro code  0x08012518   0x2590  dlmalloc.o [7]
  .text               ro code  0x08014aa8      0x6  ABImemclr.o [8]
  .text               ro code  0x08014aae     0x28  strncat.o [5]
  .rodata             const    0x08014ad6      0x1  smart_config.o [7]
  .rodata             const    0x08014ad7      0x1  smart_config.o [7]
  .text               ro code  0x08014ad8    0x678  json_object.o [1]
  .text               ro code  0x08015150   0x2740  FogCloudUtils.o [4]
  .text               ro code  0x08017890    0x398  SocketUtils.o [1]
  .text               ro code  0x08017c28     0x76  ABImemcpy_unaligned.o [8]
  .rodata             const    0x08017c9e      0x1  smart_config.o [7]
  .rodata             const    0x08017c9f      0x1  smart_config.o [7]
  .text               ro code  0x08017ca0    0xa1c  StringUtils.o [1]
  .text               ro code  0x080186bc    0x16a  URLUtils.o [1]
  .text               ro code  0x08018828    0xf2c  json_tokener.o [1]
  .text               ro code  0x08019754     0x42  strcmp_unaligned.o [8]
  .text               ro code  0x08019798    0x9a6  md5.o [7]
  .text               ro code  0x0801a140     0x66  ABImemset.o [8]
  .text               ro code  0x0801a1a8    0x198  platform_init.o [1]
  .text               ro code  0x0801a340    0x178  platform.o [1]
  .text               ro code  0x0801a4b8    0xba8  tasks.o [7]
  .text               ro code  0x0801b060    0x4b8  system_factory_test.o [1]
  .text               ro code  0x0801b518    0x7ac  MICOAppEntrance.o [1]
  .text               ro code  0x0801bcc4    0x130  wwd_rtos.o [7]
  .text               ro code  0x0801bdf4    0x526  queue.o [7]
  .text               ro code  0x0801c31c     0xec  wlan_platform_common.o [1]
  .text               ro code  0x0801c408     0xec  port.o [7]
  .text               ro code  0x0801c4f4    0x370  ostimers.o [7]
  .text               ro code  0x0801c864    0x844  MQTTMICO.o [4]
  .text               ro code  0x0801d0a8    0x6b0  MQTTClient.o [4]
  .text               ro code  0x0801d758     0x34  sprintf.o [5]
  .text               ro code  0x0801d78c     0x3a  ABImemset48.o [8]
  .text               ro code  0x0801d7c8    0x440  wifi.o [7]
  .text               ro code  0x0801dc08    0x410  mico_system_notification.o [1]
  .text               ro code  0x0801e018   0x2670  wifimgr.o [7]
  .text               ro code  0x08020688    0x628  tcpip.o [7]
  .text               ro code  0x08020cb0    0x7ec  dns.o [7]
  .text               ro code  0x0802149c     0x20  srand.o [5]
  .text               ro code  0x080214bc    0xe04  tcp.o [7]
  .text               ro code  0x080222c0   0x14cc  wwd_wifi.o [7]
  .text               ro code  0x0802378c   0x289c  smart_config.o [7]
  .text               ro code  0x08026028    0x25a  ip_addr.o [7]
  .text               ro code  0x08026282     0x36  def.o [7]
  .text               ro code  0x080262b8   0x19cc  sockets.o [7]
  .text               ro code  0x08027c84     0x44  strcpy_unaligned.o [8]
  .text               ro code  0x08027cc8    0x244  wwd_management.o [7]
  .text               ro code  0x08027f0c   0x1150  xprintffull.o [5]
  .text               ro code  0x0802905c      0x6  abort.o [5]
  .text               ro code  0x08029062     0x20  xsyslock.o [5]
  .text               ro code  0x08029084     0x2c  xgetmemchunk.o [5]
  .text               ro code  0x080290b0    0x136  printbuf.o [1]
  .text               ro code  0x080291e8    0x358  linkhash.o [1]
  .text               ro code  0x08029540     0x18  strdup.o [5]
  .text               ro code  0x08029558     0x20  DblCmpEq.o [6]
  .text               ro code  0x08029578     0xe4  json_util.o [1]
  .text               ro code  0x0802965c     0x58  DblToI32.o [6]
  .text               ro code  0x080296b4     0x58  I64ToDbl.o [6]
  .text               ro code  0x0802970c     0x30  I32ToDbl.o [6]
  .text               ro code  0x0802973c     0x24  sscanf.o [5]
  .text               ro code  0x08029760     0xd4  arraylist.o [1]
  .text               ro code  0x08029834    0xa34  mico_platform_common.o [1]
  .text               ro code  0x0802a268     0x78  ABImemmove_unaligned.o [8]
  .text               ro code  0x0802a2e0     0x44  snprintf.o [5]
  .text               ro code  0x0802a324     0x18  toupper.o [5]
  .text               ro code  0x0802a33c     0x14  tolower.o [5]
  .text               ro code  0x0802a350     0x3c  isxxx.o [5]
  .text               ro code  0x0802a38c     0x16  strnlen.o [5]
  .text               ro code  0x0802a3a2     0x4e  strncasecmp.o [5]
  .text               ro code  0x0802a3f0     0x16  strchr.o [8]
  .text               ro code  0x0802a408    0x22c  stm32f4xx_rcc.o [1]
  .text               ro code  0x0802a634    0x25c  stm32f4xx_flash.o [1]
  .text               ro code  0x0802a890     0x2c  misc.o [1]
  .text               ro code  0x0802a8bc     0x60  stm32f4xx_pwr.o [1]
  .text               ro code  0x0802a91c    0x6a8  platform_gpio.o [1]
  .text               ro code  0x0802afc4     0x5e  RingBufferUtils.o [1]
  .text               ro code  0x0802b024    0x81c  platform_uart.o [1]
  .text               ro code  0x0802b840    0x8a8  paltform_rtc.o [1]
  .text               ro code  0x0802c0e8    0x448  platform_mcu_powersave.o [1]
  .text               ro code  0x0802c530     0xd0  button.o [1]
  .text               ro code  0x0802c600     0x24  dc_motor.o [1]
  .text               ro code  0x0802c624     0xbc  rgb_led.o [1]
  .text               ro code  0x0802c6e0     0x9a  list.o [7]
  CODE                ro code  0x0802c77c     0xa8  portasm.o [7]
  .text               ro code  0x0802c824     0x1c  strcat.o [5]
  .text               ro code  0x0802c840     0x62  memcmp_unaligned.o [8]
  .text               ro code  0x0802c8a2     0x38  heap_3.o [7]
  .text               ro code  0x0802c8da     0x2a  strncmp.o [5]
  .text               ro code  0x0802c904    0xd70  system_misc.o [1]
  .text               ro code  0x0802d674    0x3a8  mftest.o [7]
  .text               ro code  0x0802da1c    0xbec  user_main.o [1]
  .text               ro code  0x0802e608    0x4c8  mico_system_power_daemon.o [1]
  .text               ro code  0x0802ead0   0x17e0  MicoFogCloud.o [1]
  .text               ro code  0x080302b0    0x5a8  mico_system_init.o [1]
  .text               ro code  0x08030858    0xbac  mico_system_para_storage.o [1]
  .text               ro code  0x08031404    0x45c  MICOBonjour.o [1]
  .text               ro code  0x08031860    0x1f4  MQTTPacket.o [4]
  .text               ro code  0x08031a54    0x2e8  MQTTConnectClient.o [4]
  .text               ro code  0x08031d3c     0xf8  MQTTDeserializePublish.o [4]
  .text               ro code  0x08031e34    0x10c  MQTTSerializePublish.o [4]
  .text               ro code  0x08031f40    0x138  MQTTSubscribeClient.o [4]
  .text               ro code  0x08032078    0x41c  wiced_network.o [7]
  .text               ro code  0x08032494     0x14  mxchip_debug.o [7]
  .text               ro code  0x080324a8    0x4ec  pbuf.o [7]
  .text               ro code  0x08032994    0x458  ip.o [7]
  .text               ro code  0x08032dec     0x30  aes_wrap.o [7]
  .text               ro code  0x08032e1c    0x1ec  dns_redirect.o [7]
  .text               ro code  0x08033008    0x492  wwd_ap.o [7]
  .text               ro code  0x0803349c     0x64  dnsclient.o [7]
  .text               ro code  0x08033500    0xd3c  SDPCM.o [7]
  .text               ro code  0x0803423c    0x9e0  etharp.o [7]
  .text               ro code  0x08034c1c     0x46  strcasecmp.o [5]
  .text               ro code  0x08034c64   0x1594  tcp_in.o [7]
  .text               ro code  0x080361f8    0x710  udp.o [7]
  .text               ro code  0x08036908      0x4  strtoul.o [5]
  .text               ro code  0x0803690c    0x190  wiced_ping.o [7]
  .text               ro code  0x08036a9c    0x5e0  api_lib.o [7]
  .text               ro code  0x0803707c      0xc  mxchipbesl.o [7]
  .text               ro code  0x08037088     0xda  netbuf.o [7]
  .text               ro code  0x08037164    0x2e0  lwiptcpip.o [7]
  .text               ro code  0x08037444      0x2  xtls.o [5]
  .text               ro code  0x08037448    0xcc2  tcp_out.o [7]
  .text               ro code  0x0803810c    0x300  lwiptimers.o [7]
  .text               ro code  0x0803840c    0x1b8  memp.o [7]
  .text               ro code  0x080385c4     0xe0  rand.o [5]
  .text               ro code  0x080386a4     0xb6  wwd_buffer.o [7]
  .text               ro code  0x0803875a     0xe0  arc4.o [7]
  .text               ro code  0x0803883c    0x2a0  sys_arch.o [7]
  .text               ro code  0x08038adc    0x568  igmp.o [7]
  .text               ro code  0x08039044    0x874  wlan_bus_sdio.o [1]
  .text               ro code  0x080398b8    0x9b8  wwd_bus_protocol.o [7]
  .text               ro code  0x0803a270    0x258  wwd_thread.o [7]
  .text               ro code  0x0803a4c8      0x4  wlan_platform.o [1]
  .text               ro code  0x0803a4cc     0x20  xmbtowc.o [5]
  .text               ro code  0x0803a4ec     0x58  memchr.o [8]
  .text               ro code  0x0803a544      0xa  xmbcurmax.o [5]
  .text               ro code  0x0803a54e     0x1a  xwctomb.o [5]
  .text               ro code  0x0803a568     0xee  I64DivMod.o [8]
  .text               ro code  0x0803a656     0x42  xdnorm.o [6]
  .text               ro code  0x0803a698     0x2e  DblCmpLe.o [6]
  .text               ro code  0x0803a6c8     0x2e  DblCmpGe.o [6]
  .text               ro code  0x0803a6f8    0x114  xdscale.o [6]
  .text               ro code  0x0803a80c    0x180  DblSub.o [6]
  .text               ro code  0x0803a98c    0x1a2  DblMul.o [6]
  .text               ro code  0x0803ab30    0x246  DblDiv.o [6]
  .text               ro code  0x0803ad78     0x6c  localeconv.o [5]
  .text               ro code  0x0803ade4      0xe  div.o [5]
  .text               ro code  0x0803adf4     0x14  exit.o [9]
  .text               ro code  0x0803ae08    0x15c  xsyslock_mtx.o [5]
  .text               ro code  0x0803af64     0x3c  vsnprint.o [5]
  .text               ro code  0x0803afa0     0x2c  vsprintf.o [5]
  .text               ro code  0x0803afcc     0x18  vprintf.o [5]
  .text               ro code  0x0803afe4      0x4  exit.o [5]
  .text               ro code  0x0803afe8      0xc  errno.o [5]
  .text               ro code  0x0803aff4    0xcf4  xscanffull.o [5]
  .text               ro code  0x0803bce8     0x78  platform_watchdog.o [1]
  .text               ro code  0x0803bd60    0x110  micokit_ext.o [1]
  .text               ro code  0x0803be70    0x234  platform_adc.o [1]
  .text               ro code  0x0803c0a4    0x76c  platform_i2c.o [1]
  .text               ro code  0x0803c810    0x5a4  platform_spi.o [1]
  .text               ro code  0x0803cdb4    0xc78  platform_flash.o [1]
  .text               ro code  0x0803da2c     0xbc  platform_nano_second.o [1]
  .text               ro code  0x0803dae8     0x24  setlocale.o [5]
  .text               ro code  0x0803db0c      0xc  xlocale_c.o [5]
  .text               ro code  0x0803db18     0x16  xlocale_c.o [5]
  .text               ro code  0x0803db2e     0x24  xlocale_c.o [5]
  .text               ro code  0x0803db52     0x14  xlocale_c.o [5]
  .text               ro code  0x0803db68     0x9a  stm32f4xx_gpio.o [1]
  .text               ro code  0x0803dc04     0x28  stm32f4xx_syscfg.o [1]
  .text               ro code  0x0803dc2c     0x7c  stm32f4xx_exti.o [1]
  .text               ro code  0x0803dca8    0x1ea  stm32f4xx_usart.o [1]
  .text               ro code  0x0803de94    0x1c8  stm32f4xx_dma.o [1]
  .text               ro code  0x0803e05c    0x606  stm32f4xx_rtc.o [1]
  .text               ro code  0x0803e664    0xcf4  fogcloud_msg_dispatch.o [1]
  .text               ro code  0x0803f358    0x9e0  oled.o [1]
  .text               ro code  0x0803fd38    0x3b4  user_uart.o [1]
  .text               ro code  0x080400ec   0x1b1c  fogCloud.o [1]
  .text               ro code  0x08041c08   0x1a94  MicoFogCloudConfigServer.o [1]
  .text               ro code  0x0804369c   0x1298  MICOConfigDelegate.o [1]
  .text               ro code  0x08044934    0xf90  mico_cli.o [1]
  .text               ro code  0x080458c4   0x183c  system_easylink.o [1]
  .text               ro code  0x08047100   0x1fb8  config_server.o [1]
  .text               ro code  0x080490b8     0x7a  CheckSumUtils.o [1]
  .text               ro code  0x08049134   0x1104  mico_mdns.o [1]
  .text               ro code  0x0804a238    0x358  netif.o [7]
  .text               ro code  0x0804a590    0xf20  dhcp.o [7]
  .text               ro code  0x0804b4b0     0x28  sys.o [7]
  .text               ro code  0x0804b4d8    0x650  dhcp_server.o [7]
  .text               ro code  0x0804bb28     0x48  netifapi.o [7]
  .text               ro code  0x0804bb70    0x170  inet_chksum.o [7]
  .text               ro code  0x0804bce0    0x1cc  raw.o [7]
  .text               ro code  0x0804beac    0x184  icmp.o [7]
  .text               ro code  0x0804c030    0xb62  aes.o [7]
  .text               ro code  0x0804cb94    0x17c  wwd_network.o [7]
  .text               ro code  0x0804cd10    0x198  xstoul.o [5]
  .text               ro code  0x0804cea8    0xeac  api_msg.o [7]
  .text               ro code  0x0804dd54     0x20  init.o [7]
  .text               ro code  0x0804dd74     0x64  stm32f4xx_sdio.o [1]
  .text               ro code  0x0804ddd8    0x260  wwd_internal.o [7]
  .text               ro code  0x0804e038    0x2f4  wwd_firmware.o [7]
  .text               ro code  0x0804e32c     0x60  xencoding_sb.o [5]
  .text               ro code  0x0804e38c      0x2  I64DivZer.o [8]
  .text               ro code  0x0804e390     0xe8  DblAdd.o [6]
  .text               ro code  0x0804e478     0x1c  iar_mutex.o [7]
  .text               ro code  0x0804e494     0x12  cexit.o [8]
  .text               ro code  0x0804e4a8     0x40  xwctob.o [5]
  .text               ro code  0x0804e4e8     0xa4  xstoll.o [5]
  .text               ro code  0x0804e58c    0x1b0  xstoull.o [5]
  .text               ro code  0x0804e73c    0x168  xstold.o [6]
  .text               ro code  0x0804e8a4     0x90  DblToFlt.o [6]
  .text               ro code  0x0804e934     0x20  stm32f4xx_tim.o [1]
  .text               ro code  0x0804e954     0x38  light_sensor.o [1]
  .text               ro code  0x0804e98c     0x3a  infrared_reflective.o [1]
  .text               ro code  0x0804e9c8     0xa8  temp_hum_sensor.o [1]
  .text               ro code  0x0804ea70    0x13a  stm32f4xx_adc.o [1]
  .text               ro code  0x0804ebac    0x144  stm32f4xx_i2c.o [1]
  .text               ro code  0x0804ecf0    0x13e  stm32f4xx_spi.o [1]
  .text               ro code  0x0804ee30    0x484  spi_flash.o [1]
  .text               ro code  0x0804f2b4   0x2444  properties.o [1]
  .text               ro code  0x080516f8     0x14  FogCloudServiceVersion.o [4]
  .text               ro code  0x0805170c    0x4f0  config_server_menu.o [1]
  .text               ro code  0x08051bfc    0x6b4  tftpc.o [2]
  .text               ro code  0x080522b0    0xa7c  tftp_ota.o [1]
  .text               ro code  0x08052d2c      0x4  system_easylink_delegate.o [1]
  .text               ro code  0x08052d30   0x1608  HTTPUtils.o [1]
  .text               ro code  0x08054338     0x8c  wiced_lib.o [7]
  .text               ro code  0x080543c4     0x44  logging.o [7]
  .text               ro code  0x08054408     0x4c  wps_host.o [7]
  .text               ro code  0x08054454     0x18  read_wifi_firmware.o [7]
  .text               ro code  0x0805446c     0x58  xcloseall.o [5]
  .text               ro code  0x080544c4    0x134  xstopfx.o [5]
  .text               ro code  0x080545f8    0x1b8  xstoflt.o [5]
  .text               ro code  0x080547b0    0x200  xdtento.o [6]
  .text               ro code  0x080549b0    0x218  xstoxflt.o [5]
  .text               ro code  0x08054bc8    0x50c  bme280_user.o [1]
  .text               ro code  0x080550d4    0x198  DHT11.o [1]
  .text               ro code  0x0805526c     0x30  spi_flash_platform.o [1]
  .text               ro code  0x0805529c     0x4e  FltToDbl.o [6]
  .text               ro code  0x080552ea     0x7a  fclose.o [5]
  .text               ro code  0x08055364     0x14  Retarget.o [1]
  .text               ro code  0x08055378     0x56  xdunscal.o [6]
  .text               ro code  0x080553d0    0x778  bme280.o [1]
  .text               ro code  0x08055b48     0x7c  xfofind.o [5]
  .text               ro code  0x08055bc4     0xb0  fflush.o [5]
  .text               ro code  0x08055c74     0x1a  close.o [9]
  .text               ro code  0x08055c8e     0x16  remove.o [9]
  .text               ro code  0x08055ca4     0xe0  XShHandles.o [5]
  .rodata             const    0x08055d84   0x1400  aes.o [7]
  .rodata             const    0x08057184   0x1400  aes.o [7]
  .text               ro code  0x08058584    0xf6c  user_properties.o [1]
  .text               ro code  0x080594f0    0x230  hsb2rgb_led.o [1]
  .rodata             const    0x08059720    0xc60  user_properties.o [1]
  .text               ro code  0x0805a380    0x3a4  hardfault.o [1]
  .rodata             const    0x0805a724    0x35c  platform.o [1]
  .rodata             const    0x0805aa80    0x30c  wwd_firmware.o [7]
  .rodata             const    0x0805ad8c    0x244  mico_cli.o [1]
  .rodata             const    0x0805afd0    0x218  MicoFogCloudConfigServer.o [1]
  .rodata             const    0x0805b1e8    0x100  smart_config.o [7]
  .rodata             const    0x0805b2e8    0x100  wwd_wifi.o [7]
  .text               ro code  0x0805b3e8     0xd6  xfspos.o [5]
  .text               ro code  0x0805b4be      0xc  xfgpos.o [5]
  .text               ro code  0x0805b4ca     0x4c  lseek.o [9]
  .text               ro code  0x0805b516     0xd2  packbits_init.o [8]
  .text               ro code  0x0805b5e8     0xb6  xfwprep.o [5]
  .text               ro code  0x0805b69e     0x22  fseek.o [5]
  .rodata             const    0x0805b6c0     0x98  config_server.o [1]
  .rodata             const    0x0805b758     0x68  wifimgr.o [7]
  .rodata             const    0x0805b7c0     0x58  smart_config.o [7]
  .text               ro code  0x0805b818     0x56  fputc.o [5]
  .rodata             const    0x0805b870     0x4c  dns.o [7]
  .rodata             const    0x0805b8bc     0x4c  dns.o [7]
  .rodata             const    0x0805b908     0x48  tcp_in.o [7]
  .rodata             const    0x0805b950     0x44  tcp_in.o [7]
  .rodata             const    0x0805b994     0x44  FogCloudMQTTClient.o [4]
  .rodata             const    0x0805b9d8     0x40  sockets.o [7]
  .rodata             const    0x0805ba18     0x40  wifimgr.o [7]
  .rodata             const    0x0805ba58     0x40  wifimgr.o [7]
  .rodata             const    0x0805ba98     0x40  udp.o [7]
  .rodata             const    0x0805bad8     0x40  udp.o [7]
  .rodata             const    0x0805bb18     0x3c  wifimgr.o [7]
  .rodata             const    0x0805bb54     0x3c  wifimgr.o [7]
  .rodata             const    0x0805bb90     0x3c  wifimgr.o [7]
  .rodata             const    0x0805bbcc     0x38  wifimgr.o [7]
  .rodata             const    0x0805bc04     0x38  wifimgr.o [7]
  .rodata             const    0x0805bc3c     0x38  memp.o [7]
  .text               ro code  0x0805bc74     0x38  micokit_ext_mfg.o [1]
  .rodata             const    0x0805bcac     0x34  smart_config.o [7]
  .rodata             const    0x0805bce0     0x30  wifimgr.o [7]
  .rodata             const    0x0805bd10     0x30  tcp_in.o [7]
  .rodata             const    0x0805bd40     0x30  etharp.o [7]
  .rodata             const    0x0805bd70     0x30  etharp.o [7]
  .rodata             const    0x0805bda0     0x30  aes.o [7]
  .rodata             const    0x0805bdd0     0x2c  wifimgr.o [7]
  .rodata             const    0x0805bdfc     0x2c  wifimgr.o [7]
  .rodata             const    0x0805be28     0x2c  wifimgr.o [7]
  .rodata             const    0x0805be54     0x2c  mftest.o [7]
  .rodata             const    0x0805be80     0x2c  etharp.o [7]
  .rodata             const    0x0805beac     0x28  wifimgr.o [7]
  .rodata             const    0x0805bed4     0x28  wifimgr.o [7]
  .rodata             const    0x0805befc     0x28  wifimgr.o [7]
  .rodata             const    0x0805bf24     0x28  wifimgr.o [7]
  .rodata             const    0x0805bf4c     0x28  wifimgr.o [7]
  .rodata             const    0x0805bf74     0x28  SDPCM.o [7]
  .rodata             const    0x0805bf9c     0x28  mftest.o [7]
  .rodata             const    0x0805bfc4     0x28  smart_config.o [7]
  .rodata             const    0x0805bfec     0x28  aes.o [7]
  .text               ro code  0x0805c014     0x28  data_init.o [8]
  .rodata             const    0x0805c03c     0x24  json_object.o [1]
  .rodata             const    0x0805c060     0x24  wifimgr.o [7]
  .rodata             const    0x0805c084     0x24  wifimgr.o [7]
  .rodata             const    0x0805c0a8     0x24  wifimgr.o [7]
  .rodata             const    0x0805c0cc     0x24  SDPCM.o [7]
  .rodata             const    0x0805c0f0     0x24  memp.o [7]
  .rodata             const    0x0805c114     0x24  mftest.o [7]
  .rodata             const    0x0805c138     0x24  smart_config.o [7]
  .rodata             const    0x0805c15c     0x24  smart_config.o [7]
  .rodata             const    0x0805c180     0x24  tcp_in.o [7]
  .rodata             const    0x0805c1a4     0x24  dhcp_server.o [7]
  .text               ro code  0x0805c1c8     0x22  fpinit_M.o [6]
  .iar.init_table     const    0x0805c1ec     0x2c  - Linker created -
  .rodata             const    0x0805c218     0x20  wifimgr.o [7]
  .rodata             const    0x0805c238     0x20  wifimgr.o [7]
  .rodata             const    0x0805c258     0x20  wifimgr.o [7]
  .rodata             const    0x0805c278     0x20  wifimgr.o [7]
  .rodata             const    0x0805c298     0x20  wifimgr.o [7]
  .rodata             const    0x0805c2b8     0x20  wifimgr.o [7]
  .rodata             const    0x0805c2d8     0x20  wifimgr.o [7]
  .rodata             const    0x0805c2f8     0x20  memp.o [7]
  .rodata             const    0x0805c318     0x20  memp.o [7]
  .rodata             const    0x0805c338     0x20  memp.o [7]
  .rodata             const    0x0805c358     0x20  mftest.o [7]
  .rodata             const    0x0805c378     0x20  mftest.o [7]
  .rodata             const    0x0805c398     0x20  mftest.o [7]
  .rodata             const    0x0805c3b8     0x20  smart_config.o [7]
  .rodata             const    0x0805c3d8     0x20  dns.o [7]
  .rodata             const    0x0805c3f8     0x20  wifi.o [7]
  .rodata             const    0x0805c418     0x20  udp.o [7]
  .rodata             const    0x0805c438     0x20  dhcp_server.o [7]
  .rodata             const    0x0805c458     0x1c  mxchipWNET.o [7]
  .rodata             const    0x0805c474     0x1c  sockets.o [7]
  .rodata             const    0x0805c490     0x1c  wifimgr.o [7]
  .rodata             const    0x0805c4ac     0x1c  wifimgr.o [7]
  .rodata             const    0x0805c4c8     0x1c  wifimgr.o [7]
  .rodata             const    0x0805c4e4     0x1c  wifimgr.o [7]
  .rodata             const    0x0805c500     0x1c  SDPCM.o [7]
  .rodata             const    0x0805c51c     0x1c  mftest.o [7]
  .rodata             const    0x0805c538     0x1c  smart_config.o [7]
  .rodata             const    0x0805c554     0x1c  smart_config.o [7]
  .rodata             const    0x0805c570     0x1c  smart_config.o [7]
  .rodata             const    0x0805c58c     0x1c  smart_config.o [7]
  .rodata             const    0x0805c5a8     0x1c  wwd_wifi.o [7]
  .text               ro code  0x0805c5c4     0x1c  crt0_EWARM.o [1]
  .text               ro code  0x0805c5e0     0x1a  cmain.o [8]
  .rodata             const    0x0805c5fc     0x18  sockets.o [7]
  .rodata             const    0x0805c614     0x18  sockets.o [7]
  .rodata             const    0x0805c62c     0x18  sockets.o [7]
  .rodata             const    0x0805c644     0x18  sockets.o [7]
  .rodata             const    0x0805c65c     0x18  wifimgr.o [7]
  .rodata             const    0x0805c674     0x18  wifimgr.o [7]
  .rodata             const    0x0805c68c     0x18  wifimgr.o [7]
  .rodata             const    0x0805c6a4     0x18  wifimgr.o [7]
  .rodata             const    0x0805c6bc     0x18  wifimgr.o [7]
  .rodata             const    0x0805c6d4     0x18  wifimgr.o [7]
  .rodata             const    0x0805c6ec     0x18  wifimgr.o [7]
  .rodata             const    0x0805c704     0x18  wifimgr.o [7]
  .rodata             const    0x0805c71c     0x18  wifimgr.o [7]
  .rodata             const    0x0805c734     0x18  wifimgr.o [7]
  .rodata             const    0x0805c74c     0x18  SDPCM.o [7]
  .rodata             const    0x0805c764     0x18  SDPCM.o [7]
  .rodata             const    0x0805c77c     0x18  mftest.o [7]
  .rodata             const    0x0805c794     0x18  mftest.o [7]
  .rodata             const    0x0805c7ac     0x18  mftest.o [7]
  .rodata             const    0x0805c7c4     0x18  smart_config.o [7]
  .rodata             const    0x0805c7dc     0x18  smart_config.o [7]
  .rodata             const    0x0805c7f4     0x18  smart_config.o [7]
  .rodata             const    0x0805c80c     0x18  smart_config.o [7]
  .rodata             const    0x0805c824     0x18  smart_config.o [7]
  .rodata             const    0x0805c83c     0x18  smart_config.o [7]
  .rodata             const    0x0805c854     0x18  smart_config.o [7]
  .rodata             const    0x0805c86c     0x18  smart_config.o [7]
  .rodata             const    0x0805c884     0x18  smart_config.o [7]
  .text               ro code  0x0805c89c     0x16  xprout.o [5]
  .text               ro code  0x0805c8b4      0xc  putchar.o [5]
  .rodata             const    0x0805c8c0     0x14  wifimgr.o [7]
  .rodata             const    0x0805c8d4     0x14  wifimgr.o [7]
  .rodata             const    0x0805c8e8     0x14  wifimgr.o [7]
  .rodata             const    0x0805c8fc     0x14  wifimgr.o [7]
  .rodata             const    0x0805c910     0x14  wifimgr.o [7]
  .rodata             const    0x0805c924     0x14  wifimgr.o [7]
  .rodata             const    0x0805c938     0x14  wifimgr.o [7]
  .rodata             const    0x0805c94c     0x14  wifimgr.o [7]
  .rodata             const    0x0805c960     0x14  wifimgr.o [7]
  .rodata             const    0x0805c974     0x14  wifimgr.o [7]
  .rodata             const    0x0805c988     0x14  wifimgr.o [7]
  .rodata             const    0x0805c99c     0x14  wifimgr.o [7]
  .rodata             const    0x0805c9b0     0x14  wifimgr.o [7]
  .rodata             const    0x0805c9c4     0x14  wifimgr.o [7]
  .rodata             const    0x0805c9d8     0x14  wifimgr.o [7]
  .rodata             const    0x0805c9ec     0x14  wifimgr.o [7]
  .rodata             const    0x0805ca00     0x14  wifimgr.o [7]
  .rodata             const    0x0805ca14     0x14  wifimgr.o [7]
  .rodata             const    0x0805ca28     0x14  SDPCM.o [7]
  .rodata             const    0x0805ca3c     0x14  mftest.o [7]
  .rodata             const    0x0805ca50     0x14  mftest.o [7]
  .rodata             const    0x0805ca64     0x14  tasks.o [7]
  .rodata             const    0x0805ca78     0x14  tasks.o [7]
  .rodata             const    0x0805ca8c     0x14  smart_config.o [7]
  .rodata             const    0x0805caa0     0x14  smart_config.o [7]
  .rodata             const    0x0805cab4     0x14  smart_config.o [7]
  .rodata             const    0x0805cac8     0x14  smart_config.o [7]
  .rodata             const    0x0805cadc     0x14  smart_config.o [7]
  .rodata             const    0x0805caf0     0x14  aes_wrap.o [7]
  .rodata             const    0x0805cb04     0x14  dns.o [7]
  .rodata             const    0x0805cb18     0x14  wwd_wifi.o [7]
  .rodata             const    0x0805cb2c     0x14  wwd_wifi.o [7]
  .rodata             const    0x0805cb40     0x14  wiced_network.o [7]
  .text               ro code  0x0805cb54     0x12  startup_stm32f411xe_IAR.o [1]
  .rodata             const    0x0805cb68     0x10  mico_config.o [1]
  .rodata             const    0x0805cb78     0x10  wiced_rtos.o [7]
  .rodata             const    0x0805cb88     0x10  wiced_rtos.o [7]
  .rodata             const    0x0805cb98     0x10  mxchipWNET.o [7]
  .rodata             const    0x0805cba8     0x10  mxchipWNET.o [7]
  .rodata             const    0x0805cbb8     0x10  wifimgr.o [7]
  .rodata             const    0x0805cbc8     0x10  wifimgr.o [7]
  .rodata             const    0x0805cbd8     0x10  wifimgr.o [7]
  .rodata             const    0x0805cbe8     0x10  wifimgr.o [7]
  .rodata             const    0x0805cbf8     0x10  wifimgr.o [7]
  .rodata             const    0x0805cc08     0x10  wifimgr.o [7]
  .rodata             const    0x0805cc18     0x10  wifimgr.o [7]
  .rodata             const    0x0805cc28     0x10  wifimgr.o [7]
  .rodata             const    0x0805cc38     0x10  wifimgr.o [7]
  .rodata             const    0x0805cc48     0x10  wifimgr.o [7]
  .rodata             const    0x0805cc58     0x10  wifimgr.o [7]
  .rodata             const    0x0805cc68     0x10  wifimgr.o [7]
  .rodata             const    0x0805cc78     0x10  SDPCM.o [7]
  .rodata             const    0x0805cc88     0x10  memp.o [7]
  .rodata             const    0x0805cc98     0x10  memp.o [7]
  .rodata             const    0x0805cca8     0x10  memp.o [7]
  .rodata             const    0x0805ccb8     0x10  memp.o [7]
  .rodata             const    0x0805ccc8     0x10  memp.o [7]
  .rodata             const    0x0805ccd8     0x10  memp.o [7]
  .rodata             const    0x0805cce8     0x10  mftest.o [7]
  .rodata             const    0x0805ccf8     0x10  mftest.o [7]
  .rodata             const    0x0805cd08     0x10  smart_config.o [7]
  .rodata             const    0x0805cd18     0x10  smart_config.o [7]
  .rodata             const    0x0805cd28     0x10  smart_config.o [7]
  .rodata             const    0x0805cd38     0x10  smart_config.o [7]
  .rodata             const    0x0805cd48     0x10  smart_config.o [7]
  .rodata             const    0x0805cd58     0x10  smart_config.o [7]
  .rodata             const    0x0805cd68     0x10  smart_config.o [7]
  .rodata             const    0x0805cd78     0x10  smart_config.o [7]
  .rodata             const    0x0805cd88     0x10  smart_config.o [7]
  .rodata             const    0x0805cd98     0x10  dns.o [7]
  .rodata             const    0x0805cda8     0x10  tcp.o [7]
  .rodata             const    0x0805cdb8     0x10  wwd_wifi.o [7]
  .rodata             const    0x0805cdc8     0x10  wwd_wifi.o [7]
  .rodata             const    0x0805cdd8     0x10  wwd_wifi.o [7]
  .rodata             const    0x0805cde8     0x10  wwd_wifi.o [7]
  .rodata             const    0x0805cdf8     0x10  wifi.o [7]
  .rodata             const    0x0805ce08     0x10  lwiptcpip.o [7]
  .rodata             const    0x0805ce18     0x10  wwd_ap.o [7]
  .rodata             const    0x0805ce28      0xc  wiced_rtos.o [7]
  .rodata             const    0x0805ce34      0xc  wifimgr.o [7]
  .rodata             const    0x0805ce40      0xc  wifimgr.o [7]
  .rodata             const    0x0805ce4c      0xc  wifimgr.o [7]
  .rodata             const    0x0805ce58      0xc  wifimgr.o [7]
  .rodata             const    0x0805ce64      0xc  wifimgr.o [7]
  .rodata             const    0x0805ce70      0xc  wifimgr.o [7]
  .rodata             const    0x0805ce7c      0xc  wifimgr.o [7]
  .rodata             const    0x0805ce88      0xc  wifimgr.o [7]
  .rodata             const    0x0805ce94      0xc  wifimgr.o [7]
  .rodata             const    0x0805cea0      0xc  wifimgr.o [7]
  .rodata             const    0x0805ceac      0xc  wifimgr.o [7]
  .rodata             const    0x0805ceb8      0xc  wifimgr.o [7]
  .rodata             const    0x0805cec4      0xc  memp.o [7]
  .rodata             const    0x0805ced0      0xc  memp.o [7]
  .rodata             const    0x0805cedc      0xc  memp.o [7]
  .rodata             const    0x0805cee8      0xc  wwd_thread.o [7]
  .rodata             const    0x0805cef4      0xc  smart_config.o [7]
  .rodata             const    0x0805cf00      0xc  smart_config.o [7]
  .rodata             const    0x0805cf0c      0xc  smart_config.o [7]
  .rodata             const    0x0805cf18      0xc  smart_config.o [7]
  .rodata             const    0x0805cf24      0xc  smart_config.o [7]
  .rodata             const    0x0805cf30      0xc  smart_config.o [7]
  .rodata             const    0x0805cf3c      0xc  smart_config.o [7]
  .rodata             const    0x0805cf48      0xc  smart_config.o [7]
  .rodata             const    0x0805cf54      0xc  smart_config.o [7]
  .rodata             const    0x0805cf60      0xc  smart_config.o [7]
  .rodata             const    0x0805cf6c      0xc  smart_config.o [7]
  .rodata             const    0x0805cf78      0xc  smart_config.o [7]
  .rodata             const    0x0805cf84      0xc  smart_config.o [7]
  .rodata             const    0x0805cf90      0xc  smart_config.o [7]
  .rodata             const    0x0805cf9c      0xc  smart_config.o [7]
  .rodata             const    0x0805cfa8      0xc  smart_config.o [7]
  .rodata             const    0x0805cfb4      0xc  smart_config.o [7]
  .rodata             const    0x0805cfc0      0xc  smart_config.o [7]
  .rodata             const    0x0805cfcc      0xc  smart_config.o [7]
  .rodata             const    0x0805cfd8      0xc  smart_config.o [7]
  .rodata             const    0x0805cfe4      0xc  smart_config.o [7]
  .rodata             const    0x0805cff0      0xc  smart_config.o [7]
  .rodata             const    0x0805cffc      0xc  smart_config.o [7]
  .rodata             const    0x0805d008      0xc  smart_config.o [7]
  .rodata             const    0x0805d014      0xc  smart_config.o [7]
  .rodata             const    0x0805d020      0xc  smart_config.o [7]
  .rodata             const    0x0805d02c      0xc  smart_config.o [7]
  .rodata             const    0x0805d038      0xc  dns.o [7]
  .rodata             const    0x0805d044      0xc  dns.o [7]
  .rodata             const    0x0805d050      0xc  dns.o [7]
  .rodata             const    0x0805d05c      0xc  wwd_wifi.o [7]
  .rodata             const    0x0805d068      0xc  wwd_wifi.o [7]
  .rodata             const    0x0805d074      0xc  wwd_wifi.o [7]
  .rodata             const    0x0805d080      0xc  wwd_wifi.o [7]
  .rodata             const    0x0805d08c      0xc  tcp_in.o [7]
  .rodata             const    0x0805d098      0xc  wwd_management.o [7]
  .rodata             const    0x0805d0a4      0xc  wwd_management.o [7]
  .rodata             const    0x0805d0b0      0xc  dns_redirect.o [7]
  .rodata             const    0x0805d0bc      0xc  dns_redirect.o [7]
  .rodata             const    0x0805d0c8      0xc  wwd_ap.o [7]
  .rodata             const    0x0805d0d4      0xc  wwd_ap.o [7]
  .rodata             const    0x0805d0e0      0xc  wwd_ap.o [7]
  .rodata             const    0x0805d0ec      0xc  wwd_internal.o [7]
  .rodata             const    0x0805d0f8      0xc  dhcp_server.o [7]
  .rodata             const    0x0805d104      0xc  wiced_lib.o [7]
  .text               ro code  0x0805d110      0xc  cstartup_M.o [8]
  .rodata             const    0x0805d11c      0x8  wiced_rtos.o [7]
  .rodata             const    0x0805d124      0x8  sockets.o [7]
  .rodata             const    0x0805d12c      0x8  sockets.o [7]
  .rodata             const    0x0805d134      0x8  sockets.o [7]
  .rodata             const    0x0805d13c      0x8  sockets.o [7]
  .rodata             const    0x0805d144      0x8  sockets.o [7]
  .rodata             const    0x0805d14c      0x8  sockets.o [7]
  .rodata             const    0x0805d154      0x8  wifimgr.o [7]
  .rodata             const    0x0805d15c      0x8  wifimgr.o [7]
  .rodata             const    0x0805d164      0x8  wifimgr.o [7]
  .rodata             const    0x0805d16c      0x8  wifimgr.o [7]
  .rodata             const    0x0805d174      0x8  wifimgr.o [7]
  .rodata             const    0x0805d17c      0x8  wifimgr.o [7]
  .rodata             const    0x0805d184      0x8  wifimgr.o [7]
  .rodata             const    0x0805d18c      0x8  wifimgr.o [7]
  .rodata             const    0x0805d194      0x8  wifimgr.o [7]
  .rodata             const    0x0805d19c      0x8  wifimgr.o [7]
  .rodata             const    0x0805d1a4      0x8  wifimgr.o [7]
  .rodata             const    0x0805d1ac      0x8  wifimgr.o [7]
  .rodata             const    0x0805d1b4      0x8  wifimgr.o [7]
  .rodata             const    0x0805d1bc      0x8  wifimgr.o [7]
  .rodata             const    0x0805d1c4      0x8  memp.o [7]
  .rodata             const    0x0805d1cc      0x8  memp.o [7]
  .rodata             const    0x0805d1d4      0x8  memp.o [7]
  .rodata             const    0x0805d1dc      0x8  memp.o [7]
  .rodata             const    0x0805d1e4      0x8  memp.o [7]
  .rodata             const    0x0805d1ec      0x8  memp.o [7]
  .rodata             const    0x0805d1f4      0x8  memp.o [7]
  .rodata             const    0x0805d1fc      0x8  memp.o [7]
  .rodata             const    0x0805d204      0x8  ostimers.o [7]
  .rodata             const    0x0805d20c      0x8  tasks.o [7]
  .rodata             const    0x0805d214      0x8  smart_config.o [7]
  .rodata             const    0x0805d21c      0x8  smart_config.o [7]
  .rodata             const    0x0805d224      0x8  smart_config.o [7]
  .rodata             const    0x0805d22c      0x8  dns.o [7]
  .rodata             const    0x0805d234      0x8  dns.o [7]
  .rodata             const    0x0805d23c      0x8  tcp.o [7]
  .rodata             const    0x0805d244      0x8  wwd_wifi.o [7]
  .rodata             const    0x0805d24c      0x8  wwd_wifi.o [7]
  .rodata             const    0x0805d254      0x8  wwd_wifi.o [7]
  .rodata             const    0x0805d25c      0x8  wwd_wifi.o [7]
  .rodata             const    0x0805d264      0x8  wwd_wifi.o [7]
  .rodata             const    0x0805d26c      0x8  tcp_in.o [7]
  .rodata             const    0x0805d274      0x8  tcp_in.o [7]
  .rodata             const    0x0805d27c      0x8  tcp_in.o [7]
  .rodata             const    0x0805d284      0x8  tcp_in.o [7]
  .rodata             const    0x0805d28c      0x8  wwd_management.o [7]
  .rodata             const    0x0805d294      0x8  wwd_management.o [7]
  .rodata             const    0x0805d29c      0x8  etharp.o [7]
  .rodata             const    0x0805d2a4      0x8  etharp.o [7]
  .rodata             const    0x0805d2ac      0x8  etharp.o [7]
  .rodata             const    0x0805d2b4      0x8  etharp.o [7]
  .rodata             const    0x0805d2bc      0x8  wwd_ap.o [7]
  .rodata             const    0x0805d2c4      0x8  wwd_network.o [7]
  .rodata             const    0x0805d2cc      0x8  dhcp_server.o [7]
  .rodata             const    0x0805d2d4      0x8  dhcp_server.o [7]
  .rodata             const    0x0805d2dc      0x8  dhcp_server.o [7]
  .rodata             const    0x0805d2e4      0x8  dhcp_server.o [7]
  .text               ro code  0x0805d2ec      0x8  startup_stm32f411xe_IAR.o [1]
  .rodata             const    0x0805d2f4      0x4  smart_config.o [7]
  .rodata             const    0x0805d2f8      0x4  smart_config.o [7]
  .rodata             const    0x0805d2fc      0x4  ip_addr.o [7]
  .rodata             const    0x0805d300      0x4  ip_addr.o [7]
  .rodata             const    0x0805d304      0x4  dhcp_server.o [7]
  .rodata             const    0x0805d308      0x4  dhcp_server.o [7]
  .rodata             const    0x0805d30c      0x4  dhcp_server.o [7]
  .rodata             const    0x0805d310      0x4  dhcp_server.o [7]
  .rodata             const    0x0805d314      0x4  dhcp_server.o [7]
  .text               ro code  0x0805d318      0x4  startup_stm32f411xe_IAR.o [1]
  .text               ro code  0x0805d31c      0x4  startup_stm32f411xe_IAR.o [1]
  .text               ro code  0x0805d320      0x4  startup_stm32f411xe_IAR.o [1]
  .text               ro code  0x0805d324      0x4  startup_stm32f411xe_IAR.o [1]
  .text               ro code  0x0805d328      0x4  startup_stm32f411xe_IAR.o [1]
  .text               ro code  0x0805d32c      0x4  startup_stm32f411xe_IAR.o [1]
  .text               ro code  0x0805d330      0x4  startup_stm32f411xe_IAR.o [1]
  .text               ro code  0x0805d334      0x4  startup_stm32f411xe_IAR.o [1]
  .text               ro code  0x0805d338      0x4  startup_stm32f411xe_IAR.o [1]
  .text               ro code  0x0805d33c      0x4  startup_stm32f411xe_IAR.o [1]
  .text               ro code  0x0805d340      0x4  startup_stm32f411xe_IAR.o [1]
  .text               ro code  0x0805d344      0x4  startup_stm32f411xe_IAR.o [1]
  .text               ro code  0x0805d348      0x4  startup_stm32f411xe_IAR.o [1]
  .text               ro code  0x0805d34c      0x4  startup_stm32f411xe_IAR.o [1]
  .text               ro code  0x0805d350      0x4  startup_stm32f411xe_IAR.o [1]
  .text               ro code  0x0805d354      0x4  startup_stm32f411xe_IAR.o [1]
  .text               ro code  0x0805d358      0x4  startup_stm32f411xe_IAR.o [1]
  .text               ro code  0x0805d35c      0x4  startup_stm32f411xe_IAR.o [1]
  .text               ro code  0x0805d360      0x4  startup_stm32f411xe_IAR.o [1]
  .text               ro code  0x0805d364      0x4  startup_stm32f411xe_IAR.o [1]
  .text               ro code  0x0805d368      0x4  startup_stm32f411xe_IAR.o [1]
  .text               ro code  0x0805d36c      0x4  startup_stm32f411xe_IAR.o [1]
  .text               ro code  0x0805d370      0x4  startup_stm32f411xe_IAR.o [1]
  .text               ro code  0x0805d374      0x4  startup_stm32f411xe_IAR.o [1]
  .text               ro code  0x0805d378      0x4  startup_stm32f411xe_IAR.o [1]
  .text               ro code  0x0805d37c      0x4  startup_stm32f411xe_IAR.o [1]
  .text               ro code  0x0805d380      0x4  startup_stm32f411xe_IAR.o [1]
  .text               ro code  0x0805d384      0x4  startup_stm32f411xe_IAR.o [1]
  .text               ro code  0x0805d388      0x4  startup_stm32f411xe_IAR.o [1]
  .text               ro code  0x0805d38c      0x4  startup_stm32f411xe_IAR.o [1]
  .text               ro code  0x0805d390      0x4  startup_stm32f411xe_IAR.o [1]
  .text               ro code  0x0805d394      0x4  startup_stm32f411xe_IAR.o [1]
  .text               ro code  0x0805d398      0x4  startup_stm32f411xe_IAR.o [1]
  .text               ro code  0x0805d39c      0x4  startup_stm32f411xe_IAR.o [1]
  .text               ro code  0x0805d3a0      0x4  startup_stm32f411xe_IAR.o [1]
  .text               ro code  0x0805d3a4      0x4  startup_stm32f411xe_IAR.o [1]
  .text               ro code  0x0805d3a8      0x4  startup_stm32f411xe_IAR.o [1]
  .text               ro code  0x0805d3ac      0x4  startup_stm32f411xe_IAR.o [1]
  .text               ro code  0x0805d3b0      0x4  startup_stm32f411xe_IAR.o [1]
  .text               ro code  0x0805d3b4      0x4  startup_stm32f411xe_IAR.o [1]
  .text               ro code  0x0805d3b8      0x4  startup_stm32f411xe_IAR.o [1]
  .text               ro code  0x0805d3bc      0x4  startup_stm32f411xe_IAR.o [1]
  .text               ro code  0x0805d3c0      0x4  startup_stm32f411xe_IAR.o [1]
  .text               ro code  0x0805d3c4      0x4  startup_stm32f411xe_IAR.o [1]
  .text               ro code  0x0805d3c8      0x4  startup_stm32f411xe_IAR.o [1]
  .text               ro code  0x0805d3cc      0x4  startup_stm32f411xe_IAR.o [1]
  .text               ro code  0x0805d3d0      0x4  startup_stm32f411xe_IAR.o [1]
  .text               ro code  0x0805d3d4      0x4  startup_stm32f411xe_IAR.o [1]
  .text               ro code  0x0805d3d8      0x0  cstart_clearlocks.o [8]
  .text               ro code  0x0805d3d8      0x0  cstart_closeall.o [8]
  .rodata             const    0x0805d3d8      0x0  zero_init3.o [8]
  .rodata             const    0x0805d3d8      0x0  packbits_init.o [8]
  Initializer bytes   ro data  0x0805d3d8    0x1d6  <for P2 s0>
                             - 0x0805d5ae  0x51416

"P2":                                      0x1d778
  P2 s0                        0x20000000    0x547  <Init block>
    .data             inited   0x20000000     0xc8  button.o [1]
    __DLIB_PERTHREAD  inited   0x200000c8     0x8c  rand.o [5]
    __DLIB_PERTHREAD  inited   0x20000154     0x88  localeconv.o [5]
    __DLIB_PERTHREAD  inited   0x200001dc     0x74  setlocale.o [5]
    .data             inited   0x20000250     0x6c  user_properties.o [1]
    .data             inited   0x200002bc     0x44  bme280_user.o [1]
    .data             inited   0x20000300     0x40  memp.o [7]
    .data             inited   0x20000340     0x40  xfiles.o [5]
    .data             inited   0x20000380     0x40  xfiles.o [5]
    .data             inited   0x200003c0     0x40  xfiles.o [5]
    .data             inited   0x20000400     0x24  platform_mcu_powersave.o [1]
    .data             inited   0x20000424     0x20  mico_mdns.o [1]
    .data             inited   0x20000444     0x20  wiced_network.o [7]
    .data             inited   0x20000464     0x20  xfiles.o [5]
    .data             inited   0x20000484      0xc  wwd_internal.o [7]
    .data             inited   0x20000490     0x1c  FogCloudUtils.o [4]
    .data             inited   0x200004ac     0x10  stm32f4xx_rcc.o [1]
    .data             inited   0x200004bc     0x10  tcp.o [7]
    .data             inited   0x200004cc      0x8  MicoFogCloudConfigServer.o [1]
    .data             inited   0x200004d4      0x8  paltform_rtc.o [1]
    .data             inited   0x200004dc      0x4  json_object.o [1]
    .data             inited   0x200004e0      0x4  json_object.o [1]
    .data             inited   0x200004e4      0x4  json_tokener.o [1]
    .data             inited   0x200004e8      0x4  mico_config.o [1]
    .data             inited   0x200004ec      0x4  mico_config.o [1]
    .data             inited   0x200004f0      0x4  user_properties.o [1]
    .data             inited   0x200004f4      0x4  user_properties.o [1]
    .data             inited   0x200004f8      0x4  wifimgr.o [7]
    .data             inited   0x200004fc      0x4  wifimgr.o [7]
    .data             inited   0x20000500      0x4  wifimgr.o [7]
    .data             inited   0x20000504      0x4  wifimgr.o [7]
    .data             inited   0x20000508      0x4  wifimgr.o [7]
    .data             inited   0x2000050c      0x4  wifimgr.o [7]
    .data             inited   0x20000510      0x4  SDPCM.o [7]
    .data             inited   0x20000514      0x4  port.o [7]
    .data             inited   0x20000518      0x4  mftest.o [7]
    .data             inited   0x2000051c      0x4  mftest.o [7]
    .data             inited   0x20000520      0x4  wwd_rtos.o [7]
    .data             inited   0x20000524      0x4  tasks.o [7]
    .data             inited   0x20000528      0x4  smart_config.o [7]
    .data             inited   0x2000052c      0x4  tcp.o [7]
    .data             inited   0x20000530      0x4  wwd_firmware.o [7]
    .data             inited   0x20000534      0x4  wifi.o [7]
    .data             inited   0x20000538      0x4  wwd_ap.o [7]
    .data             inited   0x2000053c      0x4  dhcp.o [7]
    __DLIB_PERTHREAD  inited   0x20000540      0x4  errno.o [5]
    .data             inited   0x20000544      0x1  platform_spi.o [1]
    .data             inited   0x20000545      0x1  user_properties.o [1]
    .data             inited   0x20000546      0x1  smart_config.o [7]
  .bss                zero     0x20000548   0x517c  memp.o [7]
  .bss                zero     0x200056c4    0x818  wlan_bus_sdio.o [1]
  .bss                zero     0x20005edc    0x500  smart_config.o [7]
  .bss                zero     0x200063dc    0x460  dns.o [7]
  .bss                zero     0x2000683c     0x64  dhcp_server.o [7]
  .bss                zero     0x200068a0    0x338  fogCloud.o [1]
  .bss                zero     0x20006bd8    0x204  dns.o [7]
  .bss                zero     0x20006ddc    0x1d8  dlmalloc.o [7]
  .bss                zero     0x20006fb4    0x180  sockets.o [7]
  .bss                zero     0x20007134    0x110  user_uart.o [1]
  .bss                zero     0x20007244    0x100  smart_config.o [7]
  .bss                zero     0x20007344    0x100  smart_config.o [7]
  .bss                zero     0x20007444     0xc8  tasks.o [7]
  .bss                zero     0x2000750c     0xc0  platform_gpio.o [1]
  .bss                zero     0x200075cc     0xa0  etharp.o [7]
  .bss                zero     0x2000766c     0x88  wiced_network.o [7]
  .bss                zero     0x200076f4     0x80  mico_mdns.o [1]
  .bss                zero     0x20007774     0x80  XShHandles.o [5]
  .bss                zero     0x200077f4     0x70  wifimgr.o [7]
  .bss                zero     0x20007864     0x60  sockets.o [7]
  .bss                zero     0x200078c4     0x60  FogCloudMQTTClient.o [4]
  .bss                zero     0x20007924     0x58  mico_cli.o [1]
  .bss                zero     0x2000797c     0x58  platform_init.o [1]
  .bss                zero     0x200079d4     0x50  mico_system_notification.o [1]
  .bss                zero     0x20007a24     0x50  platform.o [1]
  .bss                zero     0x20007a74     0x50  smart_config.o [7]
  .bss                zero     0x20007ac4     0x50  xfiles.o [5]
  .bss                zero     0x20007b14     0x50  xfiles.o [5]
  .bss                zero     0x20007b64     0x44  FogCloudMQTTClient.o [4]
  .bss                zero     0x20007ba8     0x44  netif.o [7]
  .bss                zero     0x20007bec     0x40  system_factory_test.o [1]
  .bss                zero     0x20007c2c     0x40  memp.o [7]
  .bss                zero     0x20007c6c     0x40  memp.o [7]
  .bss                zero     0x20007cac     0x40  smart_config.o [7]
  .bss                zero     0x20007cec     0x3c  wifimgr.o [7]
  .bss                zero     0x20007d28     0x3c  wifimgr.o [7]
  .bss                zero     0x20007d64     0x3c  wifimgr.o [7]
  .bss                zero     0x20007da0     0x3c  wifimgr.o [7]
  .bss                zero     0x20007ddc     0x3c  SDPCM.o [7]
  .bss                zero     0x20007e18     0x3c  wiced_network.o [7]
  .bss                zero     0x20007e54     0x38  wiced_network.o [7]
  .bss                zero     0x20007e8c     0x38  xsyslock_mtx.o [5]
  .bss                zero     0x20007ec4     0x34  tasks.o [7]
  .bss                zero     0x20007ef8     0x30  mftest.o [7]
  .bss                zero     0x20007f28     0x30  mftest.o [7]
  .bss                zero     0x20007f58     0x28  smart_config.o [7]
  .bss                zero     0x20007f80     0x28  dnsclient.o [7]
  .bss                zero     0x20007fa8     0x28  wiced_ping.o [7]
  .bss                zero     0x20007fd0     0x28  dhcp.o [7]
  .bss                zero     0x20007ff8     0x24  mico_platform_common.o [1]
  .bss                zero     0x2000801c     0x24  wifimgr.o [7]
  .bss                zero     0x20008040     0x20  config_server.o [1]
  .bss                zero     0x20008060     0x20  smart_config.o [7]
  .bss                zero     0x20008080     0x20  dhcp_server.o [7]
  .bss                zero     0x200080a0     0x18  platform.o [1]
  .bss                zero     0x200080b8     0x18  mftest.o [7]
  .bss                zero     0x200080d0     0x18  dlmalloc.o [7]
  .bss                zero     0x200080e8     0x14  wifimgr.o [7]
  .bss                zero     0x200080fc     0x14  mftest.o [7]
  .bss                zero     0x20008110     0x14  ostimers.o [7]
  .bss                zero     0x20008124     0x14  ostimers.o [7]
  .bss                zero     0x20008138     0x14  tasks.o [7]
  .bss                zero     0x2000814c     0x14  tasks.o [7]
  .bss                zero     0x20008160     0x14  tasks.o [7]
  .bss                zero     0x20008174     0x14  tasks.o [7]
  .bss                zero     0x20008188     0x14  tasks.o [7]
  .bss                zero     0x2000819c     0x14  tcp_in.o [7]
  .bss                zero     0x200081b0     0x14  wiced_network.o [7]
  .bss                zero     0x200081c4     0x14  wiced_network.o [7]
  .bss                zero     0x200081d8     0x10  MicoFogCloud.o [1]
  .bss                zero     0x200081e8     0x10  paltform_rtc.o [1]
  .bss                zero     0x200081f8     0x10  platform_watchdog.o [1]
  .bss                zero     0x20008208     0x10  mxchipWNET.o [7]
  .bss                zero     0x20008218     0x10  smart_config.o [7]
  .bss                zero     0x20008228     0x10  ip_addr.o [7]
  .bss                zero     0x20008238      0xc  fogcloud_msg_dispatch.o [1]
  .bss                zero     0x20008244      0xc  MICOConfigDelegate.o [1]
  .bss                zero     0x20008250      0xc  platform_flash.o [1]
  .bss                zero     0x2000825c      0xc  platform_nano_second.o [1]
  .bss                zero     0x20008268      0xc  system_easylink.o [1]
  .bss                zero     0x20008274      0xc  smart_config.o [7]
  .bss                zero     0x20008280      0xc  dhcp.o [7]
  .bss                zero     0x2000828c      0x8  micokit_ext_mfg.o [1]
  .bss                zero     0x20008294      0x8  platform.o [1]
  .bss                zero     0x2000829c      0x8  properties.o [1]
  .bss                zero     0x200082a4      0x8  wiced_rtos.o [7]
  .bss                zero     0x200082ac      0x8  wifimgr.o [7]
  .bss                zero     0x200082b4      0x8  wifimgr.o [7]
  .bss                zero     0x200082bc      0x8  wifimgr.o [7]
  .bss                zero     0x200082c4      0x8  FogCloudService.o [4]
  .bss                zero     0x200082cc      0x8  smart_config.o [7]
  .bss                zero     0x200082d4      0x8  smart_config.o [7]
  .bss                zero     0x200082dc      0x8  smart_config.o [7]
  .bss                zero     0x200082e4      0x8  dns.o [7]
  .bss                zero     0x200082ec      0x8  wifi.o [7]
  .bss                zero     0x200082f4      0x8  wwd_management.o [7]
  .bss                zero     0x200082fc      0x4  bme280.o [1]
  .bss                zero     0x20008300      0x4  mico_config.o [1]
  .bss                zero     0x20008304      0x4  mico_system_init.o [1]
  .bss                zero     0x20008308      0x4  mico_system_para_storage.o [1]
  .bss                zero     0x2000830c      0x4  MICOAppEntrance.o [1]
  .bss                zero     0x20008310      0x4  platform.o [1]
  .bss                zero     0x20008314      0x4  platform_mcu_powersave.o [1]
  .bss                zero     0x20008318      0x4  tftp_ota.o [1]
  .bss                zero     0x2000831c      0x4  wlan_platform_common.o [1]
  .bss                zero     0x20008320      0x4  wiced_rtos.o [7]
  .bss                zero     0x20008324      0x4  wiced_rtos.o [7]
  .bss                zero     0x20008328      0x4  wiced_rtos.o [7]
  .bss                zero     0x2000832c      0x4  mxchipWNET.o [7]
  .bss                zero     0x20008330      0x4  mxchipWNET.o [7]
  .bss                zero     0x20008334      0x4  mxchipWNET.o [7]
  .bss                zero     0x20008338      0x4  mxchipWNET.o [7]
  .bss                zero     0x2000833c      0x4  mxchipWNET.o [7]
  .bss                zero     0x20008340      0x4  mxchipWNET.o [7]
  .bss                zero     0x20008344      0x4  sockets.o [7]
  .bss                zero     0x20008348      0x4  sockets.o [7]
  .bss                zero     0x2000834c      0x4  sockets.o [7]
  .bss                zero     0x20008350      0x4  wifimgr.o [7]
  .bss                zero     0x20008354      0x4  wifimgr.o [7]
  .bss                zero     0x20008358      0x4  wifimgr.o [7]
  .bss                zero     0x2000835c      0x4  wifimgr.o [7]
  .bss                zero     0x20008360      0x4  wifimgr.o [7]
  .bss                zero     0x20008364      0x4  wifimgr.o [7]
  .bss                zero     0x20008368      0x4  wifimgr.o [7]
  .bss                zero     0x2000836c      0x4  wifimgr.o [7]
  .bss                zero     0x20008370      0x4  wifimgr.o [7]
  .bss                zero     0x20008374      0x4  wifimgr.o [7]
  .bss                zero     0x20008378      0x4  wifimgr.o [7]
  .bss                zero     0x2000837c      0x4  wifimgr.o [7]
  .bss                zero     0x20008380      0x4  SDPCM.o [7]
  .bss                zero     0x20008384      0x4  SDPCM.o [7]
  .bss                zero     0x20008388      0x4  SDPCM.o [7]
  .bss                zero     0x2000838c      0x4  SDPCM.o [7]
  .bss                zero     0x20008390      0x4  SDPCM.o [7]
  .bss                zero     0x20008394      0x4  SDPCM.o [7]
  .bss                zero     0x20008398      0x4  SDPCM.o [7]
  .bss                zero     0x2000839c      0x4  SDPCM.o [7]
  .bss                zero     0x200083a0      0x4  mftest.o [7]
  .bss                zero     0x200083a4      0x4  mftest.o [7]
  .bss                zero     0x200083a8      0x4  mftest.o [7]
  .bss                zero     0x200083ac      0x4  mftest.o [7]
  .bss                zero     0x200083b0      0x4  wwd_thread.o [7]
  .bss                zero     0x200083b4      0x4  wwd_thread.o [7]
  .bss                zero     0x200083b8      0x4  wwd_thread.o [7]
  .bss                zero     0x200083bc      0x4  wwd_thread.o [7]
  .bss                zero     0x200083c0      0x4  ostimers.o [7]
  .bss                zero     0x200083c4      0x4  ostimers.o [7]
  .bss                zero     0x200083c8      0x4  ostimers.o [7]
  .bss                zero     0x200083cc      0x4  ostimers.o [7]
  .bss                zero     0x200083d0      0x4  tasks.o [7]
  .bss                zero     0x200083d4      0x4  tasks.o [7]
  .bss                zero     0x200083d8      0x4  tasks.o [7]
  .bss                zero     0x200083dc      0x4  tasks.o [7]
  .bss                zero     0x200083e0      0x4  tasks.o [7]
  .bss                zero     0x200083e4      0x4  tasks.o [7]
  .bss                zero     0x200083e8      0x4  tasks.o [7]
  .bss                zero     0x200083ec      0x4  tasks.o [7]
  .bss                zero     0x200083f0      0x4  tasks.o [7]
  .bss                zero     0x200083f4      0x4  tasks.o [7]
  .bss                zero     0x200083f8      0x4  tasks.o [7]
  .bss                zero     0x200083fc      0x4  tasks.o [7]
  .bss                zero     0x20008400      0x4  tasks.o [7]
  .bss                zero     0x20008404      0x4  tasks.o [7]
  .bss                zero     0x20008408      0x4  smart_config.o [7]
  .bss                zero     0x2000840c      0x4  smart_config.o [7]
  .bss                zero     0x20008410      0x4  smart_config.o [7]
  .bss                zero     0x20008414      0x4  smart_config.o [7]
  .bss                zero     0x20008418      0x4  smart_config.o [7]
  .bss                zero     0x2000841c      0x4  smart_config.o [7]
  .bss                zero     0x20008420      0x4  smart_config.o [7]
  .bss                zero     0x20008424      0x4  smart_config.o [7]
  .bss                zero     0x20008428      0x4  smart_config.o [7]
  .bss                zero     0x2000842c      0x4  smart_config.o [7]
  .bss                zero     0x20008430      0x4  smart_config.o [7]
  .bss                zero     0x20008434      0x4  smart_config.o [7]
  .bss                zero     0x20008438      0x4  smart_config.o [7]
  .bss                zero     0x2000843c      0x4  smart_config.o [7]
  .bss                zero     0x20008440      0x4  smart_config.o [7]
  .bss                zero     0x20008444      0x4  smart_config.o [7]
  .bss                zero     0x20008448      0x4  smart_config.o [7]
  .bss                zero     0x2000844c      0x4  smart_config.o [7]
  .bss                zero     0x20008450      0x4  smart_config.o [7]
  .bss                zero     0x20008454      0x4  smart_config.o [7]
  .bss                zero     0x20008458      0x4  smart_config.o [7]
  .bss                zero     0x2000845c      0x4  wps_host.o [7]
  .bss                zero     0x20008460      0x4  wps_host.o [7]
  .bss                zero     0x20008464      0x4  dns.o [7]
  .bss                zero     0x20008468      0x4  dns.o [7]
  .bss                zero     0x2000846c      0x4  tcp.o [7]
  .bss                zero     0x20008470      0x4  tcp.o [7]
  .bss                zero     0x20008474      0x4  tcp.o [7]
  .bss                zero     0x20008478      0x4  tcp.o [7]
  .bss                zero     0x2000847c      0x4  tcp.o [7]
  .bss                zero     0x20008480      0x4  tcp.o [7]
  .bss                zero     0x20008484      0x4  tcp.o [7]
  .bss                zero     0x20008488      0x4  tcp.o [7]
  .bss                zero     0x2000848c      0x4  wwd_wifi.o [7]
  .bss                zero     0x20008490      0x4  wwd_wifi.o [7]
  .bss                zero     0x20008494      0x4  wwd_wifi.o [7]
  .bss                zero     0x20008498      0x4  wwd_wifi.o [7]
  .bss                zero     0x2000849c      0x4  wwd_wifi.o [7]
  .bss                zero     0x200084a0      0x4  wifi.o [7]
  .bss                zero     0x200084a4      0x4  wifi.o [7]
  .bss                zero     0x200084a8      0x4  wifi.o [7]
  .bss                zero     0x200084ac      0x4  wifi.o [7]
  .bss                zero     0x200084b0      0x4  wifi.o [7]
  .bss                zero     0x200084b4      0x4  tcp_in.o [7]
  .bss                zero     0x200084b8      0x4  tcp_in.o [7]
  .bss                zero     0x200084bc      0x4  tcp_in.o [7]
  .bss                zero     0x200084c0      0x4  tcp_in.o [7]
  .bss                zero     0x200084c4      0x4  tcp_in.o [7]
  .bss                zero     0x200084c8      0x4  tcp_in.o [7]
  .bss                zero     0x200084cc      0x4  igmp.o [7]
  .bss                zero     0x200084d0      0x4  igmp.o [7]
  .bss                zero     0x200084d4      0x4  igmp.o [7]
  .bss                zero     0x200084d8      0x4  igmp.o [7]
  .bss                zero     0x200084dc      0x4  lwiptcpip.o [7]
  .bss                zero     0x200084e0      0x4  lwiptcpip.o [7]
  .bss                zero     0x200084e4      0x4  lwiptcpip.o [7]
  .bss                zero     0x200084e8      0x4  mxchip_debug.o [7]
  .bss                zero     0x200084ec      0x4  mxchip_debug.o [7]
  .bss                zero     0x200084f0      0x4  dnsclient.o [7]
  .bss                zero     0x200084f4      0x4  ip.o [7]
  .bss                zero     0x200084f8      0x4  ip.o [7]
  .bss                zero     0x200084fc      0x4  ip.o [7]
  .bss                zero     0x20008500      0x4  ip.o [7]
  .bss                zero     0x20008504      0x4  ip.o [7]
  .bss                zero     0x20008508      0x4  udp.o [7]
  .bss                zero     0x2000850c      0x4  wiced_network.o [7]
  .bss                zero     0x20008510      0x4  wiced_network.o [7]
  .bss                zero     0x20008514      0x4  wwd_ap.o [7]
  .bss                zero     0x20008518      0x4  logging.o [7]
  .bss                zero     0x2000851c      0x4  logging.o [7]
  .bss                zero     0x20008520      0x4  wwd_internal.o [7]
  .bss                zero     0x20008524      0x4  lwiptimers.o [7]
  .bss                zero     0x20008528      0x4  lwiptimers.o [7]
  .bss                zero     0x2000852c      0x4  wiced_ping.o [7]
  .bss                zero     0x20008530      0x4  netif.o [7]
  .bss                zero     0x20008534      0x4  netif.o [7]
  .bss                zero     0x20008538      0x4  raw.o [7]
  .bss                zero     0x2000853c      0x4  MQTTPacket.o [4]
[...]
wiced_bus_allow_wlan_bus_to_sleep
                        0x0803a1d9    0x22  Code  Gb  wwd_bus_protocol.o [7]
wiced_bus_deinit        0x08039bf5    0x14  Code  Gb  wwd_bus_protocol.o [7]
wiced_bus_ensure_wlan_bus_is_up
                        0x0803a13b    0x72  Code  Gb  wwd_bus_protocol.o [7]
wiced_bus_flow_controlled
                        0x20008575     0x1  Data  Lc  wwd_bus_protocol.o [7]
wiced_bus_init          0x080398f1   0x304  Code  Gb  wwd_bus_protocol.o [7]
wiced_bus_interrupt     0x20008561     0x1  Data  Lc  wwd_thread.o [7]
wiced_bus_is_flow_controlled
                        0x0803a1d3     0x6  Code  Gb  wwd_bus_protocol.o [7]
wiced_bus_poke_wlan     0x0803a1ad     0xe  Code  Gb  wwd_bus_protocol.o [7]
wiced_bus_process_interrupt
                        0x08039c09    0x22  Code  Gb  wwd_bus_protocol.o [7]
wiced_bus_set_flow_control
                        0x0803a1bb    0x18  Code  Gb  wwd_bus_protocol.o [7]
wiced_bus_transfer_buffer
                        0x080398b9    0x38  Code  Gb  wwd_bus_protocol.o [7]
wiced_bus_transfer_bytes
                        0x08039e11    0x16  Code  Gb  wwd_bus_protocol.o [7]
wiced_device_core_is_up
                        0x0804de8d    0x5c  Code  Gb  wwd_internal.o [7]
wiced_dhcp_handle       0x20007e18    0x3c  Data  Gb  wiced_network.o [7]
wiced_disable_device_core
                        0x0804dee9    0x9e  Code  Gb  wwd_internal.o [7]
wiced_dns_redirector_start
                        0x08032e41    0x42  Code  Gb  dns_redirect.o [7]
wiced_dns_redirector_stop
                        0x08032e83    0x30  Code  Gb  dns_redirect.o [7]
wiced_download_firmware
                        0x08039fc1    0xfa  Code  Lc  wwd_bus_protocol.o [7]
wiced_get_available_bus_credits
                        0x08033fbb     0xe  Code  Gb  SDPCM.o [7]
wiced_get_core_address  0x0804de81     0xc  Code  Lc  wwd_internal.o [7]
wiced_get_ioctl_buffer  0x08033ed1    0x26  Code  Gb  SDPCM.o [7]
wiced_get_iovar_buffer  0x08033e69    0x68  Code  Gb  SDPCM.o [7]
wiced_get_mac_addr      0x08027edd    0x10  Code  Gb  wwd_management.o [7]
wiced_get_next_buffer_in_queue
                        0x08034059     0xa  Code  Lc  SDPCM.o [7]
wiced_get_packet_to_send
                        0x08033ef7    0xc4  Code  Gb  SDPCM.o [7]
wiced_handle_apsta_event
                        0x08033009    0x2e  Code  Lc  wwd_ap.o [7]
wiced_init              0x0801d7c9    0x84  Code  Gb  wifi.o [7]
wiced_init_sdpcm        0x08033501    0xe4  Code  Gb  SDPCM.o [7]
wiced_inited            0x20008560     0x1  Data  Lc  wwd_thread.o [7]
wiced_initialised       0x2000856d     0x1  Data  Lc  wifi.o [7]
wiced_ioctl_response    0x20008384     0x4  Data  Lc  SDPCM.o [7]
wiced_ioctl_sleep       0x20008388     0x4  Data  Lc  SDPCM.o [7]
wiced_ip_broadcast      0x0805cb40    0x14  Data  Gb  wiced_network.o [7]
wiced_ip_down           0x080323b9    0x7e  Code  Gb  wiced_network.o [7]
wiced_ip_get_gateway_address
                        0x080206b1    0x24  Code  Gb  tcpip.o [7]
wiced_ip_get_ipaddr     0x080206f9    0x56  Code  Gb  tcpip.o [7]
wiced_ip_get_ipv4_address
                        0x08020a73    0x24  Code  Gb  tcpip.o [7]
wiced_ip_get_netmask    0x080206d5    0x24  Code  Gb  tcpip.o [7]
wiced_ip_handle         0x2000766c    0x88  Data  Gb  wiced_network.o [7]
wiced_ip_up             0x08032149   0x270  Code  Gb  wiced_network.o [7]
wiced_join_events_handler
                        0x08022df1   0x12a  Code  Lc  wwd_wifi.o [7]
wiced_join_status       0x20008498     0x4  Data  Gb  wwd_wifi.o [7]
wiced_mac_addr          0x200082f4     0x8  Data  Lc  wwd_management.o [7]
wiced_management_init   0x08027cc9    0x1e  Code  Gb  wwd_management.o [7]
wiced_management_set_event_handler
                        0x08033cd5     0xa  Code  Gb  SDPCM.o [7]
wiced_management_wifi_off
                        0x08027e8d    0x50  Code  Gb  wwd_management.o [7]
wiced_management_wifi_on
                        0x08027ce7   0x1a6  Code  Gb  wwd_management.o [7]
wiced_network_init      0x08032079    0x96  Code  Gb  wiced_network.o [7]
wiced_network_link_renew_handler
                        0x08032437    0x18  Code  Gb  wiced_network.o [7]
wiced_network_resume    0x08032135    0x14  Code  Gb  wiced_network.o [7]
wiced_network_send_ethernet_data
                        0x08033663    0x8a  Code  Gb  SDPCM.o [7]
wiced_network_suspend   0x08032121    0x14  Code  Gb  wiced_network.o [7]
wiced_networking_worker_thread
                        0x200082a4     0x8  Data  Gb  wiced_rtos.o [7]
wiced_packet_create_tcp
                        0x08020943    0x6c  Code  Gb  tcpip.o [7]
wiced_packet_create_udp
                        0x080209af    0x12  Code  Gb  tcpip.o [7]
wiced_packet_delete     0x080209c1     0xa  Code  Gb  tcpip.o [7]
wiced_packet_get_data   0x080209fd    0x76  Code  Gb  tcpip.o [7]
wiced_packet_set_data_end
                        0x080209cb    0x16  Code  Gb  tcpip.o [7]
wiced_ping              0x08020689    0x28  Code  Gb  tcpip.o [7]
wiced_ping_send         0x0803690d    0x8c  Code  Gb  wiced_ping.o [7]
wiced_process_bus_credit_update
                        0x080336ed    0x72  Code  Gb  SDPCM.o [7]
wiced_process_sdpcm     0x0803375f   0x372  Code  Gb  SDPCM.o [7]
wiced_quit_sdpcm        0x080335e5    0x4e  Code  Gb  SDPCM.o [7]
wiced_read_backplane_value
                        0x08039dbd    0x36  Code  Gb  wwd_bus_protocol.o [7]
wiced_read_frame        0x08039c2b   0x160  Code  Gb  wwd_bus_protocol.o [7]
wiced_read_register_value
                        0x0803a109    0x32  Code  Lc  wwd_bus_protocol.o [7]
wiced_receive_one_packet
                        0x0803a303    0x38  Code  Gb  wwd_thread.o [7]
wiced_reset_device_core
                        0x0804df87    0x9e  Code  Gb  wwd_internal.o [7]
wiced_rtos_create_thread
                        0x08010321    0x4e  Code  Gb  wiced_rtos.o [7]
wiced_rtos_create_worker_thread
                        0x080105bb    0x5a  Code  Gb  wiced_rtos.o [7]
wiced_rtos_deinit_queue
                        0x080104fb     0xc  Code  Gb  wiced_rtos.o [7]
wiced_rtos_deinit_semaphore
                        0x08010483    0x16  Code  Gb  wiced_rtos.o [7]
wiced_rtos_deinit_timer
                        0x0801057d    0x22  Code  Gb  wiced_rtos.o [7]
wiced_rtos_delay_milliseconds
                        0x080103d1     0xa  Code  Gb  wiced_rtos.o [7]
wiced_rtos_delete_thread
                        0x0801036f    0x24  Code  Gb  wiced_rtos.o [7]
wiced_rtos_deregister_timed_event
                        0x0801065d    0x24  Code  Gb  wiced_rtos.o [7]
wiced_rtos_get_semaphore
                        0x0801041b    0x22  Code  Gb  wiced_rtos.o [7]
wiced_rtos_init         0x080102ff    0x22  Code  Gb  wiced_rtos.o [7]
wiced_rtos_init_queue   0x08010499    0x1e  Code  Gb  wiced_rtos.o [7]
wiced_rtos_init_semaphore
                        0x080103f9    0x22  Code  Gb  wiced_rtos.o [7]
wiced_rtos_init_timer   0x0801051d    0x36  Code  Gb  wiced_rtos.o [7]
wiced_rtos_is_current_thread
                        0x080103ad    0x18  Code  Gb  wiced_rtos.o [7]
wiced_rtos_pop_from_queue
                        0x080104d9    0x22  Code  Gb  wiced_rtos.o [7]
wiced_rtos_push_to_queue
                        0x080104b7    0x22  Code  Gb  wiced_rtos.o [7]
wiced_rtos_register_timed_event
                        0x08010615    0x48  Code  Gb  wiced_rtos.o [7]
wiced_rtos_send_asynchronous_event
                        0x08010681    0x14  Code  Gb  wiced_rtos.o [7]
wiced_rtos_set_semaphore
                        0x0801043d    0x46  Code  Gb  wiced_rtos.o [7]
wiced_rtos_start_timer  0x08010553    0x2a  Code  Gb  wiced_rtos.o [7]
wiced_rtos_thread_force_awake
                        0x080103c5     0xc  Code  Gb  wiced_rtos.o [7]
wiced_rtos_thread_join  0x08010393    0x1a  Code  Gb  wiced_rtos.o [7]
wiced_sdio_redirect_oob_interrupt
                        0x0803a1fb    0x36  Code  Lc  wwd_bus_protocol.o [7]
wiced_sdio_transfer     0x08039e27    0x92  Code  Lc  wwd_bus_protocol.o [7]
wiced_sdpcm_ioctl_mutex
                        0x20008380     0x4  Data  Lc  SDPCM.o [7]
wiced_sdpcm_send_queue_head
                        0x20008394     0x4  Data  Lc  SDPCM.o [7]
wiced_sdpcm_send_queue_mutex
                        0x20008390     0x4  Data  Lc  SDPCM.o [7]
wiced_sdpcm_send_queue_tail
                        0x20008398     0x4  Data  Lc  SDPCM.o [7]
wiced_send_ioctl        0x08033ad5   0x200  Code  Gb  SDPCM.o [7]
wiced_send_iovar        0x08033633    0x30  Code  Gb  SDPCM.o [7]
wiced_send_one_packet   0x0803a2c3    0x40  Code  Gb  wwd_thread.o [7]
wiced_send_sdpcm_common
                        0x08033fc9    0x90  Code  Lc  SDPCM.o [7]
wiced_set_backplane_window
                        0x0804ddd9    0xa8  Code  Gb  wwd_internal.o [7]
wiced_set_next_buffer_in_queue
                        0x08034063     0xe  Code  Lc  SDPCM.o [7]
wiced_start_dhcp_server
                        0x0804b4f1    0x58  Code  Gb  dhcp_server.o [7]
wiced_stop_dhcp         0x0803244f     0x8  Code  Gb  wiced_network.o [7]
wiced_stop_dhcp_server  0x0804b549    0x2a  Code  Gb  dhcp_server.o [7]
wiced_tcp_bind          0x08020857    0x4a  Code  Gb  tcpip.o [7]
wiced_tcp_connect       0x080207ad    0xaa  Code  Gb  tcpip.o [7]
wiced_tcp_create_socket
                        0x0802074f    0x5e  Code  Gb  tcpip.o [7]
wiced_tcp_send_packet   0x080208a1    0x20  Code  Gb  tcpip.o [7]
wiced_tcp_start_tls     0x08037083     0x6  Code  Gb  mxchipbesl.o [7]
wiced_thread            0x200083b8     0x4  Data  Lc  wwd_thread.o [7]
wiced_thread_func       0x0803a39d   0x108  Code  Lc  wwd_thread.o [7]
wiced_thread_init       0x0803a275    0x4e  Code  Gb  wwd_thread.o [7]
wiced_thread_notify     0x0803a385    0x14  Code  Gb  wwd_thread.o [7]
wiced_thread_quit       0x0803a33b    0x28  Code  Gb  wwd_thread.o [7]
wiced_thread_quit_flag  0x2000855f     0x1  Data  Lc  wwd_thread.o [7]
wiced_time_get_time     0x080103db    0x1e  Code  Gb  wiced_rtos.o [7]
wiced_time_offset       0x20008324     0x4  Data  Lc  wiced_rtos.o [7]
wiced_tls_encrypt_packet
                        0x0803707d     0x6  Code  Gb  mxchipbesl.o [7]
wiced_transceive_semaphore
                        0x200083bc     0x4  Data  Lc  wwd_thread.o [7]
wiced_udp_create_socket
                        0x08020a97    0x7c  Code  Gb  tcpip.o [7]
wiced_udp_delete_socket
                        0x08020bcd    0x1e  Code  Gb  tcpip.o [7]
wiced_udp_packet_get_info
                        0x080209e1    0x1c  Code  Gb  tcpip.o [7]
wiced_udp_receive       0x08020b8f    0x3e  Code  Gb  tcpip.o [7]
wiced_udp_send          0x08020b13    0x7c  Code  Gb  tcpip.o [7]
wiced_using_dhcp        0x20008571     0x1  Data  Lc  wiced_network.o [7]
wiced_wifi_add_packet_filter
                        0x0802351d    0x86  Code  Gb  wwd_wifi.o [7]
wiced_wifi_ap_is_up     0x20008573     0x1  Data  Gb  wwd_ap.o [7]
wiced_wifi_disable_monitor_mode
                        0x080233d1    0x5c  Code  Gb  wwd_wifi.o [7]
wiced_wifi_enable_monitor_mode
                        0x0802336d    0x5c  Code  Gb  wwd_wifi.o [7]
wiced_wifi_enable_packet_filter
                        0x080235d7     0xc  Code  Gb  wwd_wifi.o [7]
wiced_wifi_enable_powersave_with_throughput
                        0x08023019    0x8a  Code  Gb  wwd_wifi.o [7]
wiced_wifi_get_ap_name  0x08023621    0x72  Code  Gb  wwd_wifi.o [7]
wiced_wifi_get_channel  0x08023455     0xc  Code  Gb  wwd_wifi.o [7]
wiced_wifi_get_mac_address
                        0x08022f1b    0x4e  Code  Gb  wwd_wifi.o [7]
wiced_wifi_get_pmk      0x080230b5    0x86  Code  Gb  wwd_wifi.o [7]
wiced_wifi_get_rssi     0x08023321    0x4c  Code  Gb  wwd_wifi.o [7]
wiced_wifi_get_wifi_version
                        0x080236ef    0x52  Code  Gb  wwd_wifi.o [7]
wiced_wifi_is_packet_from_ap
                        0x0803348d     0xe  Code  Gb  wwd_ap.o [7]
wiced_wifi_is_ready_to_transceive
                        0x08022fa5    0x70  Code  Gb  wwd_wifi.o [7]
wiced_wifi_join         0x08022757   0x108  Code  Gb  wwd_wifi.o [7]
wiced_wifi_join_specific
                        0x0802285f   0x194  Code  Gb  wwd_wifi.o [7]
wiced_wifi_leave        0x08022d89    0x66  Code  Gb  wwd_wifi.o [7]
wiced_wifi_prepare_join
                        0x080229f3   0x396  Code  Lc  wwd_wifi.o [7]
wiced_wifi_register_multicast_address
                        0x0802313b    0xd0  Code  Gb  wwd_wifi.o [7]
wiced_wifi_remove_packet_filter
                        0x080235a9    0x2e  Code  Gb  wwd_wifi.o [7]
wiced_wifi_scan         0x080222c1   0x12c  Code  Gb  wwd_wifi.o [7]
wiced_wifi_scan_networks
                        0x0801d84d   0x11c  Code  Gb  wifi.o [7]
wiced_wifi_set_channel  0x0802349f     0xc  Code  Gb  wwd_wifi.o [7]
wiced_wifi_set_down     0x08023431    0x20  Code  Gb  wwd_wifi.o [7]
wiced_wifi_set_maxassoc
                        0x08023741    0x2c  Code  Gb  wwd_wifi.o [7]
wiced_wifi_set_nmode    0x08022f71    0x2e  Code  Gb  wwd_wifi.o [7]
wiced_wifi_sleep_flag   0x20008514     0x4  Data  Lc  wwd_ap.o [7]
wiced_wifi_start_ap     0x08033037   0x332  Code  Gb  wwd_ap.o [7]
wiced_wifi_stop_ap      0x0803336d    0xea  Code  Gb  wwd_ap.o [7]
wiced_wifi_stop_scan    0x080223ed    0x58  Code  Gb  wwd_wifi.o [7]
wiced_wifi_toggle_packet_filter
                        0x080235e3    0x32  Code  Gb  wwd_wifi.o [7]
wiced_wifi_unregister_multicast_address
                        0x0802320b    0xf0  Code  Gb  wwd_wifi.o [7]
wiced_wlan_status       0x20000484     0xc  Data  Gb  wwd_internal.o [7]
wiced_write_backplane_value
                        0x08039d8b    0x32  Code  Gb  wwd_bus_protocol.o [7]
wiced_write_register_value
                        0x08039df3    0x1e  Code  Gb  wwd_bus_protocol.o [7]
wiced_write_wifi_firmware_image
                        0x0804e039    0xbe  Code  Gb  wwd_firmware.o [7]
wiced_write_wifi_nvram_image
                        0x0804e0f7   0x160  Code  Gb  wwd_firmware.o [7]
wifi_control_pins       0x0805aa38    0x10  Data  Gb  platform.o [1]
wifi_join_aping         0x2000856c     0x1  Data  Lc  wwd_wifi.o [7]
wifi_mgmt_parse         0x08025a19   0x10e  Code  Lc  smart_config.o [7]
wifi_nvram_image        0x0805aa80   0x30c  Data  Lc  wwd_firmware.o [7]
wifi_power_down         0x08012363    0x26  Code  Gb  mxchipWNET.o [7]
wifi_power_is_down      0x20008330     0x4  Data  Lc  mxchipWNET.o [7]
wifi_reboot_event       0x0801dd35    0x16  Code  Gb  mico_system_notification.o [1]
wifi_reboot_only        0x0801f491    0x34  Code  Gb  wifimgr.o [7]
wifi_sdio_pins          0x0805aa48    0x38  Data  Gb  platform.o [1]
wifi_status_callback    0x08011e03    0x74  Code  Gb  mxchipWNET.o [7]
wifi_up                 0x20008318     0x4  Data  Lc  tftp_ota.o [1]
wifidebug_Command       0x0801fbc1    0x70  Code  Gb  wifimgr.o [7]
wifimgr_debug_enable    0x0801e019    0x1c  Code  Gb  wifimgr.o [7]
wifimgr_sem             0x20008360     0x4  Data  Lc  wifimgr.o [7]
wifimgr_thread          0x0801f5f9   0x148  Code  Lc  wifimgr.o [7]
wifiscan_Command        0x0801fc7d   0x268  Code  Gb  wifimgr.o [7]
wifistate_Command       0x0801f9dd   0x1da  Code  Gb  wifimgr.o [7]
wlan_disconnect         0x0801e9b1    0x48  Code  Gb  wifimgr.o [7]
wlan_driver_version     0x08012413     0xa  Code  Gb  mxchipWNET.o [7]
wlan_get_mac_address    0x0801f347     0x8  Code  Gb  wifimgr.o [7]
wlan_init               0x0801f465    0x28  Code  Gb  wifimgr.o [7]
wlan_notify_irq         0x0803a363    0x22  Code  Gb  wwd_thread.o [7]
wlu_is_ali_ie           0x08024e23    0x36  Code  Lc  smart_config.o [7]
wlu_is_wpa_ie           0x080236b9    0x36  Code  Lc  wwd_wifi.o [7]
wlu_parse_tlvs          0x08024dfd    0x26  Code  Lc  smart_config.o [7]
wlu_parse_tlvs          0x08023693    0x26  Code  Lc  wwd_wifi.o [7]
work_mode               0x20008458     0x4  Data  Lc  smart_config.o [7]
worker_thread_main      0x0801059f    0x1c  Code  Lc  wiced_rtos.o [7]
wps_running             0x20008567     0x1  Data  Lc  wps_host.o [7]
write                   0x0801223d     0xa  Code  Gb  mxchipWNET.o [7]
writeCString            0x0803194f    0x38  Code  Gb  MQTTPacket.o [4]
writeChar               0x0803192f     0x4  Code  Gb  MQTTPacket.o [4]
writeInt                0x08031933    0x12  Code  Gb  MQTTPacket.o [4]
writeMQTTString         0x08031987    0x58  Code  Gb  MQTTPacket.o [4]
wwd_management_set_event_handler
                        0x08033cdf   0x18a  Code  Gb  SDPCM.o [7]
wwd_thread_line         0x200083b0     0x4  Data  Gb  wwd_thread.o [7]
wwd_wifi_get_channel    0x08023461    0x3e  Code  Gb  wwd_wifi.o [7]
wwd_wifi_set_channel    0x080234ab    0x62  Code  Gb  wwd_wifi.o [7]
xActiveTimerList1       0x20008110    0x14  Data  Lc  ostimers.o [7]
xActiveTimerList2       0x20008124    0x14  Data  Lc  ostimers.o [7]
xDelayedTaskList1       0x20008138    0x14  Data  Lc  tasks.o [7]
xDelayedTaskList2       0x2000814c    0x14  Data  Lc  tasks.o [7]
xMissedYield            0x200083fc     0x4  Data  Lc  tasks.o [7]
xNextTaskUnblockTime    0x20000524     0x4  Data  Lc  tasks.o [7]
xNumOfOverflows         0x20008400     0x4  Data  Lc  tasks.o [7]
xPendingReadyList       0x20008160    0x14  Data  Lc  tasks.o [7]
xPortPendSVHandler      0x0802c783          Code  Gb  portasm.o [7]
xPortStartScheduler     0x0801c42b    0x3c  Code  Gb  port.o [7]
xPortSysTickHandler     0x0801c49d    0x1a  Code  Gb  port.o [7]
xQueueCreateCountingSemaphore
                        0x0801becf    0x14  Code  Gb  queue.o [7]
xQueueCreateMutex       0x0801be73    0x5c  Code  Gb  queue.o [7]
xQueueGenericCreate     0x0801bdf5    0x7e  Code  Gb  queue.o [7]
xQueueGenericReceive    0x0801c00d   0x156  Code  Gb  queue.o [7]
xQueueGenericSend       0x0801bee3    0xd4  Code  Gb  queue.o [7]
xQueueGenericSendFromISR
                        0x0801bfb7    0x56  Code  Gb  queue.o [7]
xQueueIsQueueEmptyFromISR
                        0x0801c2a1     0xe  Code  Gb  queue.o [7]
xQueueIsQueueFullFromISR
                        0x0801c2cd    0x10  Code  Gb  queue.o [7]
xSchedulerRunning       0x200083f0     0x4  Data  Lc  tasks.o [7]
xSuspendedTaskList      0x20008188    0x14  Data  Lc  tasks.o [7]
xTaskCheckForTimeOut    0x0801abe3    0x60  Code  Gb  tasks.o [7]
xTaskForceAwakeClearPending
                        0x0801a761     0xc  Code  Gb  tasks.o [7]
xTaskForceAwakePending  0x0801a757     0xa  Code  Gb  tasks.o [7]
xTaskGenericCreate      0x0801a4b9   0x130  Code  Gb  tasks.o [7]
xTaskGetCurrentTaskHandle
                        0x0801af43     0x6  Code  Gb  tasks.o [7]
xTaskGetCurrentThread   0x0801a703     0x8  Code  Gb  tasks.o [7]
xTaskGetSchedulerState  0x0801af49    0x1c  Code  Gb  tasks.o [7]
xTaskGetTickCount       0x0801a89b    0x14  Code  Gb  tasks.o [7]
xTaskGetTickCountFromISR
                        0x0801a8af    0x16  Code  Gb  tasks.o [7]
xTaskIsTaskFinished     0x0801a693    0x70  Code  Gb  tasks.o [7]
xTaskRemoveFromEventList
                        0x0801ab71    0x62  Code  Gb  tasks.o [7]
xTaskResumeAll          0x0801a7c9    0xd2  Code  Gb  tasks.o [7]
xTasksWaitingTermination
                        0x20008174    0x14  Data  Lc  tasks.o [7]
xTickCount              0x200083e4     0x4  Data  Lc  tasks.o [7]
xTimerCreate            0x0801c52f    0x4c  Code  Gb  ostimers.o [7]
xTimerCreateTimerTask   0x0801c4f5    0x3a  Code  Gb  ostimers.o [7]
xTimerGenericCommand    0x0801c57b    0x52  Code  Gb  ostimers.o [7]
xTimerQueue             0x200083c8     0x4  Data  Lc  ostimers.o [7]
xorbuf                  0x0804c08f    0x32  Code  Lc  aes.o [7]


[1] = C:\OneDrive\CODE\MICO\SDK_MiCOKit_v2.4.0.0\Build\MiCOKit_Enjoy\MiCOKit-3165\obj_EWARM
[2] = C:\OneDrive\CODE\MICO\SDK_MiCOKit_v2.4.0.0\MICO\system\tftp_ota
[3] = command line
[4] = FogCloud_cm4_debug.a
[5] = dl7M_tlf.a
[6] = m7M_tlv.a
[7] = mxchipWNet_cm4f_sdio.a
[8] = rt7M_tl.a
[9] = shb_l.a

  309 168 bytes of readonly  code memory
   24 062 bytes of readonly  data memory
  120 695 bytes of readwrite data memory

Errors: none
Warnings: none
